<!doctype html public "-//w3c//dtd html 4.0 transitional//en">
<html><head>
<title>Static Call Graph - [test_board\test_board.axf]</title></head>
<body><HR>
<H1>Static Call Graph for image test_board\test_board.axf</H1><HR>
<BR><P>#&#060CALLGRAPH&#062# ARM Linker, 5060750: Last Updated: Mon Aug 03 20:22:06 2020
<BR><P>
<H3>Maximum Stack Usage =        480 bytes + Unknown(Cycles, Untraceable Function Pointers)</H3><H3>
Call chain for Maximum Stack Depth:</H3>
main &rArr; process_cmd &rArr; HAL_UART_Transmit &rArr; UART_WaitOnFlagUntilTimeout
<P>
<H3>
Mutually Recursive functions
</H3> <LI><a href="#[25]">ADC_IRQHandler</a>&nbsp;&nbsp;&nbsp;&rArr;&nbsp;&nbsp;&nbsp;<a href="#[25]">ADC_IRQHandler</a><BR>
 <LI><a href="#[d]">BusFault_Handler</a>&nbsp;&nbsp;&nbsp;&rArr;&nbsp;&nbsp;&nbsp;<a href="#[d]">BusFault_Handler</a><BR>
 <LI><a href="#[b]">HardFault_Handler</a>&nbsp;&nbsp;&nbsp;&rArr;&nbsp;&nbsp;&nbsp;<a href="#[b]">HardFault_Handler</a><BR>
 <LI><a href="#[c]">MemManage_Handler</a>&nbsp;&nbsp;&nbsp;&rArr;&nbsp;&nbsp;&nbsp;<a href="#[c]">MemManage_Handler</a><BR>
 <LI><a href="#[e]">UsageFault_Handler</a>&nbsp;&nbsp;&nbsp;&rArr;&nbsp;&nbsp;&nbsp;<a href="#[e]">UsageFault_Handler</a><BR>
</UL>
<P>
<H3>
Function Pointers
</H3><UL>
 <LI><a href="#[25]">ADC_IRQHandler</a> from startup_stm32f205xx.o(.text) referenced from startup_stm32f205xx.o(RESET)
 <LI><a href="#[d]">BusFault_Handler</a> from stm32f2xx_it.o(i.BusFault_Handler) referenced from startup_stm32f205xx.o(RESET)
 <LI><a href="#[27]">CAN1_RX0_IRQHandler</a> from startup_stm32f205xx.o(.text) referenced from startup_stm32f205xx.o(RESET)
 <LI><a href="#[28]">CAN1_RX1_IRQHandler</a> from startup_stm32f205xx.o(.text) referenced from startup_stm32f205xx.o(RESET)
 <LI><a href="#[29]">CAN1_SCE_IRQHandler</a> from startup_stm32f205xx.o(.text) referenced from startup_stm32f205xx.o(RESET)
 <LI><a href="#[26]">CAN1_TX_IRQHandler</a> from startup_stm32f205xx.o(.text) referenced from startup_stm32f205xx.o(RESET)
 <LI><a href="#[51]">CAN2_RX0_IRQHandler</a> from startup_stm32f205xx.o(.text) referenced from startup_stm32f205xx.o(RESET)
 <LI><a href="#[52]">CAN2_RX1_IRQHandler</a> from startup_stm32f205xx.o(.text) referenced from startup_stm32f205xx.o(RESET)
 <LI><a href="#[53]">CAN2_SCE_IRQHandler</a> from startup_stm32f205xx.o(.text) referenced from startup_stm32f205xx.o(RESET)
 <LI><a href="#[50]">CAN2_TX_IRQHandler</a> from startup_stm32f205xx.o(.text) referenced from startup_stm32f205xx.o(RESET)
 <LI><a href="#[1e]">DMA1_Stream0_IRQHandler</a> from startup_stm32f205xx.o(.text) referenced from startup_stm32f205xx.o(RESET)
 <LI><a href="#[1f]">DMA1_Stream1_IRQHandler</a> from startup_stm32f205xx.o(.text) referenced from startup_stm32f205xx.o(RESET)
 <LI><a href="#[20]">DMA1_Stream2_IRQHandler</a> from startup_stm32f205xx.o(.text) referenced from startup_stm32f205xx.o(RESET)
 <LI><a href="#[21]">DMA1_Stream3_IRQHandler</a> from startup_stm32f205xx.o(.text) referenced from startup_stm32f205xx.o(RESET)
 <LI><a href="#[22]">DMA1_Stream4_IRQHandler</a> from startup_stm32f205xx.o(.text) referenced from startup_stm32f205xx.o(RESET)
 <LI><a href="#[23]">DMA1_Stream5_IRQHandler</a> from startup_stm32f205xx.o(.text) referenced from startup_stm32f205xx.o(RESET)
 <LI><a href="#[24]">DMA1_Stream6_IRQHandler</a> from startup_stm32f205xx.o(.text) referenced from startup_stm32f205xx.o(RESET)
 <LI><a href="#[42]">DMA1_Stream7_IRQHandler</a> from startup_stm32f205xx.o(.text) referenced from startup_stm32f205xx.o(RESET)
 <LI><a href="#[4b]">DMA2_Stream0_IRQHandler</a> from startup_stm32f205xx.o(.text) referenced from startup_stm32f205xx.o(RESET)
 <LI><a href="#[4c]">DMA2_Stream1_IRQHandler</a> from startup_stm32f205xx.o(.text) referenced from startup_stm32f205xx.o(RESET)
 <LI><a href="#[4d]">DMA2_Stream2_IRQHandler</a> from startup_stm32f205xx.o(.text) referenced from startup_stm32f205xx.o(RESET)
 <LI><a href="#[4e]">DMA2_Stream3_IRQHandler</a> from startup_stm32f205xx.o(.text) referenced from startup_stm32f205xx.o(RESET)
 <LI><a href="#[4f]">DMA2_Stream4_IRQHandler</a> from startup_stm32f205xx.o(.text) referenced from startup_stm32f205xx.o(RESET)
 <LI><a href="#[55]">DMA2_Stream5_IRQHandler</a> from startup_stm32f205xx.o(.text) referenced from startup_stm32f205xx.o(RESET)
 <LI><a href="#[56]">DMA2_Stream6_IRQHandler</a> from startup_stm32f205xx.o(.text) referenced from startup_stm32f205xx.o(RESET)
 <LI><a href="#[57]">DMA2_Stream7_IRQHandler</a> from startup_stm32f205xx.o(.text) referenced from startup_stm32f205xx.o(RESET)
 <LI><a href="#[10]">DebugMon_Handler</a> from stm32f2xx_it.o(i.DebugMon_Handler) referenced from startup_stm32f205xx.o(RESET)
 <LI><a href="#[19]">EXTI0_IRQHandler</a> from startup_stm32f205xx.o(.text) referenced from startup_stm32f205xx.o(RESET)
 <LI><a href="#[3b]">EXTI15_10_IRQHandler</a> from startup_stm32f205xx.o(.text) referenced from startup_stm32f205xx.o(RESET)
 <LI><a href="#[1a]">EXTI1_IRQHandler</a> from startup_stm32f205xx.o(.text) referenced from startup_stm32f205xx.o(RESET)
 <LI><a href="#[1b]">EXTI2_IRQHandler</a> from startup_stm32f205xx.o(.text) referenced from startup_stm32f205xx.o(RESET)
 <LI><a href="#[1c]">EXTI3_IRQHandler</a> from startup_stm32f205xx.o(.text) referenced from startup_stm32f205xx.o(RESET)
 <LI><a href="#[1d]">EXTI4_IRQHandler</a> from startup_stm32f205xx.o(.text) referenced from startup_stm32f205xx.o(RESET)
 <LI><a href="#[2a]">EXTI9_5_IRQHandler</a> from startup_stm32f205xx.o(.text) referenced from startup_stm32f205xx.o(RESET)
 <LI><a href="#[17]">FLASH_IRQHandler</a> from startup_stm32f205xx.o(.text) referenced from startup_stm32f205xx.o(RESET)
 <LI><a href="#[43]">FSMC_IRQHandler</a> from startup_stm32f205xx.o(.text) referenced from startup_stm32f205xx.o(RESET)
 <LI><a href="#[5f]">HASH_RNG_IRQHandler</a> from startup_stm32f205xx.o(.text) referenced from startup_stm32f205xx.o(RESET)
 <LI><a href="#[b]">HardFault_Handler</a> from stm32f2xx_it.o(i.HardFault_Handler) referenced from startup_stm32f205xx.o(RESET)
 <LI><a href="#[33]">I2C1_ER_IRQHandler</a> from startup_stm32f205xx.o(.text) referenced from startup_stm32f205xx.o(RESET)
 <LI><a href="#[32]">I2C1_EV_IRQHandler</a> from startup_stm32f205xx.o(.text) referenced from startup_stm32f205xx.o(RESET)
 <LI><a href="#[35]">I2C2_ER_IRQHandler</a> from startup_stm32f205xx.o(.text) referenced from startup_stm32f205xx.o(RESET)
 <LI><a href="#[34]">I2C2_EV_IRQHandler</a> from startup_stm32f205xx.o(.text) referenced from startup_stm32f205xx.o(RESET)
 <LI><a href="#[5a]">I2C3_ER_IRQHandler</a> from startup_stm32f205xx.o(.text) referenced from startup_stm32f205xx.o(RESET)
 <LI><a href="#[59]">I2C3_EV_IRQHandler</a> from startup_stm32f205xx.o(.text) referenced from startup_stm32f205xx.o(RESET)
 <LI><a href="#[c]">MemManage_Handler</a> from stm32f2xx_it.o(i.MemManage_Handler) referenced from startup_stm32f205xx.o(RESET)
 <LI><a href="#[a]">NMI_Handler</a> from stm32f2xx_it.o(i.NMI_Handler) referenced from startup_stm32f205xx.o(RESET)
 <LI><a href="#[54]">OTG_FS_IRQHandler</a> from startup_stm32f205xx.o(.text) referenced from startup_stm32f205xx.o(RESET)
 <LI><a href="#[3d]">OTG_FS_WKUP_IRQHandler</a> from startup_stm32f205xx.o(.text) referenced from startup_stm32f205xx.o(RESET)
 <LI><a href="#[5c]">OTG_HS_EP1_IN_IRQHandler</a> from startup_stm32f205xx.o(.text) referenced from startup_stm32f205xx.o(RESET)
 <LI><a href="#[5b]">OTG_HS_EP1_OUT_IRQHandler</a> from startup_stm32f205xx.o(.text) referenced from startup_stm32f205xx.o(RESET)
 <LI><a href="#[5e]">OTG_HS_IRQHandler</a> from startup_stm32f205xx.o(.text) referenced from startup_stm32f205xx.o(RESET)
 <LI><a href="#[5d]">OTG_HS_WKUP_IRQHandler</a> from startup_stm32f205xx.o(.text) referenced from startup_stm32f205xx.o(RESET)
 <LI><a href="#[14]">PVD_IRQHandler</a> from startup_stm32f205xx.o(.text) referenced from startup_stm32f205xx.o(RESET)
 <LI><a href="#[11]">PendSV_Handler</a> from stm32f2xx_it.o(i.PendSV_Handler) referenced from startup_stm32f205xx.o(RESET)
 <LI><a href="#[18]">RCC_IRQHandler</a> from startup_stm32f205xx.o(.text) referenced from startup_stm32f205xx.o(RESET)
 <LI><a href="#[3c]">RTC_Alarm_IRQHandler</a> from startup_stm32f205xx.o(.text) referenced from startup_stm32f205xx.o(RESET)
 <LI><a href="#[16]">RTC_WKUP_IRQHandler</a> from startup_stm32f205xx.o(.text) referenced from startup_stm32f205xx.o(RESET)
 <LI><a href="#[9]">Reset_Handler</a> from startup_stm32f205xx.o(.text) referenced from startup_stm32f205xx.o(RESET)
 <LI><a href="#[44]">SDIO_IRQHandler</a> from startup_stm32f205xx.o(.text) referenced from startup_stm32f205xx.o(RESET)
 <LI><a href="#[36]">SPI1_IRQHandler</a> from startup_stm32f205xx.o(.text) referenced from startup_stm32f205xx.o(RESET)
 <LI><a href="#[37]">SPI2_IRQHandler</a> from startup_stm32f205xx.o(.text) referenced from startup_stm32f205xx.o(RESET)
 <LI><a href="#[46]">SPI3_IRQHandler</a> from startup_stm32f205xx.o(.text) referenced from startup_stm32f205xx.o(RESET)
 <LI><a href="#[f]">SVC_Handler</a> from stm32f2xx_it.o(i.SVC_Handler) referenced from startup_stm32f205xx.o(RESET)
 <LI><a href="#[12]">SysTick_Handler</a> from stm32f2xx_it.o(i.SysTick_Handler) referenced from startup_stm32f205xx.o(RESET)
 <LI><a href="#[61]">SystemInit</a> from system_stm32f2xx.o(i.SystemInit) referenced from startup_stm32f205xx.o(.text)
 <LI><a href="#[15]">TAMP_STAMP_IRQHandler</a> from startup_stm32f205xx.o(.text) referenced from startup_stm32f205xx.o(RESET)
 <LI><a href="#[2b]">TIM1_BRK_TIM9_IRQHandler</a> from startup_stm32f205xx.o(.text) referenced from startup_stm32f205xx.o(RESET)
 <LI><a href="#[2e]">TIM1_CC_IRQHandler</a> from startup_stm32f205xx.o(.text) referenced from startup_stm32f205xx.o(RESET)
 <LI><a href="#[2d]">TIM1_TRG_COM_TIM11_IRQHandler</a> from startup_stm32f205xx.o(.text) referenced from startup_stm32f205xx.o(RESET)
 <LI><a href="#[2c]">TIM1_UP_TIM10_IRQHandler</a> from startup_stm32f205xx.o(.text) referenced from startup_stm32f205xx.o(RESET)
 <LI><a href="#[2f]">TIM2_IRQHandler</a> from stm32f2xx_it.o(i.TIM2_IRQHandler) referenced from startup_stm32f205xx.o(RESET)
 <LI><a href="#[30]">TIM3_IRQHandler</a> from stm32f2xx_it.o(i.TIM3_IRQHandler) referenced from startup_stm32f205xx.o(RESET)
 <LI><a href="#[31]">TIM4_IRQHandler</a> from startup_stm32f205xx.o(.text) referenced from startup_stm32f205xx.o(RESET)
 <LI><a href="#[45]">TIM5_IRQHandler</a> from startup_stm32f205xx.o(.text) referenced from startup_stm32f205xx.o(RESET)
 <LI><a href="#[49]">TIM6_DAC_IRQHandler</a> from startup_stm32f205xx.o(.text) referenced from startup_stm32f205xx.o(RESET)
 <LI><a href="#[4a]">TIM7_IRQHandler</a> from startup_stm32f205xx.o(.text) referenced from startup_stm32f205xx.o(RESET)
 <LI><a href="#[3e]">TIM8_BRK_TIM12_IRQHandler</a> from startup_stm32f205xx.o(.text) referenced from startup_stm32f205xx.o(RESET)
 <LI><a href="#[41]">TIM8_CC_IRQHandler</a> from startup_stm32f205xx.o(.text) referenced from startup_stm32f205xx.o(RESET)
 <LI><a href="#[40]">TIM8_TRG_COM_TIM14_IRQHandler</a> from startup_stm32f205xx.o(.text) referenced from startup_stm32f205xx.o(RESET)
 <LI><a href="#[3f]">TIM8_UP_TIM13_IRQHandler</a> from startup_stm32f205xx.o(.text) referenced from startup_stm32f205xx.o(RESET)
 <LI><a href="#[47]">UART4_IRQHandler</a> from startup_stm32f205xx.o(.text) referenced from startup_stm32f205xx.o(RESET)
 <LI><a href="#[48]">UART5_IRQHandler</a> from startup_stm32f205xx.o(.text) referenced from startup_stm32f205xx.o(RESET)
 <LI><a href="#[67]">UART_DMAAbortOnError</a> from stm32f2xx_hal_uart.o(i.UART_DMAAbortOnError) referenced from stm32f2xx_hal_uart.o(i.HAL_UART_IRQHandler)
 <LI><a href="#[38]">USART1_IRQHandler</a> from stm32f2xx_it.o(i.USART1_IRQHandler) referenced from startup_stm32f205xx.o(RESET)
 <LI><a href="#[39]">USART2_IRQHandler</a> from stm32f2xx_it.o(i.USART2_IRQHandler) referenced from startup_stm32f205xx.o(RESET)
 <LI><a href="#[3a]">USART3_IRQHandler</a> from startup_stm32f205xx.o(.text) referenced from startup_stm32f205xx.o(RESET)
 <LI><a href="#[58]">USART6_IRQHandler</a> from startup_stm32f205xx.o(.text) referenced from startup_stm32f205xx.o(RESET)
 <LI><a href="#[e]">UsageFault_Handler</a> from stm32f2xx_it.o(i.UsageFault_Handler) referenced from startup_stm32f205xx.o(RESET)
 <LI><a href="#[13]">WWDG_IRQHandler</a> from startup_stm32f205xx.o(.text) referenced from startup_stm32f205xx.o(RESET)
 <LI><a href="#[62]">__main</a> from entry.o(.ARM.Collect$$$$00000000) referenced from startup_stm32f205xx.o(.text)
 <LI><a href="#[64]">_sbackspace</a> from _sgetc.o(.text) referenced from __0sscanf.o(.text)
 <LI><a href="#[65]">_scanf_char_input</a> from scanf_char.o(.text) referenced from scanf_char.o(.text)
 <LI><a href="#[63]">_sgetc</a> from _sgetc.o(.text) referenced from __0sscanf.o(.text)
 <LI><a href="#[68]">_sputc</a> from printfa.o(i._sputc) referenced from printfa.o(i.__0sprintf)
 <LI><a href="#[4]">cmd_device_status</a> from function.o(i.cmd_device_status) referenced 2 times from main.o(.data)
 <LI><a href="#[7]">cmd_for_debug</a> from function.o(i.cmd_for_debug) referenced 2 times from main.o(.data)
 <LI><a href="#[8]">cmd_help</a> from cmd.o(i.cmd_help) referenced 2 times from main.o(.data)
 <LI><a href="#[6]">cmd_log</a> from function.o(i.cmd_log) referenced 2 times from main.o(.data)
 <LI><a href="#[2]">cmd_reset</a> from function.o(i.cmd_reset) referenced 2 times from main.o(.data)
 <LI><a href="#[3]">cmd_temp</a> from function.o(i.cmd_temp) referenced 2 times from main.o(.data)
 <LI><a href="#[5]">cmd_time</a> from function.o(i.cmd_time) referenced 2 times from main.o(.data)
 <LI><a href="#[0]">cmd_upgrade</a> from function.o(i.cmd_upgrade) referenced 2 times from main.o(.data)
 <LI><a href="#[1]">cmd_version</a> from function.o(i.cmd_version) referenced 2 times from main.o(.data)
 <LI><a href="#[66]">isspace</a> from isspace_o.o(.text) referenced from scanf_char.o(.text)
 <LI><a href="#[60]">main</a> from main.o(i.main) referenced from entry9a.o(.ARM.Collect$$$$0000000B)
</UL>
<P>
<H3>
Global Symbols
</H3>
<P><STRONG><a name="[62]"></a>__main</STRONG> (Thumb, 0 bytes, Stack size unknown bytes, entry.o(.ARM.Collect$$$$00000000))
<BR>[Address Reference Count : 1]<UL><LI> startup_stm32f205xx.o(.text)
</UL>
<P><STRONG><a name="[ea]"></a>_main_stk</STRONG> (Thumb, 0 bytes, Stack size unknown bytes, entry2.o(.ARM.Collect$$$$00000001))

<P><STRONG><a name="[69]"></a>_main_scatterload</STRONG> (Thumb, 0 bytes, Stack size unknown bytes, entry5.o(.ARM.Collect$$$$00000004))
<BR><BR>[Calls]<UL><LI><a href="#[6a]">&gt;&gt;</a>&nbsp;&nbsp;&nbsp;__scatterload
</UL>

<P><STRONG><a name="[87]"></a>__main_after_scatterload</STRONG> (Thumb, 0 bytes, Stack size unknown bytes, entry5.o(.ARM.Collect$$$$00000004))
<BR><BR>[Called By]<UL><LI><a href="#[6a]">&gt;&gt;</a>&nbsp;&nbsp;&nbsp;__scatterload
</UL>

<P><STRONG><a name="[eb]"></a>_main_clock</STRONG> (Thumb, 0 bytes, Stack size unknown bytes, entry7b.o(.ARM.Collect$$$$00000008))

<P><STRONG><a name="[ec]"></a>_main_cpp_init</STRONG> (Thumb, 0 bytes, Stack size unknown bytes, entry8b.o(.ARM.Collect$$$$0000000A))

<P><STRONG><a name="[ed]"></a>_main_init</STRONG> (Thumb, 0 bytes, Stack size unknown bytes, entry9a.o(.ARM.Collect$$$$0000000B))

<P><STRONG><a name="[ee]"></a>__rt_final_cpp</STRONG> (Thumb, 0 bytes, Stack size unknown bytes, entry10a.o(.ARM.Collect$$$$0000000D))

<P><STRONG><a name="[ef]"></a>__rt_final_exit</STRONG> (Thumb, 0 bytes, Stack size unknown bytes, entry11a.o(.ARM.Collect$$$$0000000F))

<P><STRONG><a name="[9]"></a>Reset_Handler</STRONG> (Thumb, 8 bytes, Stack size 0 bytes, startup_stm32f205xx.o(.text))
<BR>[Address Reference Count : 1]<UL><LI> startup_stm32f205xx.o(RESET)
</UL>
<P><STRONG><a name="[25]"></a>ADC_IRQHandler</STRONG> (Thumb, 0 bytes, Stack size 0 bytes, startup_stm32f205xx.o(.text))
<BR><BR>[Calls]<UL><LI><a href="#[25]">&gt;&gt;</a>&nbsp;&nbsp;&nbsp;ADC_IRQHandler
</UL>
<BR>[Called By]<UL><LI><a href="#[25]">&gt;&gt;</a>&nbsp;&nbsp;&nbsp;ADC_IRQHandler
</UL>
<BR>[Address Reference Count : 1]<UL><LI> startup_stm32f205xx.o(RESET)
</UL>
<P><STRONG><a name="[27]"></a>CAN1_RX0_IRQHandler</STRONG> (Thumb, 0 bytes, Stack size 0 bytes, startup_stm32f205xx.o(.text))
<BR>[Address Reference Count : 1]<UL><LI> startup_stm32f205xx.o(RESET)
</UL>
<P><STRONG><a name="[28]"></a>CAN1_RX1_IRQHandler</STRONG> (Thumb, 0 bytes, Stack size 0 bytes, startup_stm32f205xx.o(.text))
<BR>[Address Reference Count : 1]<UL><LI> startup_stm32f205xx.o(RESET)
</UL>
<P><STRONG><a name="[29]"></a>CAN1_SCE_IRQHandler</STRONG> (Thumb, 0 bytes, Stack size 0 bytes, startup_stm32f205xx.o(.text))
<BR>[Address Reference Count : 1]<UL><LI> startup_stm32f205xx.o(RESET)
</UL>
<P><STRONG><a name="[26]"></a>CAN1_TX_IRQHandler</STRONG> (Thumb, 0 bytes, Stack size 0 bytes, startup_stm32f205xx.o(.text))
<BR>[Address Reference Count : 1]<UL><LI> startup_stm32f205xx.o(RESET)
</UL>
<P><STRONG><a name="[51]"></a>CAN2_RX0_IRQHandler</STRONG> (Thumb, 0 bytes, Stack size 0 bytes, startup_stm32f205xx.o(.text))
<BR>[Address Reference Count : 1]<UL><LI> startup_stm32f205xx.o(RESET)
</UL>
<P><STRONG><a name="[52]"></a>CAN2_RX1_IRQHandler</STRONG> (Thumb, 0 bytes, Stack size 0 bytes, startup_stm32f205xx.o(.text))
<BR>[Address Reference Count : 1]<UL><LI> startup_stm32f205xx.o(RESET)
</UL>
<P><STRONG><a name="[53]"></a>CAN2_SCE_IRQHandler</STRONG> (Thumb, 0 bytes, Stack size 0 bytes, startup_stm32f205xx.o(.text))
<BR>[Address Reference Count : 1]<UL><LI> startup_stm32f205xx.o(RESET)
</UL>
<P><STRONG><a name="[50]"></a>CAN2_TX_IRQHandler</STRONG> (Thumb, 0 bytes, Stack size 0 bytes, startup_stm32f205xx.o(.text))
<BR>[Address Reference Count : 1]<UL><LI> startup_stm32f205xx.o(RESET)
</UL>
<P><STRONG><a name="[1e]"></a>DMA1_Stream0_IRQHandler</STRONG> (Thumb, 0 bytes, Stack size 0 bytes, startup_stm32f205xx.o(.text))
<BR>[Address Reference Count : 1]<UL><LI> startup_stm32f205xx.o(RESET)
</UL>
<P><STRONG><a name="[1f]"></a>DMA1_Stream1_IRQHandler</STRONG> (Thumb, 0 bytes, Stack size 0 bytes, startup_stm32f205xx.o(.text))
<BR>[Address Reference Count : 1]<UL><LI> startup_stm32f205xx.o(RESET)
</UL>
<P><STRONG><a name="[20]"></a>DMA1_Stream2_IRQHandler</STRONG> (Thumb, 0 bytes, Stack size 0 bytes, startup_stm32f205xx.o(.text))
<BR>[Address Reference Count : 1]<UL><LI> startup_stm32f205xx.o(RESET)
</UL>
<P><STRONG><a name="[21]"></a>DMA1_Stream3_IRQHandler</STRONG> (Thumb, 0 bytes, Stack size 0 bytes, startup_stm32f205xx.o(.text))
<BR>[Address Reference Count : 1]<UL><LI> startup_stm32f205xx.o(RESET)
</UL>
<P><STRONG><a name="[22]"></a>DMA1_Stream4_IRQHandler</STRONG> (Thumb, 0 bytes, Stack size 0 bytes, startup_stm32f205xx.o(.text))
<BR>[Address Reference Count : 1]<UL><LI> startup_stm32f205xx.o(RESET)
</UL>
<P><STRONG><a name="[23]"></a>DMA1_Stream5_IRQHandler</STRONG> (Thumb, 0 bytes, Stack size 0 bytes, startup_stm32f205xx.o(.text))
<BR>[Address Reference Count : 1]<UL><LI> startup_stm32f205xx.o(RESET)
</UL>
<P><STRONG><a name="[24]"></a>DMA1_Stream6_IRQHandler</STRONG> (Thumb, 0 bytes, Stack size 0 bytes, startup_stm32f205xx.o(.text))
<BR>[Address Reference Count : 1]<UL><LI> startup_stm32f205xx.o(RESET)
</UL>
<P><STRONG><a name="[42]"></a>DMA1_Stream7_IRQHandler</STRONG> (Thumb, 0 bytes, Stack size 0 bytes, startup_stm32f205xx.o(.text))
<BR>[Address Reference Count : 1]<UL><LI> startup_stm32f205xx.o(RESET)
</UL>
<P><STRONG><a name="[4b]"></a>DMA2_Stream0_IRQHandler</STRONG> (Thumb, 0 bytes, Stack size 0 bytes, startup_stm32f205xx.o(.text))
<BR>[Address Reference Count : 1]<UL><LI> startup_stm32f205xx.o(RESET)
</UL>
<P><STRONG><a name="[4c]"></a>DMA2_Stream1_IRQHandler</STRONG> (Thumb, 0 bytes, Stack size 0 bytes, startup_stm32f205xx.o(.text))
<BR>[Address Reference Count : 1]<UL><LI> startup_stm32f205xx.o(RESET)
</UL>
<P><STRONG><a name="[4d]"></a>DMA2_Stream2_IRQHandler</STRONG> (Thumb, 0 bytes, Stack size 0 bytes, startup_stm32f205xx.o(.text))
<BR>[Address Reference Count : 1]<UL><LI> startup_stm32f205xx.o(RESET)
</UL>
<P><STRONG><a name="[4e]"></a>DMA2_Stream3_IRQHandler</STRONG> (Thumb, 0 bytes, Stack size 0 bytes, startup_stm32f205xx.o(.text))
<BR>[Address Reference Count : 1]<UL><LI> startup_stm32f205xx.o(RESET)
</UL>
<P><STRONG><a name="[4f]"></a>DMA2_Stream4_IRQHandler</STRONG> (Thumb, 0 bytes, Stack size 0 bytes, startup_stm32f205xx.o(.text))
<BR>[Address Reference Count : 1]<UL><LI> startup_stm32f205xx.o(RESET)
</UL>
<P><STRONG><a name="[55]"></a>DMA2_Stream5_IRQHandler</STRONG> (Thumb, 0 bytes, Stack size 0 bytes, startup_stm32f205xx.o(.text))
<BR>[Address Reference Count : 1]<UL><LI> startup_stm32f205xx.o(RESET)
</UL>
<P><STRONG><a name="[56]"></a>DMA2_Stream6_IRQHandler</STRONG> (Thumb, 0 bytes, Stack size 0 bytes, startup_stm32f205xx.o(.text))
<BR>[Address Reference Count : 1]<UL><LI> startup_stm32f205xx.o(RESET)
</UL>
<P><STRONG><a name="[57]"></a>DMA2_Stream7_IRQHandler</STRONG> (Thumb, 0 bytes, Stack size 0 bytes, startup_stm32f205xx.o(.text))
<BR>[Address Reference Count : 1]<UL><LI> startup_stm32f205xx.o(RESET)
</UL>
<P><STRONG><a name="[19]"></a>EXTI0_IRQHandler</STRONG> (Thumb, 0 bytes, Stack size 0 bytes, startup_stm32f205xx.o(.text))
<BR>[Address Reference Count : 1]<UL><LI> startup_stm32f205xx.o(RESET)
</UL>
<P><STRONG><a name="[3b]"></a>EXTI15_10_IRQHandler</STRONG> (Thumb, 0 bytes, Stack size 0 bytes, startup_stm32f205xx.o(.text))
<BR>[Address Reference Count : 1]<UL><LI> startup_stm32f205xx.o(RESET)
</UL>
<P><STRONG><a name="[1a]"></a>EXTI1_IRQHandler</STRONG> (Thumb, 0 bytes, Stack size 0 bytes, startup_stm32f205xx.o(.text))
<BR>[Address Reference Count : 1]<UL><LI> startup_stm32f205xx.o(RESET)
</UL>
<P><STRONG><a name="[1b]"></a>EXTI2_IRQHandler</STRONG> (Thumb, 0 bytes, Stack size 0 bytes, startup_stm32f205xx.o(.text))
<BR>[Address Reference Count : 1]<UL><LI> startup_stm32f205xx.o(RESET)
</UL>
<P><STRONG><a name="[1c]"></a>EXTI3_IRQHandler</STRONG> (Thumb, 0 bytes, Stack size 0 bytes, startup_stm32f205xx.o(.text))
<BR>[Address Reference Count : 1]<UL><LI> startup_stm32f205xx.o(RESET)
</UL>
<P><STRONG><a name="[1d]"></a>EXTI4_IRQHandler</STRONG> (Thumb, 0 bytes, Stack size 0 bytes, startup_stm32f205xx.o(.text))
<BR>[Address Reference Count : 1]<UL><LI> startup_stm32f205xx.o(RESET)
</UL>
<P><STRONG><a name="[2a]"></a>EXTI9_5_IRQHandler</STRONG> (Thumb, 0 bytes, Stack size 0 bytes, startup_stm32f205xx.o(.text))
<BR>[Address Reference Count : 1]<UL><LI> startup_stm32f205xx.o(RESET)
</UL>
<P><STRONG><a name="[17]"></a>FLASH_IRQHandler</STRONG> (Thumb, 0 bytes, Stack size 0 bytes, startup_stm32f205xx.o(.text))
<BR>[Address Reference Count : 1]<UL><LI> startup_stm32f205xx.o(RESET)
</UL>
<P><STRONG><a name="[43]"></a>FSMC_IRQHandler</STRONG> (Thumb, 0 bytes, Stack size 0 bytes, startup_stm32f205xx.o(.text))
<BR>[Address Reference Count : 1]<UL><LI> startup_stm32f205xx.o(RESET)
</UL>
<P><STRONG><a name="[5f]"></a>HASH_RNG_IRQHandler</STRONG> (Thumb, 0 bytes, Stack size 0 bytes, startup_stm32f205xx.o(.text))
<BR>[Address Reference Count : 1]<UL><LI> startup_stm32f205xx.o(RESET)
</UL>
<P><STRONG><a name="[33]"></a>I2C1_ER_IRQHandler</STRONG> (Thumb, 0 bytes, Stack size 0 bytes, startup_stm32f205xx.o(.text))
<BR>[Address Reference Count : 1]<UL><LI> startup_stm32f205xx.o(RESET)
</UL>
<P><STRONG><a name="[32]"></a>I2C1_EV_IRQHandler</STRONG> (Thumb, 0 bytes, Stack size 0 bytes, startup_stm32f205xx.o(.text))
<BR>[Address Reference Count : 1]<UL><LI> startup_stm32f205xx.o(RESET)
</UL>
<P><STRONG><a name="[35]"></a>I2C2_ER_IRQHandler</STRONG> (Thumb, 0 bytes, Stack size 0 bytes, startup_stm32f205xx.o(.text))
<BR>[Address Reference Count : 1]<UL><LI> startup_stm32f205xx.o(RESET)
</UL>
<P><STRONG><a name="[34]"></a>I2C2_EV_IRQHandler</STRONG> (Thumb, 0 bytes, Stack size 0 bytes, startup_stm32f205xx.o(.text))
<BR>[Address Reference Count : 1]<UL><LI> startup_stm32f205xx.o(RESET)
</UL>
<P><STRONG><a name="[5a]"></a>I2C3_ER_IRQHandler</STRONG> (Thumb, 0 bytes, Stack size 0 bytes, startup_stm32f205xx.o(.text))
<BR>[Address Reference Count : 1]<UL><LI> startup_stm32f205xx.o(RESET)
</UL>
<P><STRONG><a name="[59]"></a>I2C3_EV_IRQHandler</STRONG> (Thumb, 0 bytes, Stack size 0 bytes, startup_stm32f205xx.o(.text))
<BR>[Address Reference Count : 1]<UL><LI> startup_stm32f205xx.o(RESET)
</UL>
<P><STRONG><a name="[54]"></a>OTG_FS_IRQHandler</STRONG> (Thumb, 0 bytes, Stack size 0 bytes, startup_stm32f205xx.o(.text))
<BR>[Address Reference Count : 1]<UL><LI> startup_stm32f205xx.o(RESET)
</UL>
<P><STRONG><a name="[3d]"></a>OTG_FS_WKUP_IRQHandler</STRONG> (Thumb, 0 bytes, Stack size 0 bytes, startup_stm32f205xx.o(.text))
<BR>[Address Reference Count : 1]<UL><LI> startup_stm32f205xx.o(RESET)
</UL>
<P><STRONG><a name="[5c]"></a>OTG_HS_EP1_IN_IRQHandler</STRONG> (Thumb, 0 bytes, Stack size 0 bytes, startup_stm32f205xx.o(.text))
<BR>[Address Reference Count : 1]<UL><LI> startup_stm32f205xx.o(RESET)
</UL>
<P><STRONG><a name="[5b]"></a>OTG_HS_EP1_OUT_IRQHandler</STRONG> (Thumb, 0 bytes, Stack size 0 bytes, startup_stm32f205xx.o(.text))
<BR>[Address Reference Count : 1]<UL><LI> startup_stm32f205xx.o(RESET)
</UL>
<P><STRONG><a name="[5e]"></a>OTG_HS_IRQHandler</STRONG> (Thumb, 0 bytes, Stack size 0 bytes, startup_stm32f205xx.o(.text))
<BR>[Address Reference Count : 1]<UL><LI> startup_stm32f205xx.o(RESET)
</UL>
<P><STRONG><a name="[5d]"></a>OTG_HS_WKUP_IRQHandler</STRONG> (Thumb, 0 bytes, Stack size 0 bytes, startup_stm32f205xx.o(.text))
<BR>[Address Reference Count : 1]<UL><LI> startup_stm32f205xx.o(RESET)
</UL>
<P><STRONG><a name="[14]"></a>PVD_IRQHandler</STRONG> (Thumb, 0 bytes, Stack size 0 bytes, startup_stm32f205xx.o(.text))
<BR>[Address Reference Count : 1]<UL><LI> startup_stm32f205xx.o(RESET)
</UL>
<P><STRONG><a name="[18]"></a>RCC_IRQHandler</STRONG> (Thumb, 0 bytes, Stack size 0 bytes, startup_stm32f205xx.o(.text))
<BR>[Address Reference Count : 1]<UL><LI> startup_stm32f205xx.o(RESET)
</UL>
<P><STRONG><a name="[3c]"></a>RTC_Alarm_IRQHandler</STRONG> (Thumb, 0 bytes, Stack size 0 bytes, startup_stm32f205xx.o(.text))
<BR>[Address Reference Count : 1]<UL><LI> startup_stm32f205xx.o(RESET)
</UL>
<P><STRONG><a name="[16]"></a>RTC_WKUP_IRQHandler</STRONG> (Thumb, 0 bytes, Stack size 0 bytes, startup_stm32f205xx.o(.text))
<BR>[Address Reference Count : 1]<UL><LI> startup_stm32f205xx.o(RESET)
</UL>
<P><STRONG><a name="[44]"></a>SDIO_IRQHandler</STRONG> (Thumb, 0 bytes, Stack size 0 bytes, startup_stm32f205xx.o(.text))
<BR>[Address Reference Count : 1]<UL><LI> startup_stm32f205xx.o(RESET)
</UL>
<P><STRONG><a name="[36]"></a>SPI1_IRQHandler</STRONG> (Thumb, 0 bytes, Stack size 0 bytes, startup_stm32f205xx.o(.text))
<BR>[Address Reference Count : 1]<UL><LI> startup_stm32f205xx.o(RESET)
</UL>
<P><STRONG><a name="[37]"></a>SPI2_IRQHandler</STRONG> (Thumb, 0 bytes, Stack size 0 bytes, startup_stm32f205xx.o(.text))
<BR>[Address Reference Count : 1]<UL><LI> startup_stm32f205xx.o(RESET)
</UL>
<P><STRONG><a name="[46]"></a>SPI3_IRQHandler</STRONG> (Thumb, 0 bytes, Stack size 0 bytes, startup_stm32f205xx.o(.text))
<BR>[Address Reference Count : 1]<UL><LI> startup_stm32f205xx.o(RESET)
</UL>
<P><STRONG><a name="[15]"></a>TAMP_STAMP_IRQHandler</STRONG> (Thumb, 0 bytes, Stack size 0 bytes, startup_stm32f205xx.o(.text))
<BR>[Address Reference Count : 1]<UL><LI> startup_stm32f205xx.o(RESET)
</UL>
<P><STRONG><a name="[2b]"></a>TIM1_BRK_TIM9_IRQHandler</STRONG> (Thumb, 0 bytes, Stack size 0 bytes, startup_stm32f205xx.o(.text))
<BR>[Address Reference Count : 1]<UL><LI> startup_stm32f205xx.o(RESET)
</UL>
<P><STRONG><a name="[2e]"></a>TIM1_CC_IRQHandler</STRONG> (Thumb, 0 bytes, Stack size 0 bytes, startup_stm32f205xx.o(.text))
<BR>[Address Reference Count : 1]<UL><LI> startup_stm32f205xx.o(RESET)
</UL>
<P><STRONG><a name="[2d]"></a>TIM1_TRG_COM_TIM11_IRQHandler</STRONG> (Thumb, 0 bytes, Stack size 0 bytes, startup_stm32f205xx.o(.text))
<BR>[Address Reference Count : 1]<UL><LI> startup_stm32f205xx.o(RESET)
</UL>
<P><STRONG><a name="[2c]"></a>TIM1_UP_TIM10_IRQHandler</STRONG> (Thumb, 0 bytes, Stack size 0 bytes, startup_stm32f205xx.o(.text))
<BR>[Address Reference Count : 1]<UL><LI> startup_stm32f205xx.o(RESET)
</UL>
<P><STRONG><a name="[31]"></a>TIM4_IRQHandler</STRONG> (Thumb, 0 bytes, Stack size 0 bytes, startup_stm32f205xx.o(.text))
<BR>[Address Reference Count : 1]<UL><LI> startup_stm32f205xx.o(RESET)
</UL>
<P><STRONG><a name="[45]"></a>TIM5_IRQHandler</STRONG> (Thumb, 0 bytes, Stack size 0 bytes, startup_stm32f205xx.o(.text))
<BR>[Address Reference Count : 1]<UL><LI> startup_stm32f205xx.o(RESET)
</UL>
<P><STRONG><a name="[49]"></a>TIM6_DAC_IRQHandler</STRONG> (Thumb, 0 bytes, Stack size 0 bytes, startup_stm32f205xx.o(.text))
<BR>[Address Reference Count : 1]<UL><LI> startup_stm32f205xx.o(RESET)
</UL>
<P><STRONG><a name="[4a]"></a>TIM7_IRQHandler</STRONG> (Thumb, 0 bytes, Stack size 0 bytes, startup_stm32f205xx.o(.text))
<BR>[Address Reference Count : 1]<UL><LI> startup_stm32f205xx.o(RESET)
</UL>
<P><STRONG><a name="[3e]"></a>TIM8_BRK_TIM12_IRQHandler</STRONG> (Thumb, 0 bytes, Stack size 0 bytes, startup_stm32f205xx.o(.text))
<BR>[Address Reference Count : 1]<UL><LI> startup_stm32f205xx.o(RESET)
</UL>
<P><STRONG><a name="[41]"></a>TIM8_CC_IRQHandler</STRONG> (Thumb, 0 bytes, Stack size 0 bytes, startup_stm32f205xx.o(.text))
<BR>[Address Reference Count : 1]<UL><LI> startup_stm32f205xx.o(RESET)
</UL>
<P><STRONG><a name="[40]"></a>TIM8_TRG_COM_TIM14_IRQHandler</STRONG> (Thumb, 0 bytes, Stack size 0 bytes, startup_stm32f205xx.o(.text))
<BR>[Address Reference Count : 1]<UL><LI> startup_stm32f205xx.o(RESET)
</UL>
<P><STRONG><a name="[3f]"></a>TIM8_UP_TIM13_IRQHandler</STRONG> (Thumb, 0 bytes, Stack size 0 bytes, startup_stm32f205xx.o(.text))
<BR>[Address Reference Count : 1]<UL><LI> startup_stm32f205xx.o(RESET)
</UL>
<P><STRONG><a name="[47]"></a>UART4_IRQHandler</STRONG> (Thumb, 0 bytes, Stack size 0 bytes, startup_stm32f205xx.o(.text))
<BR>[Address Reference Count : 1]<UL><LI> startup_stm32f205xx.o(RESET)
</UL>
<P><STRONG><a name="[48]"></a>UART5_IRQHandler</STRONG> (Thumb, 0 bytes, Stack size 0 bytes, startup_stm32f205xx.o(.text))
<BR>[Address Reference Count : 1]<UL><LI> startup_stm32f205xx.o(RESET)
</UL>
<P><STRONG><a name="[3a]"></a>USART3_IRQHandler</STRONG> (Thumb, 0 bytes, Stack size 0 bytes, startup_stm32f205xx.o(.text))
<BR>[Address Reference Count : 1]<UL><LI> startup_stm32f205xx.o(RESET)
</UL>
<P><STRONG><a name="[58]"></a>USART6_IRQHandler</STRONG> (Thumb, 0 bytes, Stack size 0 bytes, startup_stm32f205xx.o(.text))
<BR>[Address Reference Count : 1]<UL><LI> startup_stm32f205xx.o(RESET)
</UL>
<P><STRONG><a name="[13]"></a>WWDG_IRQHandler</STRONG> (Thumb, 0 bytes, Stack size 0 bytes, startup_stm32f205xx.o(.text))
<BR>[Address Reference Count : 1]<UL><LI> startup_stm32f205xx.o(RESET)
</UL>
<P><STRONG><a name="[6b]"></a>__aeabi_uldivmod</STRONG> (Thumb, 98 bytes, Stack size 40 bytes, uldiv.o(.text))
<BR><BR>[Stack]<UL><LI>Max Depth = 40<LI>Call Chain = __aeabi_uldivmod
</UL>
<BR>[Calls]<UL><LI><a href="#[6c]">&gt;&gt;</a>&nbsp;&nbsp;&nbsp;__aeabi_llsr
<LI><a href="#[6d]">&gt;&gt;</a>&nbsp;&nbsp;&nbsp;__aeabi_llsl
</UL>
<BR>[Called By]<UL><LI><a href="#[92]">&gt;&gt;</a>&nbsp;&nbsp;&nbsp;HAL_RCC_GetSysClockFreq
<LI><a href="#[ca]">&gt;&gt;</a>&nbsp;&nbsp;&nbsp;_printf_core
<LI><a href="#[cb]">&gt;&gt;</a>&nbsp;&nbsp;&nbsp;_fp_digits
</UL>

<P><STRONG><a name="[e7]"></a>__aeabi_memcpy</STRONG> (Thumb, 36 bytes, Stack size 0 bytes, memcpya.o(.text))
<BR><BR>[Called By]<UL><LI><a href="#[dd]">&gt;&gt;</a>&nbsp;&nbsp;&nbsp;upgrade_file
<LI><a href="#[d1]">&gt;&gt;</a>&nbsp;&nbsp;&nbsp;process_command
</UL>

<P><STRONG><a name="[f0]"></a>__aeabi_memcpy4</STRONG> (Thumb, 0 bytes, Stack size 0 bytes, memcpya.o(.text), UNUSED)

<P><STRONG><a name="[f1]"></a>__aeabi_memcpy8</STRONG> (Thumb, 0 bytes, Stack size 0 bytes, memcpya.o(.text), UNUSED)

<P><STRONG><a name="[6f]"></a>__aeabi_memset</STRONG> (Thumb, 14 bytes, Stack size 0 bytes, memseta.o(.text))
<BR><BR>[Called By]<UL><LI><a href="#[8]">&gt;&gt;</a>&nbsp;&nbsp;&nbsp;cmd_help
<LI><a href="#[70]">&gt;&gt;</a>&nbsp;&nbsp;&nbsp;_memset$wrapper
<LI><a href="#[6e]">&gt;&gt;</a>&nbsp;&nbsp;&nbsp;__aeabi_memclr
</UL>

<P><STRONG><a name="[f2]"></a>__aeabi_memset4</STRONG> (Thumb, 0 bytes, Stack size 0 bytes, memseta.o(.text), UNUSED)

<P><STRONG><a name="[f3]"></a>__aeabi_memset8</STRONG> (Thumb, 0 bytes, Stack size 0 bytes, memseta.o(.text), UNUSED)

<P><STRONG><a name="[6e]"></a>__aeabi_memclr</STRONG> (Thumb, 4 bytes, Stack size 0 bytes, memseta.o(.text), UNUSED)
<BR><BR>[Calls]<UL><LI><a href="#[6f]">&gt;&gt;</a>&nbsp;&nbsp;&nbsp;__aeabi_memset
</UL>

<P><STRONG><a name="[b1]"></a>__aeabi_memclr4</STRONG> (Thumb, 0 bytes, Stack size 0 bytes, memseta.o(.text))
<BR><BR>[Called By]<UL><LI><a href="#[af]">&gt;&gt;</a>&nbsp;&nbsp;&nbsp;HAL_UART_MspInit
<LI><a href="#[b8]">&gt;&gt;</a>&nbsp;&nbsp;&nbsp;MX_GPIO_Init
<LI><a href="#[c5]">&gt;&gt;</a>&nbsp;&nbsp;&nbsp;SystemClock_Config
</UL>

<P><STRONG><a name="[f4]"></a>__aeabi_memclr8</STRONG> (Thumb, 0 bytes, Stack size 0 bytes, memseta.o(.text), UNUSED)

<P><STRONG><a name="[70]"></a>_memset$wrapper</STRONG> (Thumb, 18 bytes, Stack size 8 bytes, memseta.o(.text), UNUSED)
<BR><BR>[Calls]<UL><LI><a href="#[6f]">&gt;&gt;</a>&nbsp;&nbsp;&nbsp;__aeabi_memset
</UL>

<P><STRONG><a name="[c1]"></a>strlen</STRONG> (Thumb, 14 bytes, Stack size 0 bytes, strlen.o(.text))
<BR><BR>[Called By]<UL><LI><a href="#[d0]">&gt;&gt;</a>&nbsp;&nbsp;&nbsp;cmd_help2
<LI><a href="#[e5]">&gt;&gt;</a>&nbsp;&nbsp;&nbsp;process_cmd
<LI><a href="#[1]">&gt;&gt;</a>&nbsp;&nbsp;&nbsp;cmd_version
<LI><a href="#[3]">&gt;&gt;</a>&nbsp;&nbsp;&nbsp;cmd_temp
<LI><a href="#[2]">&gt;&gt;</a>&nbsp;&nbsp;&nbsp;cmd_reset
<LI><a href="#[8]">&gt;&gt;</a>&nbsp;&nbsp;&nbsp;cmd_help
<LI><a href="#[4]">&gt;&gt;</a>&nbsp;&nbsp;&nbsp;cmd_device_status
<LI><a href="#[60]">&gt;&gt;</a>&nbsp;&nbsp;&nbsp;main
<LI><a href="#[dc]">&gt;&gt;</a>&nbsp;&nbsp;&nbsp;upgrade_init_with_size
<LI><a href="#[db]">&gt;&gt;</a>&nbsp;&nbsp;&nbsp;upgrade_init
<LI><a href="#[dd]">&gt;&gt;</a>&nbsp;&nbsp;&nbsp;upgrade_file
<LI><a href="#[d9]">&gt;&gt;</a>&nbsp;&nbsp;&nbsp;set_log_time
<LI><a href="#[d1]">&gt;&gt;</a>&nbsp;&nbsp;&nbsp;process_command
<LI><a href="#[d7]">&gt;&gt;</a>&nbsp;&nbsp;&nbsp;log_packets
<LI><a href="#[d8]">&gt;&gt;</a>&nbsp;&nbsp;&nbsp;log_content
<LI><a href="#[da]">&gt;&gt;</a>&nbsp;&nbsp;&nbsp;get_log_time
<LI><a href="#[d6]">&gt;&gt;</a>&nbsp;&nbsp;&nbsp;debug_tag
<LI><a href="#[d4]">&gt;&gt;</a>&nbsp;&nbsp;&nbsp;debug_dac
<LI><a href="#[d5]">&gt;&gt;</a>&nbsp;&nbsp;&nbsp;debug_adc
<LI><a href="#[c3]">&gt;&gt;</a>&nbsp;&nbsp;&nbsp;PRINT_HEX
<LI><a href="#[bf]">&gt;&gt;</a>&nbsp;&nbsp;&nbsp;PRINT_CHAR
</UL>

<P><STRONG><a name="[d3]"></a>strcmp</STRONG> (Thumb, 28 bytes, Stack size 8 bytes, strcmp.o(.text))
<BR><BR>[Stack]<UL><LI>Max Depth = 8<LI>Call Chain = strcmp
</UL>
<BR>[Called By]<UL><LI><a href="#[0]">&gt;&gt;</a>&nbsp;&nbsp;&nbsp;cmd_upgrade
<LI><a href="#[5]">&gt;&gt;</a>&nbsp;&nbsp;&nbsp;cmd_time
<LI><a href="#[6]">&gt;&gt;</a>&nbsp;&nbsp;&nbsp;cmd_log
<LI><a href="#[8]">&gt;&gt;</a>&nbsp;&nbsp;&nbsp;cmd_help
<LI><a href="#[7]">&gt;&gt;</a>&nbsp;&nbsp;&nbsp;cmd_for_debug
</UL>

<P><STRONG><a name="[e0]"></a>strcpy</STRONG> (Thumb, 18 bytes, Stack size 0 bytes, strcpy.o(.text))
<BR><BR>[Called By]<UL><LI><a href="#[d6]">&gt;&gt;</a>&nbsp;&nbsp;&nbsp;debug_tag
</UL>

<P><STRONG><a name="[e6]"></a>strtok</STRONG> (Thumb, 62 bytes, Stack size 16 bytes, strtok.o(.text))
<BR><BR>[Stack]<UL><LI>Max Depth = 16<LI>Call Chain = strtok
</UL>
<BR>[Called By]<UL><LI><a href="#[e5]">&gt;&gt;</a>&nbsp;&nbsp;&nbsp;process_cmd
</UL>

<P><STRONG><a name="[71]"></a>strcasecmp</STRONG> (Thumb, 42 bytes, Stack size 24 bytes, strcasecmp.o(.text))
<BR><BR>[Stack]<UL><LI>Max Depth = 24<LI>Call Chain = strcasecmp
</UL>
<BR>[Calls]<UL><LI><a href="#[72]">&gt;&gt;</a>&nbsp;&nbsp;&nbsp;tolower
</UL>
<BR>[Called By]<UL><LI><a href="#[d0]">&gt;&gt;</a>&nbsp;&nbsp;&nbsp;cmd_help2
<LI><a href="#[e5]">&gt;&gt;</a>&nbsp;&nbsp;&nbsp;process_cmd
<LI><a href="#[d6]">&gt;&gt;</a>&nbsp;&nbsp;&nbsp;debug_tag
<LI><a href="#[d4]">&gt;&gt;</a>&nbsp;&nbsp;&nbsp;debug_dac
</UL>

<P><STRONG><a name="[73]"></a>strncasecmp</STRONG> (Thumb, 50 bytes, Stack size 24 bytes, strncasecmp.o(.text))
<BR><BR>[Stack]<UL><LI>Max Depth = 24<LI>Call Chain = strncasecmp
</UL>
<BR>[Calls]<UL><LI><a href="#[72]">&gt;&gt;</a>&nbsp;&nbsp;&nbsp;tolower
</UL>
<BR>[Called By]<UL><LI><a href="#[d4]">&gt;&gt;</a>&nbsp;&nbsp;&nbsp;debug_dac
<LI><a href="#[d5]">&gt;&gt;</a>&nbsp;&nbsp;&nbsp;debug_adc
</UL>

<P><STRONG><a name="[74]"></a>__0sscanf</STRONG> (Thumb, 48 bytes, Stack size 72 bytes, __0sscanf.o(.text))
<BR><BR>[Stack]<UL><LI>Max Depth = 216<LI>Call Chain = __0sscanf &rArr; __vfscanf_char &rArr; __vfscanf &rArr; _scanf_int
</UL>
<BR>[Calls]<UL><LI><a href="#[75]">&gt;&gt;</a>&nbsp;&nbsp;&nbsp;__vfscanf_char
</UL>
<BR>[Called By]<UL><LI><a href="#[d4]">&gt;&gt;</a>&nbsp;&nbsp;&nbsp;debug_dac
</UL>

<P><STRONG><a name="[76]"></a>_scanf_int</STRONG> (Thumb, 332 bytes, Stack size 56 bytes, _scanf_int.o(.text))
<BR><BR>[Stack]<UL><LI>Max Depth = 56<LI>Call Chain = _scanf_int
</UL>
<BR>[Calls]<UL><LI><a href="#[77]">&gt;&gt;</a>&nbsp;&nbsp;&nbsp;_chval
</UL>
<BR>[Called By]<UL><LI><a href="#[80]">&gt;&gt;</a>&nbsp;&nbsp;&nbsp;__vfscanf
</UL>

<P><STRONG><a name="[78]"></a>strtoul</STRONG> (Thumb, 114 bytes, Stack size 40 bytes, strtoul.o(.text))
<BR><BR>[Stack]<UL><LI>Max Depth = 80<LI>Call Chain = strtoul &rArr; _strtoul
</UL>
<BR>[Calls]<UL><LI><a href="#[7b]">&gt;&gt;</a>&nbsp;&nbsp;&nbsp;_strtoul
<LI><a href="#[79]">&gt;&gt;</a>&nbsp;&nbsp;&nbsp;__aeabi_errno_addr
<LI><a href="#[7a]">&gt;&gt;</a>&nbsp;&nbsp;&nbsp;__rt_ctype_table
</UL>
<BR>[Called By]<UL><LI><a href="#[dc]">&gt;&gt;</a>&nbsp;&nbsp;&nbsp;upgrade_init_with_size
<LI><a href="#[d9]">&gt;&gt;</a>&nbsp;&nbsp;&nbsp;set_log_time
<LI><a href="#[d8]">&gt;&gt;</a>&nbsp;&nbsp;&nbsp;log_content
<LI><a href="#[d4]">&gt;&gt;</a>&nbsp;&nbsp;&nbsp;debug_dac
<LI><a href="#[d5]">&gt;&gt;</a>&nbsp;&nbsp;&nbsp;debug_adc
</UL>

<P><STRONG><a name="[7c]"></a>__aeabi_ddiv</STRONG> (Thumb, 222 bytes, Stack size 32 bytes, ddiv.o(.text))
<BR><BR>[Stack]<UL><LI>Max Depth = 40<LI>Call Chain = __aeabi_ddiv &rArr; _double_round
</UL>
<BR>[Calls]<UL><LI><a href="#[7d]">&gt;&gt;</a>&nbsp;&nbsp;&nbsp;_double_round
</UL>
<BR>[Called By]<UL><LI><a href="#[3]">&gt;&gt;</a>&nbsp;&nbsp;&nbsp;cmd_temp
<LI><a href="#[cb]">&gt;&gt;</a>&nbsp;&nbsp;&nbsp;_fp_digits
</UL>

<P><STRONG><a name="[7e]"></a>__aeabi_ui2d</STRONG> (Thumb, 26 bytes, Stack size 16 bytes, dfltui.o(.text))
<BR><BR>[Stack]<UL><LI>Max Depth = 56<LI>Call Chain = __aeabi_ui2d &rArr; _double_epilogue &rArr; _double_round
</UL>
<BR>[Calls]<UL><LI><a href="#[7f]">&gt;&gt;</a>&nbsp;&nbsp;&nbsp;_double_epilogue
</UL>
<BR>[Called By]<UL><LI><a href="#[3]">&gt;&gt;</a>&nbsp;&nbsp;&nbsp;cmd_temp
</UL>

<P><STRONG><a name="[f5]"></a>__aeabi_uidiv</STRONG> (Thumb, 0 bytes, Stack size 12 bytes, uidiv.o(.text), UNUSED)

<P><STRONG><a name="[cf]"></a>__aeabi_uidivmod</STRONG> (Thumb, 44 bytes, Stack size 12 bytes, uidiv.o(.text), UNUSED)
<BR><BR>[Called By]<UL><LI><a href="#[ca]">&gt;&gt;</a>&nbsp;&nbsp;&nbsp;_printf_core
</UL>

<P><STRONG><a name="[6d]"></a>__aeabi_llsl</STRONG> (Thumb, 30 bytes, Stack size 0 bytes, llshl.o(.text))
<BR><BR>[Called By]<UL><LI><a href="#[7f]">&gt;&gt;</a>&nbsp;&nbsp;&nbsp;_double_epilogue
<LI><a href="#[81]">&gt;&gt;</a>&nbsp;&nbsp;&nbsp;__aeabi_dadd
<LI><a href="#[86]">&gt;&gt;</a>&nbsp;&nbsp;&nbsp;__aeabi_d2ulz
<LI><a href="#[6b]">&gt;&gt;</a>&nbsp;&nbsp;&nbsp;__aeabi_uldivmod
</UL>

<P><STRONG><a name="[f6]"></a>_ll_shift_l</STRONG> (Thumb, 0 bytes, Stack size 0 bytes, llshl.o(.text), UNUSED)

<P><STRONG><a name="[6c]"></a>__aeabi_llsr</STRONG> (Thumb, 32 bytes, Stack size 0 bytes, llushr.o(.text))
<BR><BR>[Called By]<UL><LI><a href="#[7f]">&gt;&gt;</a>&nbsp;&nbsp;&nbsp;_double_epilogue
<LI><a href="#[86]">&gt;&gt;</a>&nbsp;&nbsp;&nbsp;__aeabi_d2ulz
<LI><a href="#[6b]">&gt;&gt;</a>&nbsp;&nbsp;&nbsp;__aeabi_uldivmod
</UL>

<P><STRONG><a name="[f7]"></a>_ll_ushift_r</STRONG> (Thumb, 0 bytes, Stack size 0 bytes, llushr.o(.text), UNUSED)

<P><STRONG><a name="[7a]"></a>__rt_ctype_table</STRONG> (Thumb, 4 bytes, Stack size 0 bytes, ctype_o.o(.text))
<BR><BR>[Called By]<UL><LI><a href="#[66]">&gt;&gt;</a>&nbsp;&nbsp;&nbsp;isspace
<LI><a href="#[78]">&gt;&gt;</a>&nbsp;&nbsp;&nbsp;strtoul
</UL>

<P><STRONG><a name="[66]"></a>isspace</STRONG> (Thumb, 18 bytes, Stack size 8 bytes, isspace_o.o(.text))
<BR><BR>[Stack]<UL><LI>Max Depth = 8<LI>Call Chain = isspace
</UL>
<BR>[Calls]<UL><LI><a href="#[7a]">&gt;&gt;</a>&nbsp;&nbsp;&nbsp;__rt_ctype_table
</UL>
<BR>[Address Reference Count : 1]<UL><LI> scanf_char.o(.text)
</UL>
<P><STRONG><a name="[72]"></a>tolower</STRONG> (Thumb, 12 bytes, Stack size 0 bytes, tolower.o(.text))
<BR><BR>[Called By]<UL><LI><a href="#[73]">&gt;&gt;</a>&nbsp;&nbsp;&nbsp;strncasecmp
<LI><a href="#[71]">&gt;&gt;</a>&nbsp;&nbsp;&nbsp;strcasecmp
</UL>

<P><STRONG><a name="[77]"></a>_chval</STRONG> (Thumb, 28 bytes, Stack size 0 bytes, _chval.o(.text))
<BR><BR>[Called By]<UL><LI><a href="#[7b]">&gt;&gt;</a>&nbsp;&nbsp;&nbsp;_strtoul
<LI><a href="#[76]">&gt;&gt;</a>&nbsp;&nbsp;&nbsp;_scanf_int
</UL>

<P><STRONG><a name="[75]"></a>__vfscanf_char</STRONG> (Thumb, 20 bytes, Stack size 0 bytes, scanf_char.o(.text))
<BR><BR>[Stack]<UL><LI>Max Depth = 144<LI>Call Chain = __vfscanf_char &rArr; __vfscanf &rArr; _scanf_int
</UL>
<BR>[Calls]<UL><LI><a href="#[80]">&gt;&gt;</a>&nbsp;&nbsp;&nbsp;__vfscanf
</UL>
<BR>[Called By]<UL><LI><a href="#[74]">&gt;&gt;</a>&nbsp;&nbsp;&nbsp;__0sscanf
</UL>

<P><STRONG><a name="[63]"></a>_sgetc</STRONG> (Thumb, 30 bytes, Stack size 0 bytes, _sgetc.o(.text))
<BR>[Address Reference Count : 1]<UL><LI> __0sscanf.o(.text)
</UL>
<P><STRONG><a name="[64]"></a>_sbackspace</STRONG> (Thumb, 34 bytes, Stack size 0 bytes, _sgetc.o(.text))
<BR>[Address Reference Count : 1]<UL><LI> __0sscanf.o(.text)
</UL>
<P><STRONG><a name="[7b]"></a>_strtoul</STRONG> (Thumb, 158 bytes, Stack size 40 bytes, _strtoul.o(.text))
<BR><BR>[Stack]<UL><LI>Max Depth = 40<LI>Call Chain = _strtoul
</UL>
<BR>[Calls]<UL><LI><a href="#[77]">&gt;&gt;</a>&nbsp;&nbsp;&nbsp;_chval
<LI><a href="#[79]">&gt;&gt;</a>&nbsp;&nbsp;&nbsp;__aeabi_errno_addr
</UL>
<BR>[Called By]<UL><LI><a href="#[78]">&gt;&gt;</a>&nbsp;&nbsp;&nbsp;strtoul
</UL>

<P><STRONG><a name="[f8]"></a>__I$use$fp</STRONG> (Thumb, 0 bytes, Stack size 8 bytes, iusefp.o(.text), UNUSED)

<P><STRONG><a name="[7d]"></a>_double_round</STRONG> (Thumb, 30 bytes, Stack size 8 bytes, depilogue.o(.text))
<BR><BR>[Stack]<UL><LI>Max Depth = 8<LI>Call Chain = _double_round
</UL>
<BR>[Called By]<UL><LI><a href="#[7c]">&gt;&gt;</a>&nbsp;&nbsp;&nbsp;__aeabi_ddiv
<LI><a href="#[7f]">&gt;&gt;</a>&nbsp;&nbsp;&nbsp;_double_epilogue
<LI><a href="#[81]">&gt;&gt;</a>&nbsp;&nbsp;&nbsp;__aeabi_dadd
</UL>

<P><STRONG><a name="[7f]"></a>_double_epilogue</STRONG> (Thumb, 156 bytes, Stack size 32 bytes, depilogue.o(.text))
<BR><BR>[Stack]<UL><LI>Max Depth = 40<LI>Call Chain = _double_epilogue &rArr; _double_round
</UL>
<BR>[Calls]<UL><LI><a href="#[6c]">&gt;&gt;</a>&nbsp;&nbsp;&nbsp;__aeabi_llsr
<LI><a href="#[6d]">&gt;&gt;</a>&nbsp;&nbsp;&nbsp;__aeabi_llsl
<LI><a href="#[7d]">&gt;&gt;</a>&nbsp;&nbsp;&nbsp;_double_round
</UL>
<BR>[Called By]<UL><LI><a href="#[7e]">&gt;&gt;</a>&nbsp;&nbsp;&nbsp;__aeabi_ui2d
<LI><a href="#[85]">&gt;&gt;</a>&nbsp;&nbsp;&nbsp;__aeabi_dmul
<LI><a href="#[81]">&gt;&gt;</a>&nbsp;&nbsp;&nbsp;__aeabi_dadd
</UL>

<P><STRONG><a name="[81]"></a>__aeabi_dadd</STRONG> (Thumb, 322 bytes, Stack size 48 bytes, dadd.o(.text), UNUSED)
<BR><BR>[Calls]<UL><LI><a href="#[82]">&gt;&gt;</a>&nbsp;&nbsp;&nbsp;__aeabi_lasr
<LI><a href="#[6d]">&gt;&gt;</a>&nbsp;&nbsp;&nbsp;__aeabi_llsl
<LI><a href="#[7f]">&gt;&gt;</a>&nbsp;&nbsp;&nbsp;_double_epilogue
<LI><a href="#[7d]">&gt;&gt;</a>&nbsp;&nbsp;&nbsp;_double_round
</UL>
<BR>[Called By]<UL><LI><a href="#[84]">&gt;&gt;</a>&nbsp;&nbsp;&nbsp;__aeabi_drsub
<LI><a href="#[83]">&gt;&gt;</a>&nbsp;&nbsp;&nbsp;__aeabi_dsub
<LI><a href="#[cb]">&gt;&gt;</a>&nbsp;&nbsp;&nbsp;_fp_digits
</UL>

<P><STRONG><a name="[83]"></a>__aeabi_dsub</STRONG> (Thumb, 6 bytes, Stack size 0 bytes, dadd.o(.text), UNUSED)
<BR><BR>[Calls]<UL><LI><a href="#[81]">&gt;&gt;</a>&nbsp;&nbsp;&nbsp;__aeabi_dadd
</UL>

<P><STRONG><a name="[84]"></a>__aeabi_drsub</STRONG> (Thumb, 6 bytes, Stack size 0 bytes, dadd.o(.text), UNUSED)
<BR><BR>[Calls]<UL><LI><a href="#[81]">&gt;&gt;</a>&nbsp;&nbsp;&nbsp;__aeabi_dadd
</UL>

<P><STRONG><a name="[85]"></a>__aeabi_dmul</STRONG> (Thumb, 228 bytes, Stack size 48 bytes, dmul.o(.text), UNUSED)
<BR><BR>[Calls]<UL><LI><a href="#[7f]">&gt;&gt;</a>&nbsp;&nbsp;&nbsp;_double_epilogue
</UL>
<BR>[Called By]<UL><LI><a href="#[cb]">&gt;&gt;</a>&nbsp;&nbsp;&nbsp;_fp_digits
</UL>

<P><STRONG><a name="[86]"></a>__aeabi_d2ulz</STRONG> (Thumb, 48 bytes, Stack size 0 bytes, dfixul.o(.text), UNUSED)
<BR><BR>[Calls]<UL><LI><a href="#[6c]">&gt;&gt;</a>&nbsp;&nbsp;&nbsp;__aeabi_llsr
<LI><a href="#[6d]">&gt;&gt;</a>&nbsp;&nbsp;&nbsp;__aeabi_llsl
</UL>
<BR>[Called By]<UL><LI><a href="#[cb]">&gt;&gt;</a>&nbsp;&nbsp;&nbsp;_fp_digits
</UL>

<P><STRONG><a name="[cc]"></a>__aeabi_cdrcmple</STRONG> (Thumb, 48 bytes, Stack size 0 bytes, cdrcmple.o(.text), UNUSED)
<BR><BR>[Called By]<UL><LI><a href="#[cb]">&gt;&gt;</a>&nbsp;&nbsp;&nbsp;_fp_digits
</UL>

<P><STRONG><a name="[6a]"></a>__scatterload</STRONG> (Thumb, 28 bytes, Stack size 0 bytes, init.o(.text))
<BR><BR>[Calls]<UL><LI><a href="#[87]">&gt;&gt;</a>&nbsp;&nbsp;&nbsp;__main_after_scatterload
</UL>
<BR>[Called By]<UL><LI><a href="#[69]">&gt;&gt;</a>&nbsp;&nbsp;&nbsp;_main_scatterload
</UL>

<P><STRONG><a name="[f9]"></a>__scatterload_rt2</STRONG> (Thumb, 0 bytes, Stack size 0 bytes, init.o(.text), UNUSED)

<P><STRONG><a name="[82]"></a>__aeabi_lasr</STRONG> (Thumb, 36 bytes, Stack size 0 bytes, llsshr.o(.text), UNUSED)
<BR><BR>[Called By]<UL><LI><a href="#[81]">&gt;&gt;</a>&nbsp;&nbsp;&nbsp;__aeabi_dadd
</UL>

<P><STRONG><a name="[fa]"></a>_ll_sshift_r</STRONG> (Thumb, 0 bytes, Stack size 0 bytes, llsshr.o(.text), UNUSED)

<P><STRONG><a name="[80]"></a>__vfscanf</STRONG> (Thumb, 808 bytes, Stack size 88 bytes, _scanf.o(.text))
<BR><BR>[Stack]<UL><LI>Max Depth = 144<LI>Call Chain = __vfscanf &rArr; _scanf_int
</UL>
<BR>[Calls]<UL><LI><a href="#[76]">&gt;&gt;</a>&nbsp;&nbsp;&nbsp;_scanf_int
</UL>
<BR>[Called By]<UL><LI><a href="#[75]">&gt;&gt;</a>&nbsp;&nbsp;&nbsp;__vfscanf_char
</UL>

<P><STRONG><a name="[fb]"></a>__decompress</STRONG> (Thumb, 0 bytes, Stack size unknown bytes, __dczerorl2.o(.text), UNUSED)

<P><STRONG><a name="[fc]"></a>__decompress1</STRONG> (Thumb, 86 bytes, Stack size unknown bytes, __dczerorl2.o(.text), UNUSED)

<P><STRONG><a name="[df]"></a>BE32_To_Buffer</STRONG> (Thumb, 16 bytes, Stack size 0 bytes, function.o(i.BE32_To_Buffer))
<BR><BR>[Called By]<UL><LI><a href="#[d8]">&gt;&gt;</a>&nbsp;&nbsp;&nbsp;log_content
<LI><a href="#[d6]">&gt;&gt;</a>&nbsp;&nbsp;&nbsp;debug_tag
<LI><a href="#[d4]">&gt;&gt;</a>&nbsp;&nbsp;&nbsp;debug_dac
<LI><a href="#[d5]">&gt;&gt;</a>&nbsp;&nbsp;&nbsp;debug_adc
</UL>

<P><STRONG><a name="[d2]"></a>Buffer_To_BE32</STRONG> (Thumb, 14 bytes, Stack size 0 bytes, function.o(i.Buffer_To_BE32))
<BR><BR>[Called By]<UL><LI><a href="#[3]">&gt;&gt;</a>&nbsp;&nbsp;&nbsp;cmd_temp
<LI><a href="#[4]">&gt;&gt;</a>&nbsp;&nbsp;&nbsp;cmd_device_status
<LI><a href="#[d7]">&gt;&gt;</a>&nbsp;&nbsp;&nbsp;log_packets
<LI><a href="#[d8]">&gt;&gt;</a>&nbsp;&nbsp;&nbsp;log_content
<LI><a href="#[d4]">&gt;&gt;</a>&nbsp;&nbsp;&nbsp;debug_dac
<LI><a href="#[d5]">&gt;&gt;</a>&nbsp;&nbsp;&nbsp;debug_adc
</UL>

<P><STRONG><a name="[d]"></a>BusFault_Handler</STRONG> (Thumb, 2 bytes, Stack size 0 bytes, stm32f2xx_it.o(i.BusFault_Handler))
<BR><BR>[Calls]<UL><LI><a href="#[d]">&gt;&gt;</a>&nbsp;&nbsp;&nbsp;BusFault_Handler
</UL>
<BR>[Called By]<UL><LI><a href="#[d]">&gt;&gt;</a>&nbsp;&nbsp;&nbsp;BusFault_Handler
</UL>
<BR>[Address Reference Count : 1]<UL><LI> startup_stm32f205xx.o(RESET)
</UL>
<P><STRONG><a name="[e8]"></a>Cal_CRC32</STRONG> (Thumb, 36 bytes, Stack size 12 bytes, function.o(i.Cal_CRC32))
<BR><BR>[Stack]<UL><LI>Max Depth = 12<LI>Call Chain = Cal_CRC32
</UL>
<BR>[Called By]<UL><LI><a href="#[dd]">&gt;&gt;</a>&nbsp;&nbsp;&nbsp;upgrade_file
<LI><a href="#[d1]">&gt;&gt;</a>&nbsp;&nbsp;&nbsp;process_command
</UL>

<P><STRONG><a name="[10]"></a>DebugMon_Handler</STRONG> (Thumb, 2 bytes, Stack size 0 bytes, stm32f2xx_it.o(i.DebugMon_Handler))
<BR>[Address Reference Count : 1]<UL><LI> startup_stm32f205xx.o(RESET)
</UL>
<P><STRONG><a name="[ba]"></a>Error_Handler</STRONG> (Thumb, 2 bytes, Stack size 0 bytes, main.o(i.Error_Handler))
<BR><BR>[Called By]<UL><LI><a href="#[be]">&gt;&gt;</a>&nbsp;&nbsp;&nbsp;MX_USART2_UART_Init
<LI><a href="#[bd]">&gt;&gt;</a>&nbsp;&nbsp;&nbsp;MX_USART1_UART_Init
<LI><a href="#[bc]">&gt;&gt;</a>&nbsp;&nbsp;&nbsp;MX_TIM3_Init
<LI><a href="#[b9]">&gt;&gt;</a>&nbsp;&nbsp;&nbsp;MX_TIM2_Init
</UL>

<P><STRONG><a name="[aa]"></a>HAL_DMA_Abort_IT</STRONG> (Thumb, 36 bytes, Stack size 0 bytes, stm32f2xx_hal_dma.o(i.HAL_DMA_Abort_IT))
<BR><BR>[Called By]<UL><LI><a href="#[a7]">&gt;&gt;</a>&nbsp;&nbsp;&nbsp;HAL_UART_IRQHandler
</UL>

<P><STRONG><a name="[88]"></a>HAL_Delay</STRONG> (Thumb, 32 bytes, Stack size 16 bytes, stm32f2xx_hal.o(i.HAL_Delay))
<BR><BR>[Stack]<UL><LI>Max Depth = 16<LI>Call Chain = HAL_Delay
</UL>
<BR>[Calls]<UL><LI><a href="#[89]">&gt;&gt;</a>&nbsp;&nbsp;&nbsp;HAL_GetTick
</UL>
<BR>[Called By]<UL><LI><a href="#[8]">&gt;&gt;</a>&nbsp;&nbsp;&nbsp;cmd_help
<LI><a href="#[c3]">&gt;&gt;</a>&nbsp;&nbsp;&nbsp;PRINT_HEX
<LI><a href="#[bf]">&gt;&gt;</a>&nbsp;&nbsp;&nbsp;PRINT_CHAR
</UL>

<P><STRONG><a name="[b2]"></a>HAL_GPIO_Init</STRONG> (Thumb, 444 bytes, Stack size 40 bytes, stm32f2xx_hal_gpio.o(i.HAL_GPIO_Init))
<BR><BR>[Stack]<UL><LI>Max Depth = 40<LI>Call Chain = HAL_GPIO_Init
</UL>
<BR>[Called By]<UL><LI><a href="#[af]">&gt;&gt;</a>&nbsp;&nbsp;&nbsp;HAL_UART_MspInit
<LI><a href="#[b8]">&gt;&gt;</a>&nbsp;&nbsp;&nbsp;MX_GPIO_Init
</UL>

<P><STRONG><a name="[a5]"></a>HAL_GPIO_TogglePin</STRONG> (Thumb, 12 bytes, Stack size 0 bytes, stm32f2xx_hal_gpio.o(i.HAL_GPIO_TogglePin))
<BR><BR>[Called By]<UL><LI><a href="#[a1]">&gt;&gt;</a>&nbsp;&nbsp;&nbsp;HAL_TIM_PeriodElapsedCallback
</UL>

<P><STRONG><a name="[a6]"></a>HAL_GPIO_WritePin</STRONG> (Thumb, 10 bytes, Stack size 0 bytes, stm32f2xx_hal_gpio.o(i.HAL_GPIO_WritePin))
<BR><BR>[Called By]<UL><LI><a href="#[b8]">&gt;&gt;</a>&nbsp;&nbsp;&nbsp;MX_GPIO_Init
<LI><a href="#[60]">&gt;&gt;</a>&nbsp;&nbsp;&nbsp;main
<LI><a href="#[a1]">&gt;&gt;</a>&nbsp;&nbsp;&nbsp;HAL_TIM_PeriodElapsedCallback
</UL>

<P><STRONG><a name="[89]"></a>HAL_GetTick</STRONG> (Thumb, 6 bytes, Stack size 0 bytes, stm32f2xx_hal.o(i.HAL_GetTick))
<BR><BR>[Called By]<UL><LI><a href="#[88]">&gt;&gt;</a>&nbsp;&nbsp;&nbsp;HAL_Delay
<LI><a href="#[b7]">&gt;&gt;</a>&nbsp;&nbsp;&nbsp;HAL_UART_Transmit
<LI><a href="#[93]">&gt;&gt;</a>&nbsp;&nbsp;&nbsp;HAL_RCC_OscConfig
<LI><a href="#[91]">&gt;&gt;</a>&nbsp;&nbsp;&nbsp;HAL_RCC_ClockConfig
<LI><a href="#[b3]">&gt;&gt;</a>&nbsp;&nbsp;&nbsp;HAL_UART_Receive
<LI><a href="#[b4]">&gt;&gt;</a>&nbsp;&nbsp;&nbsp;UART_WaitOnFlagUntilTimeout
</UL>

<P><STRONG><a name="[c4]"></a>HAL_IncTick</STRONG> (Thumb, 12 bytes, Stack size 0 bytes, stm32f2xx_hal.o(i.HAL_IncTick))
<BR><BR>[Called By]<UL><LI><a href="#[12]">&gt;&gt;</a>&nbsp;&nbsp;&nbsp;SysTick_Handler
</UL>

<P><STRONG><a name="[8a]"></a>HAL_Init</STRONG> (Thumb, 48 bytes, Stack size 8 bytes, stm32f2xx_hal.o(i.HAL_Init))
<BR><BR>[Stack]<UL><LI>Max Depth = 40<LI>Call Chain = HAL_Init &rArr; HAL_InitTick &rArr; HAL_NVIC_SetPriority
</UL>
<BR>[Calls]<UL><LI><a href="#[8d]">&gt;&gt;</a>&nbsp;&nbsp;&nbsp;HAL_MspInit
<LI><a href="#[8c]">&gt;&gt;</a>&nbsp;&nbsp;&nbsp;HAL_InitTick
<LI><a href="#[8b]">&gt;&gt;</a>&nbsp;&nbsp;&nbsp;HAL_NVIC_SetPriorityGrouping
</UL>
<BR>[Called By]<UL><LI><a href="#[60]">&gt;&gt;</a>&nbsp;&nbsp;&nbsp;main
</UL>

<P><STRONG><a name="[8c]"></a>HAL_InitTick</STRONG> (Thumb, 54 bytes, Stack size 16 bytes, stm32f2xx_hal.o(i.HAL_InitTick))
<BR><BR>[Stack]<UL><LI>Max Depth = 32<LI>Call Chain = HAL_InitTick &rArr; HAL_NVIC_SetPriority
</UL>
<BR>[Calls]<UL><LI><a href="#[8f]">&gt;&gt;</a>&nbsp;&nbsp;&nbsp;HAL_NVIC_SetPriority
<LI><a href="#[8e]">&gt;&gt;</a>&nbsp;&nbsp;&nbsp;HAL_SYSTICK_Config
</UL>
<BR>[Called By]<UL><LI><a href="#[91]">&gt;&gt;</a>&nbsp;&nbsp;&nbsp;HAL_RCC_ClockConfig
<LI><a href="#[8a]">&gt;&gt;</a>&nbsp;&nbsp;&nbsp;HAL_Init
</UL>

<P><STRONG><a name="[8d]"></a>HAL_MspInit</STRONG> (Thumb, 42 bytes, Stack size 8 bytes, stm32f2xx_hal_msp.o(i.HAL_MspInit))
<BR><BR>[Stack]<UL><LI>Max Depth = 8<LI>Call Chain = HAL_MspInit
</UL>
<BR>[Called By]<UL><LI><a href="#[8a]">&gt;&gt;</a>&nbsp;&nbsp;&nbsp;HAL_Init
</UL>

<P><STRONG><a name="[97]"></a>HAL_NVIC_EnableIRQ</STRONG> (Thumb, 26 bytes, Stack size 0 bytes, stm32f2xx_hal_cortex.o(i.HAL_NVIC_EnableIRQ))
<BR><BR>[Called By]<UL><LI><a href="#[af]">&gt;&gt;</a>&nbsp;&nbsp;&nbsp;HAL_UART_MspInit
<LI><a href="#[95]">&gt;&gt;</a>&nbsp;&nbsp;&nbsp;HAL_TIM_Base_MspInit
</UL>

<P><STRONG><a name="[8f]"></a>HAL_NVIC_SetPriority</STRONG> (Thumb, 60 bytes, Stack size 16 bytes, stm32f2xx_hal_cortex.o(i.HAL_NVIC_SetPriority))
<BR><BR>[Stack]<UL><LI>Max Depth = 16<LI>Call Chain = HAL_NVIC_SetPriority
</UL>
<BR>[Calls]<UL><LI><a href="#[90]">&gt;&gt;</a>&nbsp;&nbsp;&nbsp;__NVIC_SetPriority
</UL>
<BR>[Called By]<UL><LI><a href="#[af]">&gt;&gt;</a>&nbsp;&nbsp;&nbsp;HAL_UART_MspInit
<LI><a href="#[95]">&gt;&gt;</a>&nbsp;&nbsp;&nbsp;HAL_TIM_Base_MspInit
<LI><a href="#[8c]">&gt;&gt;</a>&nbsp;&nbsp;&nbsp;HAL_InitTick
</UL>

<P><STRONG><a name="[8b]"></a>HAL_NVIC_SetPriorityGrouping</STRONG> (Thumb, 26 bytes, Stack size 0 bytes, stm32f2xx_hal_cortex.o(i.HAL_NVIC_SetPriorityGrouping))
<BR><BR>[Called By]<UL><LI><a href="#[8a]">&gt;&gt;</a>&nbsp;&nbsp;&nbsp;HAL_Init
</UL>

<P><STRONG><a name="[91]"></a>HAL_RCC_ClockConfig</STRONG> (Thumb, 296 bytes, Stack size 32 bytes, stm32f2xx_hal_rcc.o(i.HAL_RCC_ClockConfig))
<BR><BR>[Stack]<UL><LI>Max Depth = 80<LI>Call Chain = HAL_RCC_ClockConfig &rArr; HAL_RCC_GetSysClockFreq &rArr; __aeabi_uldivmod
</UL>
<BR>[Calls]<UL><LI><a href="#[92]">&gt;&gt;</a>&nbsp;&nbsp;&nbsp;HAL_RCC_GetSysClockFreq
<LI><a href="#[8c]">&gt;&gt;</a>&nbsp;&nbsp;&nbsp;HAL_InitTick
<LI><a href="#[89]">&gt;&gt;</a>&nbsp;&nbsp;&nbsp;HAL_GetTick
</UL>
<BR>[Called By]<UL><LI><a href="#[c5]">&gt;&gt;</a>&nbsp;&nbsp;&nbsp;SystemClock_Config
</UL>

<P><STRONG><a name="[c7]"></a>HAL_RCC_GetPCLK1Freq</STRONG> (Thumb, 34 bytes, Stack size 0 bytes, stm32f2xx_hal_rcc.o(i.HAL_RCC_GetPCLK1Freq))
<BR><BR>[Called By]<UL><LI><a href="#[b0]">&gt;&gt;</a>&nbsp;&nbsp;&nbsp;UART_SetConfig
</UL>

<P><STRONG><a name="[c6]"></a>HAL_RCC_GetPCLK2Freq</STRONG> (Thumb, 34 bytes, Stack size 0 bytes, stm32f2xx_hal_rcc.o(i.HAL_RCC_GetPCLK2Freq))
<BR><BR>[Called By]<UL><LI><a href="#[b0]">&gt;&gt;</a>&nbsp;&nbsp;&nbsp;UART_SetConfig
</UL>

<P><STRONG><a name="[92]"></a>HAL_RCC_GetSysClockFreq</STRONG> (Thumb, 88 bytes, Stack size 8 bytes, stm32f2xx_hal_rcc.o(i.HAL_RCC_GetSysClockFreq))
<BR><BR>[Stack]<UL><LI>Max Depth = 48<LI>Call Chain = HAL_RCC_GetSysClockFreq &rArr; __aeabi_uldivmod
</UL>
<BR>[Calls]<UL><LI><a href="#[6b]">&gt;&gt;</a>&nbsp;&nbsp;&nbsp;__aeabi_uldivmod
</UL>
<BR>[Called By]<UL><LI><a href="#[91]">&gt;&gt;</a>&nbsp;&nbsp;&nbsp;HAL_RCC_ClockConfig
</UL>

<P><STRONG><a name="[93]"></a>HAL_RCC_OscConfig</STRONG> (Thumb, 826 bytes, Stack size 40 bytes, stm32f2xx_hal_rcc.o(i.HAL_RCC_OscConfig))
<BR><BR>[Stack]<UL><LI>Max Depth = 40<LI>Call Chain = HAL_RCC_OscConfig
</UL>
<BR>[Calls]<UL><LI><a href="#[89]">&gt;&gt;</a>&nbsp;&nbsp;&nbsp;HAL_GetTick
</UL>
<BR>[Called By]<UL><LI><a href="#[c5]">&gt;&gt;</a>&nbsp;&nbsp;&nbsp;SystemClock_Config
</UL>

<P><STRONG><a name="[8e]"></a>HAL_SYSTICK_Config</STRONG> (Thumb, 40 bytes, Stack size 8 bytes, stm32f2xx_hal_cortex.o(i.HAL_SYSTICK_Config))
<BR><BR>[Stack]<UL><LI>Max Depth = 8<LI>Call Chain = HAL_SYSTICK_Config
</UL>
<BR>[Calls]<UL><LI><a href="#[90]">&gt;&gt;</a>&nbsp;&nbsp;&nbsp;__NVIC_SetPriority
</UL>
<BR>[Called By]<UL><LI><a href="#[8c]">&gt;&gt;</a>&nbsp;&nbsp;&nbsp;HAL_InitTick
</UL>

<P><STRONG><a name="[a2]"></a>HAL_TIMEx_BreakCallback</STRONG> (Thumb, 2 bytes, Stack size 0 bytes, stm32f2xx_hal_tim_ex.o(i.HAL_TIMEx_BreakCallback))
<BR><BR>[Called By]<UL><LI><a href="#[9d]">&gt;&gt;</a>&nbsp;&nbsp;&nbsp;HAL_TIM_IRQHandler
</UL>

<P><STRONG><a name="[a4]"></a>HAL_TIMEx_CommutCallback</STRONG> (Thumb, 2 bytes, Stack size 0 bytes, stm32f2xx_hal_tim_ex.o(i.HAL_TIMEx_CommutCallback))
<BR><BR>[Called By]<UL><LI><a href="#[9d]">&gt;&gt;</a>&nbsp;&nbsp;&nbsp;HAL_TIM_IRQHandler
</UL>

<P><STRONG><a name="[bb]"></a>HAL_TIMEx_MasterConfigSynchronization</STRONG> (Thumb, 66 bytes, Stack size 16 bytes, stm32f2xx_hal_tim_ex.o(i.HAL_TIMEx_MasterConfigSynchronization))
<BR><BR>[Stack]<UL><LI>Max Depth = 16<LI>Call Chain = HAL_TIMEx_MasterConfigSynchronization
</UL>
<BR>[Called By]<UL><LI><a href="#[bc]">&gt;&gt;</a>&nbsp;&nbsp;&nbsp;MX_TIM3_Init
<LI><a href="#[b9]">&gt;&gt;</a>&nbsp;&nbsp;&nbsp;MX_TIM2_Init
</UL>

<P><STRONG><a name="[94]"></a>HAL_TIM_Base_Init</STRONG> (Thumb, 54 bytes, Stack size 8 bytes, stm32f2xx_hal_tim.o(i.HAL_TIM_Base_Init))
<BR><BR>[Stack]<UL><LI>Max Depth = 32<LI>Call Chain = HAL_TIM_Base_Init &rArr; HAL_TIM_Base_MspInit &rArr; HAL_NVIC_SetPriority
</UL>
<BR>[Calls]<UL><LI><a href="#[95]">&gt;&gt;</a>&nbsp;&nbsp;&nbsp;HAL_TIM_Base_MspInit
<LI><a href="#[96]">&gt;&gt;</a>&nbsp;&nbsp;&nbsp;TIM_Base_SetConfig
</UL>
<BR>[Called By]<UL><LI><a href="#[bc]">&gt;&gt;</a>&nbsp;&nbsp;&nbsp;MX_TIM3_Init
<LI><a href="#[b9]">&gt;&gt;</a>&nbsp;&nbsp;&nbsp;MX_TIM2_Init
</UL>

<P><STRONG><a name="[95]"></a>HAL_TIM_Base_MspInit</STRONG> (Thumb, 86 bytes, Stack size 8 bytes, tim.o(i.HAL_TIM_Base_MspInit))
<BR><BR>[Stack]<UL><LI>Max Depth = 24<LI>Call Chain = HAL_TIM_Base_MspInit &rArr; HAL_NVIC_SetPriority
</UL>
<BR>[Calls]<UL><LI><a href="#[8f]">&gt;&gt;</a>&nbsp;&nbsp;&nbsp;HAL_NVIC_SetPriority
<LI><a href="#[97]">&gt;&gt;</a>&nbsp;&nbsp;&nbsp;HAL_NVIC_EnableIRQ
</UL>
<BR>[Called By]<UL><LI><a href="#[94]">&gt;&gt;</a>&nbsp;&nbsp;&nbsp;HAL_TIM_Base_Init
</UL>

<P><STRONG><a name="[e2]"></a>HAL_TIM_Base_Start_IT</STRONG> (Thumb, 34 bytes, Stack size 0 bytes, stm32f2xx_hal_tim.o(i.HAL_TIM_Base_Start_IT))
<BR><BR>[Called By]<UL><LI><a href="#[60]">&gt;&gt;</a>&nbsp;&nbsp;&nbsp;main
</UL>

<P><STRONG><a name="[98]"></a>HAL_TIM_ConfigClockSource</STRONG> (Thumb, 214 bytes, Stack size 16 bytes, stm32f2xx_hal_tim.o(i.HAL_TIM_ConfigClockSource))
<BR><BR>[Stack]<UL><LI>Max Depth = 24<LI>Call Chain = HAL_TIM_ConfigClockSource &rArr; TIM_ETR_SetConfig
</UL>
<BR>[Calls]<UL><LI><a href="#[99]">&gt;&gt;</a>&nbsp;&nbsp;&nbsp;TIM_ETR_SetConfig
<LI><a href="#[9b]">&gt;&gt;</a>&nbsp;&nbsp;&nbsp;TIM_TI2_ConfigInputStage
<LI><a href="#[9a]">&gt;&gt;</a>&nbsp;&nbsp;&nbsp;TIM_TI1_ConfigInputStage
<LI><a href="#[9c]">&gt;&gt;</a>&nbsp;&nbsp;&nbsp;TIM_ITRx_SetConfig
</UL>
<BR>[Called By]<UL><LI><a href="#[bc]">&gt;&gt;</a>&nbsp;&nbsp;&nbsp;MX_TIM3_Init
<LI><a href="#[b9]">&gt;&gt;</a>&nbsp;&nbsp;&nbsp;MX_TIM2_Init
</UL>

<P><STRONG><a name="[9e]"></a>HAL_TIM_IC_CaptureCallback</STRONG> (Thumb, 2 bytes, Stack size 0 bytes, stm32f2xx_hal_tim.o(i.HAL_TIM_IC_CaptureCallback))
<BR><BR>[Called By]<UL><LI><a href="#[9d]">&gt;&gt;</a>&nbsp;&nbsp;&nbsp;HAL_TIM_IRQHandler
</UL>

<P><STRONG><a name="[9d]"></a>HAL_TIM_IRQHandler</STRONG> (Thumb, 358 bytes, Stack size 16 bytes, stm32f2xx_hal_tim.o(i.HAL_TIM_IRQHandler))
<BR><BR>[Stack]<UL><LI>Max Depth = 32<LI>Call Chain = HAL_TIM_IRQHandler &rArr; HAL_TIM_PeriodElapsedCallback
</UL>
<BR>[Calls]<UL><LI><a href="#[a1]">&gt;&gt;</a>&nbsp;&nbsp;&nbsp;HAL_TIM_PeriodElapsedCallback
<LI><a href="#[9f]">&gt;&gt;</a>&nbsp;&nbsp;&nbsp;HAL_TIM_OC_DelayElapsedCallback
<LI><a href="#[9e]">&gt;&gt;</a>&nbsp;&nbsp;&nbsp;HAL_TIM_IC_CaptureCallback
<LI><a href="#[a4]">&gt;&gt;</a>&nbsp;&nbsp;&nbsp;HAL_TIMEx_CommutCallback
<LI><a href="#[a2]">&gt;&gt;</a>&nbsp;&nbsp;&nbsp;HAL_TIMEx_BreakCallback
<LI><a href="#[a3]">&gt;&gt;</a>&nbsp;&nbsp;&nbsp;HAL_TIM_TriggerCallback
<LI><a href="#[a0]">&gt;&gt;</a>&nbsp;&nbsp;&nbsp;HAL_TIM_PWM_PulseFinishedCallback
</UL>
<BR>[Called By]<UL><LI><a href="#[30]">&gt;&gt;</a>&nbsp;&nbsp;&nbsp;TIM3_IRQHandler
<LI><a href="#[2f]">&gt;&gt;</a>&nbsp;&nbsp;&nbsp;TIM2_IRQHandler
</UL>

<P><STRONG><a name="[9f]"></a>HAL_TIM_OC_DelayElapsedCallback</STRONG> (Thumb, 2 bytes, Stack size 0 bytes, stm32f2xx_hal_tim.o(i.HAL_TIM_OC_DelayElapsedCallback))
<BR><BR>[Called By]<UL><LI><a href="#[9d]">&gt;&gt;</a>&nbsp;&nbsp;&nbsp;HAL_TIM_IRQHandler
</UL>

<P><STRONG><a name="[a0]"></a>HAL_TIM_PWM_PulseFinishedCallback</STRONG> (Thumb, 2 bytes, Stack size 0 bytes, stm32f2xx_hal_tim.o(i.HAL_TIM_PWM_PulseFinishedCallback))
<BR><BR>[Called By]<UL><LI><a href="#[9d]">&gt;&gt;</a>&nbsp;&nbsp;&nbsp;HAL_TIM_IRQHandler
</UL>

<P><STRONG><a name="[a1]"></a>HAL_TIM_PeriodElapsedCallback</STRONG> (Thumb, 150 bytes, Stack size 16 bytes, main.o(i.HAL_TIM_PeriodElapsedCallback))
<BR><BR>[Stack]<UL><LI>Max Depth = 16<LI>Call Chain = HAL_TIM_PeriodElapsedCallback
</UL>
<BR>[Calls]<UL><LI><a href="#[a6]">&gt;&gt;</a>&nbsp;&nbsp;&nbsp;HAL_GPIO_WritePin
<LI><a href="#[a5]">&gt;&gt;</a>&nbsp;&nbsp;&nbsp;HAL_GPIO_TogglePin
</UL>
<BR>[Called By]<UL><LI><a href="#[9d]">&gt;&gt;</a>&nbsp;&nbsp;&nbsp;HAL_TIM_IRQHandler
</UL>

<P><STRONG><a name="[a3]"></a>HAL_TIM_TriggerCallback</STRONG> (Thumb, 2 bytes, Stack size 0 bytes, stm32f2xx_hal_tim.o(i.HAL_TIM_TriggerCallback))
<BR><BR>[Called By]<UL><LI><a href="#[9d]">&gt;&gt;</a>&nbsp;&nbsp;&nbsp;HAL_TIM_IRQHandler
</UL>

<P><STRONG><a name="[ab]"></a>HAL_UART_ErrorCallback</STRONG> (Thumb, 2 bytes, Stack size 0 bytes, stm32f2xx_hal_uart.o(i.HAL_UART_ErrorCallback))
<BR><BR>[Called By]<UL><LI><a href="#[a7]">&gt;&gt;</a>&nbsp;&nbsp;&nbsp;HAL_UART_IRQHandler
<LI><a href="#[67]">&gt;&gt;</a>&nbsp;&nbsp;&nbsp;UART_DMAAbortOnError
</UL>

<P><STRONG><a name="[a7]"></a>HAL_UART_IRQHandler</STRONG> (Thumb, 266 bytes, Stack size 16 bytes, stm32f2xx_hal_uart.o(i.HAL_UART_IRQHandler))
<BR><BR>[Stack]<UL><LI>Max Depth = 24<LI>Call Chain = HAL_UART_IRQHandler &rArr; UART_Receive_IT
</UL>
<BR>[Calls]<UL><LI><a href="#[aa]">&gt;&gt;</a>&nbsp;&nbsp;&nbsp;HAL_DMA_Abort_IT
<LI><a href="#[ad]">&gt;&gt;</a>&nbsp;&nbsp;&nbsp;HAL_UART_TxCpltCallback
<LI><a href="#[ab]">&gt;&gt;</a>&nbsp;&nbsp;&nbsp;HAL_UART_ErrorCallback
<LI><a href="#[ac]">&gt;&gt;</a>&nbsp;&nbsp;&nbsp;UART_Transmit_IT
<LI><a href="#[a8]">&gt;&gt;</a>&nbsp;&nbsp;&nbsp;UART_Receive_IT
<LI><a href="#[a9]">&gt;&gt;</a>&nbsp;&nbsp;&nbsp;UART_EndRxTransfer
</UL>
<BR>[Called By]<UL><LI><a href="#[39]">&gt;&gt;</a>&nbsp;&nbsp;&nbsp;USART2_IRQHandler
<LI><a href="#[38]">&gt;&gt;</a>&nbsp;&nbsp;&nbsp;USART1_IRQHandler
</UL>

<P><STRONG><a name="[ae]"></a>HAL_UART_Init</STRONG> (Thumb, 98 bytes, Stack size 16 bytes, stm32f2xx_hal_uart.o(i.HAL_UART_Init))
<BR><BR>[Stack]<UL><LI>Max Depth = 104<LI>Call Chain = HAL_UART_Init &rArr; HAL_UART_MspInit &rArr; HAL_GPIO_Init
</UL>
<BR>[Calls]<UL><LI><a href="#[af]">&gt;&gt;</a>&nbsp;&nbsp;&nbsp;HAL_UART_MspInit
<LI><a href="#[b0]">&gt;&gt;</a>&nbsp;&nbsp;&nbsp;UART_SetConfig
</UL>
<BR>[Called By]<UL><LI><a href="#[be]">&gt;&gt;</a>&nbsp;&nbsp;&nbsp;MX_USART2_UART_Init
<LI><a href="#[bd]">&gt;&gt;</a>&nbsp;&nbsp;&nbsp;MX_USART1_UART_Init
</UL>

<P><STRONG><a name="[af]"></a>HAL_UART_MspInit</STRONG> (Thumb, 182 bytes, Stack size 48 bytes, usart.o(i.HAL_UART_MspInit))
<BR><BR>[Stack]<UL><LI>Max Depth = 88<LI>Call Chain = HAL_UART_MspInit &rArr; HAL_GPIO_Init
</UL>
<BR>[Calls]<UL><LI><a href="#[8f]">&gt;&gt;</a>&nbsp;&nbsp;&nbsp;HAL_NVIC_SetPriority
<LI><a href="#[97]">&gt;&gt;</a>&nbsp;&nbsp;&nbsp;HAL_NVIC_EnableIRQ
<LI><a href="#[b2]">&gt;&gt;</a>&nbsp;&nbsp;&nbsp;HAL_GPIO_Init
<LI><a href="#[b1]">&gt;&gt;</a>&nbsp;&nbsp;&nbsp;__aeabi_memclr4
</UL>
<BR>[Called By]<UL><LI><a href="#[ae]">&gt;&gt;</a>&nbsp;&nbsp;&nbsp;HAL_UART_Init
</UL>

<P><STRONG><a name="[b3]"></a>HAL_UART_Receive</STRONG> (Thumb, 184 bytes, Stack size 32 bytes, stm32f2xx_hal_uart.o(i.HAL_UART_Receive))
<BR><BR>[Stack]<UL><LI>Max Depth = 56<LI>Call Chain = HAL_UART_Receive &rArr; UART_WaitOnFlagUntilTimeout
</UL>
<BR>[Calls]<UL><LI><a href="#[b4]">&gt;&gt;</a>&nbsp;&nbsp;&nbsp;UART_WaitOnFlagUntilTimeout
<LI><a href="#[89]">&gt;&gt;</a>&nbsp;&nbsp;&nbsp;HAL_GetTick
</UL>
<BR>[Called By]<UL><LI><a href="#[dd]">&gt;&gt;</a>&nbsp;&nbsp;&nbsp;upgrade_file
<LI><a href="#[d1]">&gt;&gt;</a>&nbsp;&nbsp;&nbsp;process_command
</UL>

<P><STRONG><a name="[b6]"></a>HAL_UART_Receive_IT</STRONG> (Thumb, 82 bytes, Stack size 0 bytes, stm32f2xx_hal_uart.o(i.HAL_UART_Receive_IT))
<BR><BR>[Called By]<UL><LI><a href="#[b5]">&gt;&gt;</a>&nbsp;&nbsp;&nbsp;HAL_UART_RxCpltCallback
</UL>

<P><STRONG><a name="[b5]"></a>HAL_UART_RxCpltCallback</STRONG> (Thumb, 102 bytes, Stack size 0 bytes, main.o(i.HAL_UART_RxCpltCallback))
<BR><BR>[Calls]<UL><LI><a href="#[b6]">&gt;&gt;</a>&nbsp;&nbsp;&nbsp;HAL_UART_Receive_IT
</UL>
<BR>[Called By]<UL><LI><a href="#[a8]">&gt;&gt;</a>&nbsp;&nbsp;&nbsp;UART_Receive_IT
</UL>

<P><STRONG><a name="[b7]"></a>HAL_UART_Transmit</STRONG> (Thumb, 186 bytes, Stack size 32 bytes, stm32f2xx_hal_uart.o(i.HAL_UART_Transmit))
<BR><BR>[Stack]<UL><LI>Max Depth = 56<LI>Call Chain = HAL_UART_Transmit &rArr; UART_WaitOnFlagUntilTimeout
</UL>
<BR>[Calls]<UL><LI><a href="#[b4]">&gt;&gt;</a>&nbsp;&nbsp;&nbsp;UART_WaitOnFlagUntilTimeout
<LI><a href="#[89]">&gt;&gt;</a>&nbsp;&nbsp;&nbsp;HAL_GetTick
</UL>
<BR>[Called By]<UL><LI><a href="#[d0]">&gt;&gt;</a>&nbsp;&nbsp;&nbsp;cmd_help2
<LI><a href="#[e5]">&gt;&gt;</a>&nbsp;&nbsp;&nbsp;process_cmd
<LI><a href="#[1]">&gt;&gt;</a>&nbsp;&nbsp;&nbsp;cmd_version
<LI><a href="#[3]">&gt;&gt;</a>&nbsp;&nbsp;&nbsp;cmd_temp
<LI><a href="#[2]">&gt;&gt;</a>&nbsp;&nbsp;&nbsp;cmd_reset
<LI><a href="#[8]">&gt;&gt;</a>&nbsp;&nbsp;&nbsp;cmd_help
<LI><a href="#[4]">&gt;&gt;</a>&nbsp;&nbsp;&nbsp;cmd_device_status
<LI><a href="#[60]">&gt;&gt;</a>&nbsp;&nbsp;&nbsp;main
<LI><a href="#[dc]">&gt;&gt;</a>&nbsp;&nbsp;&nbsp;upgrade_init_with_size
<LI><a href="#[db]">&gt;&gt;</a>&nbsp;&nbsp;&nbsp;upgrade_init
<LI><a href="#[dd]">&gt;&gt;</a>&nbsp;&nbsp;&nbsp;upgrade_file
<LI><a href="#[d9]">&gt;&gt;</a>&nbsp;&nbsp;&nbsp;set_log_time
<LI><a href="#[d1]">&gt;&gt;</a>&nbsp;&nbsp;&nbsp;process_command
<LI><a href="#[d7]">&gt;&gt;</a>&nbsp;&nbsp;&nbsp;log_packets
<LI><a href="#[d8]">&gt;&gt;</a>&nbsp;&nbsp;&nbsp;log_content
<LI><a href="#[da]">&gt;&gt;</a>&nbsp;&nbsp;&nbsp;get_log_time
<LI><a href="#[d6]">&gt;&gt;</a>&nbsp;&nbsp;&nbsp;debug_tag
<LI><a href="#[d4]">&gt;&gt;</a>&nbsp;&nbsp;&nbsp;debug_dac
<LI><a href="#[d5]">&gt;&gt;</a>&nbsp;&nbsp;&nbsp;debug_adc
<LI><a href="#[c3]">&gt;&gt;</a>&nbsp;&nbsp;&nbsp;PRINT_HEX
<LI><a href="#[bf]">&gt;&gt;</a>&nbsp;&nbsp;&nbsp;PRINT_CHAR
</UL>

<P><STRONG><a name="[ad]"></a>HAL_UART_TxCpltCallback</STRONG> (Thumb, 2 bytes, Stack size 0 bytes, stm32f2xx_hal_uart.o(i.HAL_UART_TxCpltCallback))
<BR><BR>[Called By]<UL><LI><a href="#[a7]">&gt;&gt;</a>&nbsp;&nbsp;&nbsp;HAL_UART_IRQHandler
</UL>

<P><STRONG><a name="[b]"></a>HardFault_Handler</STRONG> (Thumb, 2 bytes, Stack size 0 bytes, stm32f2xx_it.o(i.HardFault_Handler))
<BR><BR>[Calls]<UL><LI><a href="#[b]">&gt;&gt;</a>&nbsp;&nbsp;&nbsp;HardFault_Handler
</UL>
<BR>[Called By]<UL><LI><a href="#[b]">&gt;&gt;</a>&nbsp;&nbsp;&nbsp;HardFault_Handler
</UL>
<BR>[Address Reference Count : 1]<UL><LI> startup_stm32f205xx.o(RESET)
</UL>
<P><STRONG><a name="[b8]"></a>MX_GPIO_Init</STRONG> (Thumb, 148 bytes, Stack size 48 bytes, gpio.o(i.MX_GPIO_Init))
<BR><BR>[Stack]<UL><LI>Max Depth = 88<LI>Call Chain = MX_GPIO_Init &rArr; HAL_GPIO_Init
</UL>
<BR>[Calls]<UL><LI><a href="#[b2]">&gt;&gt;</a>&nbsp;&nbsp;&nbsp;HAL_GPIO_Init
<LI><a href="#[a6]">&gt;&gt;</a>&nbsp;&nbsp;&nbsp;HAL_GPIO_WritePin
<LI><a href="#[b1]">&gt;&gt;</a>&nbsp;&nbsp;&nbsp;__aeabi_memclr4
</UL>
<BR>[Called By]<UL><LI><a href="#[60]">&gt;&gt;</a>&nbsp;&nbsp;&nbsp;main
</UL>

<P><STRONG><a name="[b9]"></a>MX_TIM2_Init</STRONG> (Thumb, 98 bytes, Stack size 32 bytes, tim.o(i.MX_TIM2_Init))
<BR><BR>[Stack]<UL><LI>Max Depth = 64<LI>Call Chain = MX_TIM2_Init &rArr; HAL_TIM_Base_Init &rArr; HAL_TIM_Base_MspInit &rArr; HAL_NVIC_SetPriority
</UL>
<BR>[Calls]<UL><LI><a href="#[98]">&gt;&gt;</a>&nbsp;&nbsp;&nbsp;HAL_TIM_ConfigClockSource
<LI><a href="#[94]">&gt;&gt;</a>&nbsp;&nbsp;&nbsp;HAL_TIM_Base_Init
<LI><a href="#[bb]">&gt;&gt;</a>&nbsp;&nbsp;&nbsp;HAL_TIMEx_MasterConfigSynchronization
<LI><a href="#[ba]">&gt;&gt;</a>&nbsp;&nbsp;&nbsp;Error_Handler
</UL>
<BR>[Called By]<UL><LI><a href="#[60]">&gt;&gt;</a>&nbsp;&nbsp;&nbsp;main
</UL>

<P><STRONG><a name="[bc]"></a>MX_TIM3_Init</STRONG> (Thumb, 96 bytes, Stack size 32 bytes, tim.o(i.MX_TIM3_Init))
<BR><BR>[Stack]<UL><LI>Max Depth = 64<LI>Call Chain = MX_TIM3_Init &rArr; HAL_TIM_Base_Init &rArr; HAL_TIM_Base_MspInit &rArr; HAL_NVIC_SetPriority
</UL>
<BR>[Calls]<UL><LI><a href="#[98]">&gt;&gt;</a>&nbsp;&nbsp;&nbsp;HAL_TIM_ConfigClockSource
<LI><a href="#[94]">&gt;&gt;</a>&nbsp;&nbsp;&nbsp;HAL_TIM_Base_Init
<LI><a href="#[bb]">&gt;&gt;</a>&nbsp;&nbsp;&nbsp;HAL_TIMEx_MasterConfigSynchronization
<LI><a href="#[ba]">&gt;&gt;</a>&nbsp;&nbsp;&nbsp;Error_Handler
</UL>
<BR>[Called By]<UL><LI><a href="#[60]">&gt;&gt;</a>&nbsp;&nbsp;&nbsp;main
</UL>

<P><STRONG><a name="[bd]"></a>MX_USART1_UART_Init</STRONG> (Thumb, 48 bytes, Stack size 8 bytes, usart.o(i.MX_USART1_UART_Init))
<BR><BR>[Stack]<UL><LI>Max Depth = 112<LI>Call Chain = MX_USART1_UART_Init &rArr; HAL_UART_Init &rArr; HAL_UART_MspInit &rArr; HAL_GPIO_Init
</UL>
<BR>[Calls]<UL><LI><a href="#[ae]">&gt;&gt;</a>&nbsp;&nbsp;&nbsp;HAL_UART_Init
<LI><a href="#[ba]">&gt;&gt;</a>&nbsp;&nbsp;&nbsp;Error_Handler
</UL>
<BR>[Called By]<UL><LI><a href="#[60]">&gt;&gt;</a>&nbsp;&nbsp;&nbsp;main
</UL>

<P><STRONG><a name="[be]"></a>MX_USART2_UART_Init</STRONG> (Thumb, 48 bytes, Stack size 8 bytes, usart.o(i.MX_USART2_UART_Init))
<BR><BR>[Stack]<UL><LI>Max Depth = 112<LI>Call Chain = MX_USART2_UART_Init &rArr; HAL_UART_Init &rArr; HAL_UART_MspInit &rArr; HAL_GPIO_Init
</UL>
<BR>[Calls]<UL><LI><a href="#[ae]">&gt;&gt;</a>&nbsp;&nbsp;&nbsp;HAL_UART_Init
<LI><a href="#[ba]">&gt;&gt;</a>&nbsp;&nbsp;&nbsp;Error_Handler
</UL>
<BR>[Called By]<UL><LI><a href="#[60]">&gt;&gt;</a>&nbsp;&nbsp;&nbsp;main
</UL>

<P><STRONG><a name="[c]"></a>MemManage_Handler</STRONG> (Thumb, 2 bytes, Stack size 0 bytes, stm32f2xx_it.o(i.MemManage_Handler))
<BR><BR>[Calls]<UL><LI><a href="#[c]">&gt;&gt;</a>&nbsp;&nbsp;&nbsp;MemManage_Handler
</UL>
<BR>[Called By]<UL><LI><a href="#[c]">&gt;&gt;</a>&nbsp;&nbsp;&nbsp;MemManage_Handler
</UL>
<BR>[Address Reference Count : 1]<UL><LI> startup_stm32f205xx.o(RESET)
</UL>
<P><STRONG><a name="[a]"></a>NMI_Handler</STRONG> (Thumb, 2 bytes, Stack size 0 bytes, stm32f2xx_it.o(i.NMI_Handler))
<BR>[Address Reference Count : 1]<UL><LI> startup_stm32f205xx.o(RESET)
</UL>
<P><STRONG><a name="[bf]"></a>PRINT_CHAR</STRONG> (Thumb, 310 bytes, Stack size 24 bytes, function.o(i.PRINT_CHAR))
<BR><BR>[Stack]<UL><LI>Max Depth = 80<LI>Call Chain = PRINT_CHAR &rArr; HAL_UART_Transmit &rArr; UART_WaitOnFlagUntilTimeout
</UL>
<BR>[Calls]<UL><LI><a href="#[88]">&gt;&gt;</a>&nbsp;&nbsp;&nbsp;HAL_Delay
<LI><a href="#[c2]">&gt;&gt;</a>&nbsp;&nbsp;&nbsp;serial_tx
<LI><a href="#[b7]">&gt;&gt;</a>&nbsp;&nbsp;&nbsp;HAL_UART_Transmit
<LI><a href="#[c0]">&gt;&gt;</a>&nbsp;&nbsp;&nbsp;__2sprintf
<LI><a href="#[c1]">&gt;&gt;</a>&nbsp;&nbsp;&nbsp;strlen
</UL>
<BR>[Called By]<UL><LI><a href="#[d8]">&gt;&gt;</a>&nbsp;&nbsp;&nbsp;log_content
</UL>

<P><STRONG><a name="[c3]"></a>PRINT_HEX</STRONG> (Thumb, 294 bytes, Stack size 24 bytes, function.o(i.PRINT_HEX))
<BR><BR>[Stack]<UL><LI>Max Depth = 80<LI>Call Chain = PRINT_HEX &rArr; HAL_UART_Transmit &rArr; UART_WaitOnFlagUntilTimeout
</UL>
<BR>[Calls]<UL><LI><a href="#[88]">&gt;&gt;</a>&nbsp;&nbsp;&nbsp;HAL_Delay
<LI><a href="#[c2]">&gt;&gt;</a>&nbsp;&nbsp;&nbsp;serial_tx
<LI><a href="#[b7]">&gt;&gt;</a>&nbsp;&nbsp;&nbsp;HAL_UART_Transmit
<LI><a href="#[c0]">&gt;&gt;</a>&nbsp;&nbsp;&nbsp;__2sprintf
<LI><a href="#[c1]">&gt;&gt;</a>&nbsp;&nbsp;&nbsp;strlen
</UL>
<BR>[Called By]<UL><LI><a href="#[d1]">&gt;&gt;</a>&nbsp;&nbsp;&nbsp;process_command
</UL>

<P><STRONG><a name="[11]"></a>PendSV_Handler</STRONG> (Thumb, 2 bytes, Stack size 0 bytes, stm32f2xx_it.o(i.PendSV_Handler))
<BR>[Address Reference Count : 1]<UL><LI> startup_stm32f205xx.o(RESET)
</UL>
<P><STRONG><a name="[f]"></a>SVC_Handler</STRONG> (Thumb, 2 bytes, Stack size 0 bytes, stm32f2xx_it.o(i.SVC_Handler))
<BR>[Address Reference Count : 1]<UL><LI> startup_stm32f205xx.o(RESET)
</UL>
<P><STRONG><a name="[12]"></a>SysTick_Handler</STRONG> (Thumb, 4 bytes, Stack size 0 bytes, stm32f2xx_it.o(i.SysTick_Handler))
<BR><BR>[Calls]<UL><LI><a href="#[c4]">&gt;&gt;</a>&nbsp;&nbsp;&nbsp;HAL_IncTick
</UL>
<BR>[Address Reference Count : 1]<UL><LI> startup_stm32f205xx.o(RESET)
</UL>
<P><STRONG><a name="[c5]"></a>SystemClock_Config</STRONG> (Thumb, 86 bytes, Stack size 80 bytes, main.o(i.SystemClock_Config))
<BR><BR>[Stack]<UL><LI>Max Depth = 160<LI>Call Chain = SystemClock_Config &rArr; HAL_RCC_ClockConfig &rArr; HAL_RCC_GetSysClockFreq &rArr; __aeabi_uldivmod
</UL>
<BR>[Calls]<UL><LI><a href="#[93]">&gt;&gt;</a>&nbsp;&nbsp;&nbsp;HAL_RCC_OscConfig
<LI><a href="#[91]">&gt;&gt;</a>&nbsp;&nbsp;&nbsp;HAL_RCC_ClockConfig
<LI><a href="#[b1]">&gt;&gt;</a>&nbsp;&nbsp;&nbsp;__aeabi_memclr4
</UL>
<BR>[Called By]<UL><LI><a href="#[60]">&gt;&gt;</a>&nbsp;&nbsp;&nbsp;main
</UL>

<P><STRONG><a name="[61]"></a>SystemInit</STRONG> (Thumb, 54 bytes, Stack size 0 bytes, system_stm32f2xx.o(i.SystemInit))
<BR>[Address Reference Count : 1]<UL><LI> startup_stm32f205xx.o(.text)
</UL>
<P><STRONG><a name="[2f]"></a>TIM2_IRQHandler</STRONG> (Thumb, 6 bytes, Stack size 0 bytes, stm32f2xx_it.o(i.TIM2_IRQHandler))
<BR><BR>[Stack]<UL><LI>Max Depth = 32<LI>Call Chain = TIM2_IRQHandler &rArr; HAL_TIM_IRQHandler &rArr; HAL_TIM_PeriodElapsedCallback
</UL>
<BR>[Calls]<UL><LI><a href="#[9d]">&gt;&gt;</a>&nbsp;&nbsp;&nbsp;HAL_TIM_IRQHandler
</UL>
<BR>[Address Reference Count : 1]<UL><LI> startup_stm32f205xx.o(RESET)
</UL>
<P><STRONG><a name="[30]"></a>TIM3_IRQHandler</STRONG> (Thumb, 6 bytes, Stack size 0 bytes, stm32f2xx_it.o(i.TIM3_IRQHandler))
<BR><BR>[Stack]<UL><LI>Max Depth = 32<LI>Call Chain = TIM3_IRQHandler &rArr; HAL_TIM_IRQHandler &rArr; HAL_TIM_PeriodElapsedCallback
</UL>
<BR>[Calls]<UL><LI><a href="#[9d]">&gt;&gt;</a>&nbsp;&nbsp;&nbsp;HAL_TIM_IRQHandler
</UL>
<BR>[Address Reference Count : 1]<UL><LI> startup_stm32f205xx.o(RESET)
</UL>
<P><STRONG><a name="[96]"></a>TIM_Base_SetConfig</STRONG> (Thumb, 156 bytes, Stack size 20 bytes, stm32f2xx_hal_tim.o(i.TIM_Base_SetConfig))
<BR><BR>[Stack]<UL><LI>Max Depth = 20<LI>Call Chain = TIM_Base_SetConfig
</UL>
<BR>[Called By]<UL><LI><a href="#[94]">&gt;&gt;</a>&nbsp;&nbsp;&nbsp;HAL_TIM_Base_Init
</UL>

<P><STRONG><a name="[99]"></a>TIM_ETR_SetConfig</STRONG> (Thumb, 20 bytes, Stack size 8 bytes, stm32f2xx_hal_tim.o(i.TIM_ETR_SetConfig))
<BR><BR>[Stack]<UL><LI>Max Depth = 8<LI>Call Chain = TIM_ETR_SetConfig
</UL>
<BR>[Called By]<UL><LI><a href="#[98]">&gt;&gt;</a>&nbsp;&nbsp;&nbsp;HAL_TIM_ConfigClockSource
</UL>

<P><STRONG><a name="[38]"></a>USART1_IRQHandler</STRONG> (Thumb, 148 bytes, Stack size 24 bytes, stm32f2xx_it.o(i.USART1_IRQHandler))
<BR><BR>[Stack]<UL><LI>Max Depth = 48<LI>Call Chain = USART1_IRQHandler &rArr; HAL_UART_IRQHandler &rArr; UART_Receive_IT
</UL>
<BR>[Calls]<UL><LI><a href="#[a7]">&gt;&gt;</a>&nbsp;&nbsp;&nbsp;HAL_UART_IRQHandler
<LI><a href="#[c8]">&gt;&gt;</a>&nbsp;&nbsp;&nbsp;rb_remove
</UL>
<BR>[Address Reference Count : 1]<UL><LI> startup_stm32f205xx.o(RESET)
</UL>
<P><STRONG><a name="[39]"></a>USART2_IRQHandler</STRONG> (Thumb, 6 bytes, Stack size 0 bytes, stm32f2xx_it.o(i.USART2_IRQHandler))
<BR><BR>[Stack]<UL><LI>Max Depth = 24<LI>Call Chain = USART2_IRQHandler &rArr; HAL_UART_IRQHandler &rArr; UART_Receive_IT
</UL>
<BR>[Calls]<UL><LI><a href="#[a7]">&gt;&gt;</a>&nbsp;&nbsp;&nbsp;HAL_UART_IRQHandler
</UL>
<BR>[Address Reference Count : 1]<UL><LI> startup_stm32f205xx.o(RESET)
</UL>
<P><STRONG><a name="[e]"></a>UsageFault_Handler</STRONG> (Thumb, 2 bytes, Stack size 0 bytes, stm32f2xx_it.o(i.UsageFault_Handler))
<BR><BR>[Calls]<UL><LI><a href="#[e]">&gt;&gt;</a>&nbsp;&nbsp;&nbsp;UsageFault_Handler
</UL>
<BR>[Called By]<UL><LI><a href="#[e]">&gt;&gt;</a>&nbsp;&nbsp;&nbsp;UsageFault_Handler
</UL>
<BR>[Address Reference Count : 1]<UL><LI> startup_stm32f205xx.o(RESET)
</UL>
<P><STRONG><a name="[c9]"></a>__0sprintf</STRONG> (Thumb, 34 bytes, Stack size 24 bytes, printfa.o(i.__0sprintf), UNUSED)
<BR><BR>[Calls]<UL><LI><a href="#[68]">&gt;&gt;</a>&nbsp;&nbsp;&nbsp;_sputc
<LI><a href="#[ca]">&gt;&gt;</a>&nbsp;&nbsp;&nbsp;_printf_core
</UL>

<P><STRONG><a name="[fd]"></a>__1sprintf</STRONG> (Thumb, 0 bytes, Stack size 24 bytes, printfa.o(i.__0sprintf), UNUSED)

<P><STRONG><a name="[c0]"></a>__2sprintf</STRONG> (Thumb, 0 bytes, Stack size 24 bytes, printfa.o(i.__0sprintf))
<BR><BR>[Stack]<UL><LI>Max Depth = 24<LI>Call Chain = __2sprintf
</UL>
<BR>[Called By]<UL><LI><a href="#[d0]">&gt;&gt;</a>&nbsp;&nbsp;&nbsp;cmd_help2
<LI><a href="#[e5]">&gt;&gt;</a>&nbsp;&nbsp;&nbsp;process_cmd
<LI><a href="#[1]">&gt;&gt;</a>&nbsp;&nbsp;&nbsp;cmd_version
<LI><a href="#[3]">&gt;&gt;</a>&nbsp;&nbsp;&nbsp;cmd_temp
<LI><a href="#[2]">&gt;&gt;</a>&nbsp;&nbsp;&nbsp;cmd_reset
<LI><a href="#[8]">&gt;&gt;</a>&nbsp;&nbsp;&nbsp;cmd_help
<LI><a href="#[4]">&gt;&gt;</a>&nbsp;&nbsp;&nbsp;cmd_device_status
<LI><a href="#[60]">&gt;&gt;</a>&nbsp;&nbsp;&nbsp;main
<LI><a href="#[dc]">&gt;&gt;</a>&nbsp;&nbsp;&nbsp;upgrade_init_with_size
<LI><a href="#[db]">&gt;&gt;</a>&nbsp;&nbsp;&nbsp;upgrade_init
<LI><a href="#[dd]">&gt;&gt;</a>&nbsp;&nbsp;&nbsp;upgrade_file
<LI><a href="#[d9]">&gt;&gt;</a>&nbsp;&nbsp;&nbsp;set_log_time
<LI><a href="#[d1]">&gt;&gt;</a>&nbsp;&nbsp;&nbsp;process_command
<LI><a href="#[d7]">&gt;&gt;</a>&nbsp;&nbsp;&nbsp;log_packets
<LI><a href="#[d8]">&gt;&gt;</a>&nbsp;&nbsp;&nbsp;log_content
<LI><a href="#[da]">&gt;&gt;</a>&nbsp;&nbsp;&nbsp;get_log_time
<LI><a href="#[d6]">&gt;&gt;</a>&nbsp;&nbsp;&nbsp;debug_tag
<LI><a href="#[d4]">&gt;&gt;</a>&nbsp;&nbsp;&nbsp;debug_dac
<LI><a href="#[d5]">&gt;&gt;</a>&nbsp;&nbsp;&nbsp;debug_adc
<LI><a href="#[c3]">&gt;&gt;</a>&nbsp;&nbsp;&nbsp;PRINT_HEX
<LI><a href="#[bf]">&gt;&gt;</a>&nbsp;&nbsp;&nbsp;PRINT_CHAR
</UL>

<P><STRONG><a name="[fe]"></a>__c89sprintf</STRONG> (Thumb, 0 bytes, Stack size 24 bytes, printfa.o(i.__0sprintf), UNUSED)

<P><STRONG><a name="[ff]"></a>sprintf</STRONG> (Thumb, 0 bytes, Stack size 24 bytes, printfa.o(i.__0sprintf), UNUSED)

<P><STRONG><a name="[79]"></a>__aeabi_errno_addr</STRONG> (Thumb, 4 bytes, Stack size 0 bytes, errno.o(i.__aeabi_errno_addr))
<BR><BR>[Called By]<UL><LI><a href="#[7b]">&gt;&gt;</a>&nbsp;&nbsp;&nbsp;_strtoul
<LI><a href="#[78]">&gt;&gt;</a>&nbsp;&nbsp;&nbsp;strtoul
</UL>

<P><STRONG><a name="[100]"></a>__rt_errno_addr</STRONG> (Thumb, 0 bytes, Stack size 0 bytes, errno.o(i.__aeabi_errno_addr), UNUSED)

<P><STRONG><a name="[101]"></a>__scatterload_copy</STRONG> (Thumb, 14 bytes, Stack size unknown bytes, handlers.o(i.__scatterload_copy), UNUSED)

<P><STRONG><a name="[102]"></a>__scatterload_null</STRONG> (Thumb, 2 bytes, Stack size unknown bytes, handlers.o(i.__scatterload_null), UNUSED)

<P><STRONG><a name="[103]"></a>__scatterload_zeroinit</STRONG> (Thumb, 14 bytes, Stack size unknown bytes, handlers.o(i.__scatterload_zeroinit), UNUSED)

<P><STRONG><a name="[4]"></a>cmd_device_status</STRONG> (Thumb, 120 bytes, Stack size 16 bytes, function.o(i.cmd_device_status))
<BR><BR>[Stack]<UL><LI>Max Depth = 128<LI>Call Chain = cmd_device_status &rArr; process_command &rArr; PRINT_HEX &rArr; HAL_UART_Transmit &rArr; UART_WaitOnFlagUntilTimeout
</UL>
<BR>[Calls]<UL><LI><a href="#[d0]">&gt;&gt;</a>&nbsp;&nbsp;&nbsp;cmd_help2
[...]
</UL>
<BR>[Calls]<UL><LI><a href="#[d0]">&gt;&gt;</a>&nbsp;&nbsp;&nbsp;cmd_help2
<LI><a href="#[c2]">&gt;&gt;</a>&nbsp;&nbsp;&nbsp;serial_tx
<LI><a href="#[b7]">&gt;&gt;</a>&nbsp;&nbsp;&nbsp;HAL_UART_Transmit
<LI><a href="#[d1]">&gt;&gt;</a>&nbsp;&nbsp;&nbsp;process_command
<LI><a href="#[d2]">&gt;&gt;</a>&nbsp;&nbsp;&nbsp;Buffer_To_BE32
<LI><a href="#[df]">&gt;&gt;</a>&nbsp;&nbsp;&nbsp;BE32_To_Buffer
<LI><a href="#[78]">&gt;&gt;</a>&nbsp;&nbsp;&nbsp;strtoul
<LI><a href="#[74]">&gt;&gt;</a>&nbsp;&nbsp;&nbsp;__0sscanf
<LI><a href="#[c0]">&gt;&gt;</a>&nbsp;&nbsp;&nbsp;__2sprintf
<LI><a href="#[73]">&gt;&gt;</a>&nbsp;&nbsp;&nbsp;strncasecmp
<LI><a href="#[71]">&gt;&gt;</a>&nbsp;&nbsp;&nbsp;strcasecmp
<LI><a href="#[c1]">&gt;&gt;</a>&nbsp;&nbsp;&nbsp;strlen
</UL>
<BR>[Called By]<UL><LI><a href="#[7]">&gt;&gt;</a>&nbsp;&nbsp;&nbsp;cmd_for_debug
</UL>

<P><STRONG><a name="[d6]"></a>debug_tag</STRONG> (Thumb, 250 bytes, Stack size 24 bytes, function.o(i.debug_tag))
<BR><BR>[Stack]<UL><LI>Max Depth = 136<LI>Call Chain = debug_tag &rArr; process_command &rArr; PRINT_HEX &rArr; HAL_UART_Transmit &rArr; UART_WaitOnFlagUntilTimeout
</UL>
<BR>[Calls]<UL><LI><a href="#[d0]">&gt;&gt;</a>&nbsp;&nbsp;&nbsp;cmd_help2
<LI><a href="#[c2]">&gt;&gt;</a>&nbsp;&nbsp;&nbsp;serial_tx
<LI><a href="#[b7]">&gt;&gt;</a>&nbsp;&nbsp;&nbsp;HAL_UART_Transmit
<LI><a href="#[d1]">&gt;&gt;</a>&nbsp;&nbsp;&nbsp;process_command
<LI><a href="#[df]">&gt;&gt;</a>&nbsp;&nbsp;&nbsp;BE32_To_Buffer
<LI><a href="#[c0]">&gt;&gt;</a>&nbsp;&nbsp;&nbsp;__2sprintf
<LI><a href="#[71]">&gt;&gt;</a>&nbsp;&nbsp;&nbsp;strcasecmp
<LI><a href="#[e0]">&gt;&gt;</a>&nbsp;&nbsp;&nbsp;strcpy
<LI><a href="#[c1]">&gt;&gt;</a>&nbsp;&nbsp;&nbsp;strlen
</UL>
<BR>[Called By]<UL><LI><a href="#[7]">&gt;&gt;</a>&nbsp;&nbsp;&nbsp;cmd_for_debug
</UL>

<P><STRONG><a name="[da]"></a>get_log_time</STRONG> (Thumb, 88 bytes, Stack size 16 bytes, function.o(i.get_log_time))
<BR><BR>[Stack]<UL><LI>Max Depth = 128<LI>Call Chain = get_log_time &rArr; process_command &rArr; PRINT_HEX &rArr; HAL_UART_Transmit &rArr; UART_WaitOnFlagUntilTimeout
</UL>
<BR>[Calls]<UL><LI><a href="#[c2]">&gt;&gt;</a>&nbsp;&nbsp;&nbsp;serial_tx
<LI><a href="#[b7]">&gt;&gt;</a>&nbsp;&nbsp;&nbsp;HAL_UART_Transmit
<LI><a href="#[d1]">&gt;&gt;</a>&nbsp;&nbsp;&nbsp;process_command
<LI><a href="#[c0]">&gt;&gt;</a>&nbsp;&nbsp;&nbsp;__2sprintf
<LI><a href="#[c1]">&gt;&gt;</a>&nbsp;&nbsp;&nbsp;strlen
</UL>
<BR>[Called By]<UL><LI><a href="#[5]">&gt;&gt;</a>&nbsp;&nbsp;&nbsp;cmd_time
</UL>

<P><STRONG><a name="[d8]"></a>log_content</STRONG> (Thumb, 166 bytes, Stack size 16 bytes, function.o(i.log_content))
<BR><BR>[Stack]<UL><LI>Max Depth = 128<LI>Call Chain = log_content &rArr; process_command &rArr; PRINT_HEX &rArr; HAL_UART_Transmit &rArr; UART_WaitOnFlagUntilTimeout
</UL>
<BR>[Calls]<UL><LI><a href="#[c2]">&gt;&gt;</a>&nbsp;&nbsp;&nbsp;serial_tx
<LI><a href="#[b7]">&gt;&gt;</a>&nbsp;&nbsp;&nbsp;HAL_UART_Transmit
<LI><a href="#[d1]">&gt;&gt;</a>&nbsp;&nbsp;&nbsp;process_command
<LI><a href="#[bf]">&gt;&gt;</a>&nbsp;&nbsp;&nbsp;PRINT_CHAR
<LI><a href="#[d2]">&gt;&gt;</a>&nbsp;&nbsp;&nbsp;Buffer_To_BE32
<LI><a href="#[df]">&gt;&gt;</a>&nbsp;&nbsp;&nbsp;BE32_To_Buffer
<LI><a href="#[78]">&gt;&gt;</a>&nbsp;&nbsp;&nbsp;strtoul
<LI><a href="#[c0]">&gt;&gt;</a>&nbsp;&nbsp;&nbsp;__2sprintf
<LI><a href="#[c1]">&gt;&gt;</a>&nbsp;&nbsp;&nbsp;strlen
</UL>
<BR>[Called By]<UL><LI><a href="#[6]">&gt;&gt;</a>&nbsp;&nbsp;&nbsp;cmd_log
</UL>

<P><STRONG><a name="[d7]"></a>log_packets</STRONG> (Thumb, 104 bytes, Stack size 16 bytes, function.o(i.log_packets))
<BR><BR>[Stack]<UL><LI>Max Depth = 128<LI>Call Chain = log_packets &rArr; process_command &rArr; PRINT_HEX &rArr; HAL_UART_Transmit &rArr; UART_WaitOnFlagUntilTimeout
</UL>
<BR>[Calls]<UL><LI><a href="#[c2]">&gt;&gt;</a>&nbsp;&nbsp;&nbsp;serial_tx
<LI><a href="#[b7]">&gt;&gt;</a>&nbsp;&nbsp;&nbsp;HAL_UART_Transmit
<LI><a href="#[d1]">&gt;&gt;</a>&nbsp;&nbsp;&nbsp;process_command
<LI><a href="#[d2]">&gt;&gt;</a>&nbsp;&nbsp;&nbsp;Buffer_To_BE32
<LI><a href="#[c0]">&gt;&gt;</a>&nbsp;&nbsp;&nbsp;__2sprintf
<LI><a href="#[c1]">&gt;&gt;</a>&nbsp;&nbsp;&nbsp;strlen
</UL>
<BR>[Called By]<UL><LI><a href="#[6]">&gt;&gt;</a>&nbsp;&nbsp;&nbsp;cmd_log
</UL>

<P><STRONG><a name="[60]"></a>main</STRONG> (Thumb, 498 bytes, Stack size 264 bytes, main.o(i.main))
<BR><BR>[Stack]<UL><LI>Max Depth = 480<LI>Call Chain = main &rArr; process_cmd &rArr; HAL_UART_Transmit &rArr; UART_WaitOnFlagUntilTimeout
</UL>
<BR>[Calls]<UL><LI><a href="#[c2]">&gt;&gt;</a>&nbsp;&nbsp;&nbsp;serial_tx
<LI><a href="#[e4]">&gt;&gt;</a>&nbsp;&nbsp;&nbsp;serial_read
<LI><a href="#[e3]">&gt;&gt;</a>&nbsp;&nbsp;&nbsp;serial_available
<LI><a href="#[e5]">&gt;&gt;</a>&nbsp;&nbsp;&nbsp;process_cmd
<LI><a href="#[be]">&gt;&gt;</a>&nbsp;&nbsp;&nbsp;MX_USART2_UART_Init
<LI><a href="#[bd]">&gt;&gt;</a>&nbsp;&nbsp;&nbsp;MX_USART1_UART_Init
<LI><a href="#[bc]">&gt;&gt;</a>&nbsp;&nbsp;&nbsp;MX_TIM3_Init
<LI><a href="#[b9]">&gt;&gt;</a>&nbsp;&nbsp;&nbsp;MX_TIM2_Init
<LI><a href="#[b8]">&gt;&gt;</a>&nbsp;&nbsp;&nbsp;MX_GPIO_Init
<LI><a href="#[b7]">&gt;&gt;</a>&nbsp;&nbsp;&nbsp;HAL_UART_Transmit
<LI><a href="#[e2]">&gt;&gt;</a>&nbsp;&nbsp;&nbsp;HAL_TIM_Base_Start_IT
<LI><a href="#[8a]">&gt;&gt;</a>&nbsp;&nbsp;&nbsp;HAL_Init
<LI><a href="#[a6]">&gt;&gt;</a>&nbsp;&nbsp;&nbsp;HAL_GPIO_WritePin
<LI><a href="#[c5]">&gt;&gt;</a>&nbsp;&nbsp;&nbsp;SystemClock_Config
<LI><a href="#[e1]">&gt;&gt;</a>&nbsp;&nbsp;&nbsp;rb_init
<LI><a href="#[c0]">&gt;&gt;</a>&nbsp;&nbsp;&nbsp;__2sprintf
<LI><a href="#[c1]">&gt;&gt;</a>&nbsp;&nbsp;&nbsp;strlen
</UL>
<BR>[Address Reference Count : 1]<UL><LI> entry9a.o(.ARM.Collect$$$$0000000B)
</UL>
<P><STRONG><a name="[e5]"></a>process_cmd</STRONG> (Thumb, 220 bytes, Stack size 160 bytes, cmd.o(i.process_cmd))
<BR><BR>[Stack]<UL><LI>Max Depth = 216<LI>Call Chain = process_cmd &rArr; HAL_UART_Transmit &rArr; UART_WaitOnFlagUntilTimeout
</UL>
<BR>[Calls]<UL><LI><a href="#[c2]">&gt;&gt;</a>&nbsp;&nbsp;&nbsp;serial_tx
<LI><a href="#[b7]">&gt;&gt;</a>&nbsp;&nbsp;&nbsp;HAL_UART_Transmit
<LI><a href="#[c0]">&gt;&gt;</a>&nbsp;&nbsp;&nbsp;__2sprintf
<LI><a href="#[71]">&gt;&gt;</a>&nbsp;&nbsp;&nbsp;strcasecmp
<LI><a href="#[e6]">&gt;&gt;</a>&nbsp;&nbsp;&nbsp;strtok
<LI><a href="#[c1]">&gt;&gt;</a>&nbsp;&nbsp;&nbsp;strlen
</UL>
<BR>[Called By]<UL><LI><a href="#[60]">&gt;&gt;</a>&nbsp;&nbsp;&nbsp;main
</UL>

<P><STRONG><a name="[d1]"></a>process_command</STRONG> (Thumb, 570 bytes, Stack size 32 bytes, function.o(i.process_command))
<BR><BR>[Stack]<UL><LI>Max Depth = 112<LI>Call Chain = process_command &rArr; PRINT_HEX &rArr; HAL_UART_Transmit &rArr; UART_WaitOnFlagUntilTimeout
</UL>
<BR>[Calls]<UL><LI><a href="#[c2]">&gt;&gt;</a>&nbsp;&nbsp;&nbsp;serial_tx
<LI><a href="#[b7]">&gt;&gt;</a>&nbsp;&nbsp;&nbsp;HAL_UART_Transmit
<LI><a href="#[b3]">&gt;&gt;</a>&nbsp;&nbsp;&nbsp;HAL_UART_Receive
<LI><a href="#[c3]">&gt;&gt;</a>&nbsp;&nbsp;&nbsp;PRINT_HEX
<LI><a href="#[e8]">&gt;&gt;</a>&nbsp;&nbsp;&nbsp;Cal_CRC32
<LI><a href="#[c0]">&gt;&gt;</a>&nbsp;&nbsp;&nbsp;__2sprintf
<LI><a href="#[c1]">&gt;&gt;</a>&nbsp;&nbsp;&nbsp;strlen
<LI><a href="#[e7]">&gt;&gt;</a>&nbsp;&nbsp;&nbsp;__aeabi_memcpy
</UL>
<BR>[Called By]<UL><LI><a href="#[1]">&gt;&gt;</a>&nbsp;&nbsp;&nbsp;cmd_version
<LI><a href="#[3]">&gt;&gt;</a>&nbsp;&nbsp;&nbsp;cmd_temp
<LI><a href="#[2]">&gt;&gt;</a>&nbsp;&nbsp;&nbsp;cmd_reset
<LI><a href="#[4]">&gt;&gt;</a>&nbsp;&nbsp;&nbsp;cmd_device_status
<LI><a href="#[de]">&gt;&gt;</a>&nbsp;&nbsp;&nbsp;upgrade_install
<LI><a href="#[dc]">&gt;&gt;</a>&nbsp;&nbsp;&nbsp;upgrade_init_with_size
<LI><a href="#[db]">&gt;&gt;</a>&nbsp;&nbsp;&nbsp;upgrade_init
<LI><a href="#[dd]">&gt;&gt;</a>&nbsp;&nbsp;&nbsp;upgrade_file
<LI><a href="#[d9]">&gt;&gt;</a>&nbsp;&nbsp;&nbsp;set_log_time
<LI><a href="#[d7]">&gt;&gt;</a>&nbsp;&nbsp;&nbsp;log_packets
<LI><a href="#[d8]">&gt;&gt;</a>&nbsp;&nbsp;&nbsp;log_content
<LI><a href="#[da]">&gt;&gt;</a>&nbsp;&nbsp;&nbsp;get_log_time
<LI><a href="#[d6]">&gt;&gt;</a>&nbsp;&nbsp;&nbsp;debug_tag
<LI><a href="#[d4]">&gt;&gt;</a>&nbsp;&nbsp;&nbsp;debug_dac
<LI><a href="#[d5]">&gt;&gt;</a>&nbsp;&nbsp;&nbsp;debug_adc
</UL>

<P><STRONG><a name="[e3]"></a>serial_available</STRONG> (Thumb, 30 bytes, Stack size 0 bytes, usart.o(i.serial_available))
<BR><BR>[Called By]<UL><LI><a href="#[60]">&gt;&gt;</a>&nbsp;&nbsp;&nbsp;main
</UL>

<P><STRONG><a name="[e4]"></a>serial_read</STRONG> (Thumb, 32 bytes, Stack size 0 bytes, usart.o(i.serial_read))
<BR><BR>[Called By]<UL><LI><a href="#[60]">&gt;&gt;</a>&nbsp;&nbsp;&nbsp;main
</UL>

<P><STRONG><a name="[c2]"></a>serial_tx</STRONG> (Thumb, 144 bytes, Stack size 24 bytes, usart.o(i.serial_tx))
<BR><BR>[Stack]<UL><LI>Max Depth = 24<LI>Call Chain = serial_tx
</UL>
<BR>[Calls]<UL><LI><a href="#[e9]">&gt;&gt;</a>&nbsp;&nbsp;&nbsp;rb_is_empty
</UL>
<BR>[Called By]<UL><LI><a href="#[d0]">&gt;&gt;</a>&nbsp;&nbsp;&nbsp;cmd_help2
<LI><a href="#[e5]">&gt;&gt;</a>&nbsp;&nbsp;&nbsp;process_cmd
<LI><a href="#[1]">&gt;&gt;</a>&nbsp;&nbsp;&nbsp;cmd_version
<LI><a href="#[3]">&gt;&gt;</a>&nbsp;&nbsp;&nbsp;cmd_temp
<LI><a href="#[2]">&gt;&gt;</a>&nbsp;&nbsp;&nbsp;cmd_reset
<LI><a href="#[8]">&gt;&gt;</a>&nbsp;&nbsp;&nbsp;cmd_help
<LI><a href="#[4]">&gt;&gt;</a>&nbsp;&nbsp;&nbsp;cmd_device_status
<LI><a href="#[60]">&gt;&gt;</a>&nbsp;&nbsp;&nbsp;main
<LI><a href="#[dc]">&gt;&gt;</a>&nbsp;&nbsp;&nbsp;upgrade_init_with_size
<LI><a href="#[db]">&gt;&gt;</a>&nbsp;&nbsp;&nbsp;upgrade_init
<LI><a href="#[d9]">&gt;&gt;</a>&nbsp;&nbsp;&nbsp;set_log_time
<LI><a href="#[d1]">&gt;&gt;</a>&nbsp;&nbsp;&nbsp;process_command
<LI><a href="#[d7]">&gt;&gt;</a>&nbsp;&nbsp;&nbsp;log_packets
<LI><a href="#[d8]">&gt;&gt;</a>&nbsp;&nbsp;&nbsp;log_content
<LI><a href="#[da]">&gt;&gt;</a>&nbsp;&nbsp;&nbsp;get_log_time
<LI><a href="#[d6]">&gt;&gt;</a>&nbsp;&nbsp;&nbsp;debug_tag
<LI><a href="#[d4]">&gt;&gt;</a>&nbsp;&nbsp;&nbsp;debug_dac
<LI><a href="#[d5]">&gt;&gt;</a>&nbsp;&nbsp;&nbsp;debug_adc
<LI><a href="#[c3]">&gt;&gt;</a>&nbsp;&nbsp;&nbsp;PRINT_HEX
<LI><a href="#[bf]">&gt;&gt;</a>&nbsp;&nbsp;&nbsp;PRINT_CHAR
</UL>

<P><STRONG><a name="[d9]"></a>set_log_time</STRONG> (Thumb, 176 bytes, Stack size 48 bytes, function.o(i.set_log_time))
<BR><BR>[Stack]<UL><LI>Max Depth = 160<LI>Call Chain = set_log_time &rArr; process_command &rArr; PRINT_HEX &rArr; HAL_UART_Transmit &rArr; UART_WaitOnFlagUntilTimeout
</UL>
<BR>[Calls]<UL><LI><a href="#[c2]">&gt;&gt;</a>&nbsp;&nbsp;&nbsp;serial_tx
<LI><a href="#[b7]">&gt;&gt;</a>&nbsp;&nbsp;&nbsp;HAL_UART_Transmit
<LI><a href="#[d1]">&gt;&gt;</a>&nbsp;&nbsp;&nbsp;process_command
<LI><a href="#[78]">&gt;&gt;</a>&nbsp;&nbsp;&nbsp;strtoul
<LI><a href="#[c0]">&gt;&gt;</a>&nbsp;&nbsp;&nbsp;__2sprintf
<LI><a href="#[c1]">&gt;&gt;</a>&nbsp;&nbsp;&nbsp;strlen
</UL>
<BR>[Called By]<UL><LI><a href="#[5]">&gt;&gt;</a>&nbsp;&nbsp;&nbsp;cmd_time
</UL>

<P><STRONG><a name="[dd]"></a>upgrade_file</STRONG> (Thumb, 500 bytes, Stack size 48 bytes, function.o(i.upgrade_file))
<BR><BR>[Stack]<UL><LI>Max Depth = 160<LI>Call Chain = upgrade_file &rArr; process_command &rArr; PRINT_HEX &rArr; HAL_UART_Transmit &rArr; UART_WaitOnFlagUntilTimeout
</UL>
<BR>[Calls]<UL><LI><a href="#[b7]">&gt;&gt;</a>&nbsp;&nbsp;&nbsp;HAL_UART_Transmit
<LI><a href="#[b3]">&gt;&gt;</a>&nbsp;&nbsp;&nbsp;HAL_UART_Receive
<LI><a href="#[d1]">&gt;&gt;</a>&nbsp;&nbsp;&nbsp;process_command
<LI><a href="#[e8]">&gt;&gt;</a>&nbsp;&nbsp;&nbsp;Cal_CRC32
<LI><a href="#[c0]">&gt;&gt;</a>&nbsp;&nbsp;&nbsp;__2sprintf
<LI><a href="#[c1]">&gt;&gt;</a>&nbsp;&nbsp;&nbsp;strlen
<LI><a href="#[e7]">&gt;&gt;</a>&nbsp;&nbsp;&nbsp;__aeabi_memcpy
</UL>
<BR>[Called By]<UL><LI><a href="#[0]">&gt;&gt;</a>&nbsp;&nbsp;&nbsp;cmd_upgrade
</UL>

<P><STRONG><a name="[db]"></a>upgrade_init</STRONG> (Thumb, 98 bytes, Stack size 16 bytes, function.o(i.upgrade_init))
<BR><BR>[Stack]<UL><LI>Max Depth = 128<LI>Call Chain = upgrade_init &rArr; process_command &rArr; PRINT_HEX &rArr; HAL_UART_Transmit &rArr; UART_WaitOnFlagUntilTimeout
</UL>
<BR>[Calls]<UL><LI><a href="#[c2]">&gt;&gt;</a>&nbsp;&nbsp;&nbsp;serial_tx
<LI><a href="#[b7]">&gt;&gt;</a>&nbsp;&nbsp;&nbsp;HAL_UART_Transmit
<LI><a href="#[d1]">&gt;&gt;</a>&nbsp;&nbsp;&nbsp;process_command
<LI><a href="#[c0]">&gt;&gt;</a>&nbsp;&nbsp;&nbsp;__2sprintf
<LI><a href="#[c1]">&gt;&gt;</a>&nbsp;&nbsp;&nbsp;strlen
</UL>
<BR>[Called By]<UL><LI><a href="#[0]">&gt;&gt;</a>&nbsp;&nbsp;&nbsp;cmd_upgrade
</UL>

<P><STRONG><a name="[dc]"></a>upgrade_init_with_size</STRONG> (Thumb, 168 bytes, Stack size 16 bytes, function.o(i.upgrade_init_with_size))
<BR><BR>[Stack]<UL><LI>Max Depth = 128<LI>Call Chain = upgrade_init_with_size &rArr; process_command &rArr; PRINT_HEX &rArr; HAL_UART_Transmit &rArr; UART_WaitOnFlagUntilTimeout
</UL>
<BR>[Calls]<UL><LI><a href="#[c2]">&gt;&gt;</a>&nbsp;&nbsp;&nbsp;serial_tx
<LI><a href="#[b7]">&gt;&gt;</a>&nbsp;&nbsp;&nbsp;HAL_UART_Transmit
<LI><a href="#[d1]">&gt;&gt;</a>&nbsp;&nbsp;&nbsp;process_command
<LI><a href="#[78]">&gt;&gt;</a>&nbsp;&nbsp;&nbsp;strtoul
<LI><a href="#[c0]">&gt;&gt;</a>&nbsp;&nbsp;&nbsp;__2sprintf
<LI><a href="#[c1]">&gt;&gt;</a>&nbsp;&nbsp;&nbsp;strlen
</UL>
<BR>[Called By]<UL><LI><a href="#[0]">&gt;&gt;</a>&nbsp;&nbsp;&nbsp;cmd_upgrade
</UL>

<P><STRONG><a name="[de]"></a>upgrade_install</STRONG> (Thumb, 30 bytes, Stack size 8 bytes, function.o(i.upgrade_install))
<BR><BR>[Stack]<UL><LI>Max Depth = 120<LI>Call Chain = upgrade_install &rArr; process_command &rArr; PRINT_HEX &rArr; HAL_UART_Transmit &rArr; UART_WaitOnFlagUntilTimeout
</UL>
<BR>[Calls]<UL><LI><a href="#[d1]">&gt;&gt;</a>&nbsp;&nbsp;&nbsp;process_command
</UL>
<BR>[Called By]<UL><LI><a href="#[0]">&gt;&gt;</a>&nbsp;&nbsp;&nbsp;cmd_upgrade
</UL>
<P>
<H3>
Local Symbols
</H3>
<P><STRONG><a name="[e1]"></a>rb_init</STRONG> (Thumb, 14 bytes, Stack size 0 bytes, main.o(i.rb_init))
<BR><BR>[Called By]<UL><LI><a href="#[60]">&gt;&gt;</a>&nbsp;&nbsp;&nbsp;main
</UL>

<P><STRONG><a name="[e9]"></a>rb_is_empty</STRONG> (Thumb, 16 bytes, Stack size 0 bytes, usart.o(i.rb_is_empty))
<BR><BR>[Called By]<UL><LI><a href="#[c2]">&gt;&gt;</a>&nbsp;&nbsp;&nbsp;serial_tx
</UL>

<P><STRONG><a name="[c8]"></a>rb_remove</STRONG> (Thumb, 28 bytes, Stack size 0 bytes, stm32f2xx_it.o(i.rb_remove))
<BR><BR>[Called By]<UL><LI><a href="#[38]">&gt;&gt;</a>&nbsp;&nbsp;&nbsp;USART1_IRQHandler
</UL>

<P><STRONG><a name="[9c]"></a>TIM_ITRx_SetConfig</STRONG> (Thumb, 16 bytes, Stack size 0 bytes, stm32f2xx_hal_tim.o(i.TIM_ITRx_SetConfig))
<BR><BR>[Called By]<UL><LI><a href="#[98]">&gt;&gt;</a>&nbsp;&nbsp;&nbsp;HAL_TIM_ConfigClockSource
</UL>

<P><STRONG><a name="[9a]"></a>TIM_TI1_ConfigInputStage</STRONG> (Thumb, 34 bytes, Stack size 8 bytes, stm32f2xx_hal_tim.o(i.TIM_TI1_ConfigInputStage))
<BR><BR>[Stack]<UL><LI>Max Depth = 8<LI>Call Chain = TIM_TI1_ConfigInputStage
</UL>
<BR>[Called By]<UL><LI><a href="#[98]">&gt;&gt;</a>&nbsp;&nbsp;&nbsp;HAL_TIM_ConfigClockSource
</UL>

<P><STRONG><a name="[9b]"></a>TIM_TI2_ConfigInputStage</STRONG> (Thumb, 36 bytes, Stack size 8 bytes, stm32f2xx_hal_tim.o(i.TIM_TI2_ConfigInputStage))
<BR><BR>[Stack]<UL><LI>Max Depth = 8<LI>Call Chain = TIM_TI2_ConfigInputStage
</UL>
<BR>[Called By]<UL><LI><a href="#[98]">&gt;&gt;</a>&nbsp;&nbsp;&nbsp;HAL_TIM_ConfigClockSource
</UL>

<P><STRONG><a name="[90]"></a>__NVIC_SetPriority</STRONG> (Thumb, 32 bytes, Stack size 0 bytes, stm32f2xx_hal_cortex.o(i.__NVIC_SetPriority))
<BR><BR>[Called By]<UL><LI><a href="#[8f]">&gt;&gt;</a>&nbsp;&nbsp;&nbsp;HAL_NVIC_SetPriority
<LI><a href="#[8e]">&gt;&gt;</a>&nbsp;&nbsp;&nbsp;HAL_SYSTICK_Config
</UL>

<P><STRONG><a name="[67]"></a>UART_DMAAbortOnError</STRONG> (Thumb, 16 bytes, Stack size 8 bytes, stm32f2xx_hal_uart.o(i.UART_DMAAbortOnError))
<BR><BR>[Stack]<UL><LI>Max Depth = 8<LI>Call Chain = UART_DMAAbortOnError
</UL>
<BR>[Calls]<UL><LI><a href="#[ab]">&gt;&gt;</a>&nbsp;&nbsp;&nbsp;HAL_UART_ErrorCallback
</UL>
<BR>[Address Reference Count : 1]<UL><LI> stm32f2xx_hal_uart.o(i.HAL_UART_IRQHandler)
</UL>
<P><STRONG><a name="[a9]"></a>UART_EndRxTransfer</STRONG> (Thumb, 28 bytes, Stack size 0 bytes, stm32f2xx_hal_uart.o(i.UART_EndRxTransfer))
<BR><BR>[Called By]<UL><LI><a href="#[a7]">&gt;&gt;</a>&nbsp;&nbsp;&nbsp;HAL_UART_IRQHandler
</UL>

<P><STRONG><a name="[a8]"></a>UART_Receive_IT</STRONG> (Thumb, 150 bytes, Stack size 8 bytes, stm32f2xx_hal_uart.o(i.UART_Receive_IT))
<BR><BR>[Stack]<UL><LI>Max Depth = 8<LI>Call Chain = UART_Receive_IT
</UL>
<BR>[Calls]<UL><LI><a href="#[b5]">&gt;&gt;</a>&nbsp;&nbsp;&nbsp;HAL_UART_RxCpltCallback
</UL>
<BR>[Called By]<UL><LI><a href="#[a7]">&gt;&gt;</a>&nbsp;&nbsp;&nbsp;HAL_UART_IRQHandler
</UL>

<P><STRONG><a name="[b0]"></a>UART_SetConfig</STRONG> (Thumb, 382 bytes, Stack size 24 bytes, stm32f2xx_hal_uart.o(i.UART_SetConfig))
<BR><BR>[Stack]<UL><LI>Max Depth = 24<LI>Call Chain = UART_SetConfig
</UL>
<BR>[Calls]<UL><LI><a href="#[c6]">&gt;&gt;</a>&nbsp;&nbsp;&nbsp;HAL_RCC_GetPCLK2Freq
<LI><a href="#[c7]">&gt;&gt;</a>&nbsp;&nbsp;&nbsp;HAL_RCC_GetPCLK1Freq
</UL>
<BR>[Called By]<UL><LI><a href="#[ae]">&gt;&gt;</a>&nbsp;&nbsp;&nbsp;HAL_UART_Init
</UL>

<P><STRONG><a name="[ac]"></a>UART_Transmit_IT</STRONG> (Thumb, 98 bytes, Stack size 0 bytes, stm32f2xx_hal_uart.o(i.UART_Transmit_IT))
<BR><BR>[Called By]<UL><LI><a href="#[a7]">&gt;&gt;</a>&nbsp;&nbsp;&nbsp;HAL_UART_IRQHandler
</UL>

<P><STRONG><a name="[b4]"></a>UART_WaitOnFlagUntilTimeout</STRONG> (Thumb, 100 bytes, Stack size 24 bytes, stm32f2xx_hal_uart.o(i.UART_WaitOnFlagUntilTimeout))
<BR><BR>[Stack]<UL><LI>Max Depth = 24<LI>Call Chain = UART_WaitOnFlagUntilTimeout
</UL>
<BR>[Calls]<UL><LI><a href="#[89]">&gt;&gt;</a>&nbsp;&nbsp;&nbsp;HAL_GetTick
</UL>
<BR>[Called By]<UL><LI><a href="#[b7]">&gt;&gt;</a>&nbsp;&nbsp;&nbsp;HAL_UART_Transmit
<LI><a href="#[b3]">&gt;&gt;</a>&nbsp;&nbsp;&nbsp;HAL_UART_Receive
</UL>

<P><STRONG><a name="[cb]"></a>_fp_digits</STRONG> (Thumb, 366 bytes, Stack size 64 bytes, printfa.o(i._fp_digits), UNUSED)
<BR><BR>[Calls]<UL><LI><a href="#[7c]">&gt;&gt;</a>&nbsp;&nbsp;&nbsp;__aeabi_ddiv
<LI><a href="#[85]">&gt;&gt;</a>&nbsp;&nbsp;&nbsp;__aeabi_dmul
<LI><a href="#[81]">&gt;&gt;</a>&nbsp;&nbsp;&nbsp;__aeabi_dadd
<LI><a href="#[86]">&gt;&gt;</a>&nbsp;&nbsp;&nbsp;__aeabi_d2ulz
<LI><a href="#[cc]">&gt;&gt;</a>&nbsp;&nbsp;&nbsp;__aeabi_cdrcmple
<LI><a href="#[6b]">&gt;&gt;</a>&nbsp;&nbsp;&nbsp;__aeabi_uldivmod
</UL>
<BR>[Called By]<UL><LI><a href="#[ca]">&gt;&gt;</a>&nbsp;&nbsp;&nbsp;_printf_core
</UL>

<P><STRONG><a name="[ca]"></a>_printf_core</STRONG> (Thumb, 1744 bytes, Stack size 136 bytes, printfa.o(i._printf_core), UNUSED)
<BR><BR>[Calls]<UL><LI><a href="#[cf]">&gt;&gt;</a>&nbsp;&nbsp;&nbsp;__aeabi_uidivmod
<LI><a href="#[cd]">&gt;&gt;</a>&nbsp;&nbsp;&nbsp;_printf_pre_padding
<LI><a href="#[ce]">&gt;&gt;</a>&nbsp;&nbsp;&nbsp;_printf_post_padding
<LI><a href="#[cb]">&gt;&gt;</a>&nbsp;&nbsp;&nbsp;_fp_digits
<LI><a href="#[6b]">&gt;&gt;</a>&nbsp;&nbsp;&nbsp;__aeabi_uldivmod
</UL>
<BR>[Called By]<UL><LI><a href="#[c9]">&gt;&gt;</a>&nbsp;&nbsp;&nbsp;__0sprintf
</UL>

<P><STRONG><a name="[ce]"></a>_printf_post_padding</STRONG> (Thumb, 36 bytes, Stack size 24 bytes, printfa.o(i._printf_post_padding), UNUSED)
<BR><BR>[Called By]<UL><LI><a href="#[ca]">&gt;&gt;</a>&nbsp;&nbsp;&nbsp;_printf_core
</UL>

<P><STRONG><a name="[cd]"></a>_printf_pre_padding</STRONG> (Thumb, 46 bytes, Stack size 24 bytes, printfa.o(i._printf_pre_padding), UNUSED)
<BR><BR>[Called By]<UL><LI><a href="#[ca]">&gt;&gt;</a>&nbsp;&nbsp;&nbsp;_printf_core
</UL>

<P><STRONG><a name="[68]"></a>_sputc</STRONG> (Thumb, 10 bytes, Stack size 0 bytes, printfa.o(i._sputc))
<BR><BR>[Called By]<UL><LI><a href="#[c9]">&gt;&gt;</a>&nbsp;&nbsp;&nbsp;__0sprintf
</UL>
<BR>[Address Reference Count : 1]<UL><LI> printfa.o(i.__0sprintf)
</UL>
<P><STRONG><a name="[65]"></a>_scanf_char_input</STRONG> (Thumb, 12 bytes, Stack size 0 bytes, scanf_char.o(.text))
<BR>[Address Reference Count : 1]<UL><LI> scanf_char.o(.text)
</UL><P>
<H3>
Undefined Global Symbols
</H3><HR></body></html>
