Component: ARM Compiler 5.06 update 6 (build 750) Tool: armlink [4d35ed]

==============================================================================

Section Cross References

    startup_stm32f205xx.o(RESET) refers to startup_stm32f205xx.o(STACK) for __initial_sp
    startup_stm32f205xx.o(RESET) refers to startup_stm32f205xx.o(.text) for Reset_Handler
    startup_stm32f205xx.o(RESET) refers to stm32f2xx_it.o(i.NMI_Handler) for NMI_Handler
    startup_stm32f205xx.o(RESET) refers to stm32f2xx_it.o(i.HardFault_Handler) for HardFault_Handler
    startup_stm32f205xx.o(RESET) refers to stm32f2xx_it.o(i.MemManage_Handler) for MemManage_Handler
    startup_stm32f205xx.o(RESET) refers to stm32f2xx_it.o(i.BusFault_Handler) for BusFault_Handler
    startup_stm32f205xx.o(RESET) refers to stm32f2xx_it.o(i.UsageFault_Handler) for UsageFault_Handler
    startup_stm32f205xx.o(RESET) refers to stm32f2xx_it.o(i.SVC_Handler) for SVC_Handler
    startup_stm32f205xx.o(RESET) refers to stm32f2xx_it.o(i.DebugMon_Handler) for DebugMon_Handler
    startup_stm32f205xx.o(RESET) refers to stm32f2xx_it.o(i.PendSV_Handler) for PendSV_Handler
    startup_stm32f205xx.o(RESET) refers to stm32f2xx_it.o(i.SysTick_Handler) for SysTick_Handler
    startup_stm32f205xx.o(RESET) refers to stm32f2xx_it.o(i.TIM2_IRQHandler) for TIM2_IRQHandler
    startup_stm32f205xx.o(RESET) refers to stm32f2xx_it.o(i.TIM3_IRQHandler) for TIM3_IRQHandler
    startup_stm32f205xx.o(RESET) refers to stm32f2xx_it.o(i.USART1_IRQHandler) for USART1_IRQHandler
    startup_stm32f205xx.o(RESET) refers to stm32f2xx_it.o(i.USART2_IRQHandler) for USART2_IRQHandler
    startup_stm32f205xx.o(.text) refers to system_stm32f2xx.o(i.SystemInit) for SystemInit
    startup_stm32f205xx.o(.text) refers to entry.o(.ARM.Collect$$$$00000000) for __main
    main.o(i.HAL_TIM_PeriodElapsedCallback) refers to stm32f2xx_hal_gpio.o(i.HAL_GPIO_TogglePin) for HAL_GPIO_TogglePin
    main.o(i.HAL_TIM_PeriodElapsedCallback) refers to stm32f2xx_hal_gpio.o(i.HAL_GPIO_WritePin) for HAL_GPIO_WritePin
    main.o(i.HAL_TIM_PeriodElapsedCallback) refers to main.o(.data) for .data
    main.o(i.HAL_UART_RxCpltCallback) refers to stm32f2xx_hal_uart.o(i.HAL_UART_Receive_IT) for HAL_UART_Receive_IT
    main.o(i.HAL_UART_RxCpltCallback) refers to usart.o(.data) for usart1_tr
    main.o(i.HAL_UART_RxCpltCallback) refers to main.o(.data) for .data
    main.o(i.HAL_UART_RxCpltCallback) refers to usart.o(.bss) for huart1
    main.o(i.SystemClock_Config) refers to memseta.o(.text) for __aeabi_memclr4
    main.o(i.SystemClock_Config) refers to stm32f2xx_hal_rcc.o(i.HAL_RCC_OscConfig) for HAL_RCC_OscConfig
    main.o(i.SystemClock_Config) refers to stm32f2xx_hal_rcc.o(i.HAL_RCC_ClockConfig) for HAL_RCC_ClockConfig
    main.o(i.main) refers to stm32f2xx_hal.o(i.HAL_Init) for HAL_Init
    main.o(i.main) refers to main.o(i.SystemClock_Config) for SystemClock_Config
    main.o(i.main) refers to gpio.o(i.MX_GPIO_Init) for MX_GPIO_Init
    main.o(i.main) refers to tim.o(i.MX_TIM3_Init) for MX_TIM3_Init
    main.o(i.main) refers to usart.o(i.MX_USART1_UART_Init) for MX_USART1_UART_Init
    main.o(i.main) refers to usart.o(i.MX_USART2_UART_Init) for MX_USART2_UART_Init
    main.o(i.main) refers to tim.o(i.MX_TIM2_Init) for MX_TIM2_Init
    main.o(i.main) refers to main.o(i.rb_init) for rb_init
    main.o(i.main) refers to stm32f2xx_hal_tim.o(i.HAL_TIM_Base_Start_IT) for HAL_TIM_Base_Start_IT
    main.o(i.main) refers to stm32f2xx_hal_gpio.o(i.HAL_GPIO_WritePin) for HAL_GPIO_WritePin
    main.o(i.main) refers to printfa.o(i.__0sprintf) for __2sprintf
    main.o(i.main) refers to strlen.o(.text) for strlen
    main.o(i.main) refers to usart.o(i.serial_tx) for serial_tx
    main.o(i.main) refers to stm32f2xx_hal_uart.o(i.HAL_UART_Transmit) for HAL_UART_Transmit
    main.o(i.main) refers to usart.o(i.serial_available) for serial_available
    main.o(i.main) refers to usart.o(i.serial_read) for serial_read
    main.o(i.main) refers to cmd.o(i.process_cmd) for process_cmd
    main.o(i.main) refers to usart.o(.data) for usart1_tr
    main.o(i.main) refers to main.o(.data) for .data
    main.o(i.main) refers to usart.o(.bss) for huart1
    main.o(i.main) refers to tim.o(.bss) for htim3
    main.o(i.main) refers to main.o(.bss) for .bss
    main.o(.data) refers to main.o(.conststring) for .conststring
    main.o(.data) refers to function.o(i.cmd_upgrade) for cmd_upgrade
    main.o(.data) refers to function.o(i.cmd_version) for cmd_version
    main.o(.data) refers to function.o(i.cmd_reset) for cmd_reset
    main.o(.data) refers to function.o(i.cmd_temp) for cmd_temp
    main.o(.data) refers to function.o(i.cmd_device_status) for cmd_device_status
    main.o(.data) refers to function.o(i.cmd_time) for cmd_time
    main.o(.data) refers to function.o(i.cmd_log) for cmd_log
    main.o(.data) refers to function.o(i.cmd_for_debug) for cmd_for_debug
    main.o(.data) refers to cmd.o(i.cmd_help) for cmd_help
[...]
    ../clib/microlib/ctype/ctype.c           0x00000000   Number         0  isalnum_o.o ABSOLUTE
    ../clib/microlib/ctype/ctype.c           0x00000000   Number         0  isxdigit_o.o ABSOLUTE
    ../clib/microlib/ctype/ctype.c           0x00000000   Number         0  ctype_o.o ABSOLUTE
    ../clib/microlib/ctype/ctype.c           0x00000000   Number         0  ctype_c.o ABSOLUTE
    ../clib/microlib/ctype/ctype.c           0x00000000   Number         0  isspace_c.o ABSOLUTE
    ../clib/microlib/ctype/ctype.c           0x00000000   Number         0  isupper_o.o ABSOLUTE
    ../clib/microlib/ctype/ctype.c           0x00000000   Number         0  isspace_o.o ABSOLUTE
    ../clib/microlib/ctype/ctype.c           0x00000000   Number         0  ispunct_o.o ABSOLUTE
    ../clib/microlib/ctype/ctype.c           0x00000000   Number         0  isprint_o.o ABSOLUTE
    ../clib/microlib/ctype/ctype.c           0x00000000   Number         0  islower_o.o ABSOLUTE
    ../clib/microlib/ctype/ctype.c           0x00000000   Number         0  isgraph_o.o ABSOLUTE
    ../clib/microlib/ctype/tolower.c         0x00000000   Number         0  tolower.o ABSOLUTE
    ../clib/microlib/division.c              0x00000000   Number         0  uidiv.o ABSOLUTE
    ../clib/microlib/division.c              0x00000000   Number         0  uldiv.o ABSOLUTE
    ../clib/microlib/errno.c                 0x00000000   Number         0  errno.o ABSOLUTE
    ../clib/microlib/init/entry.s            0x00000000   Number         0  entry8b.o ABSOLUTE
    ../clib/microlib/init/entry.s            0x00000000   Number         0  entry8a.o ABSOLUTE
    ../clib/microlib/init/entry.s            0x00000000   Number         0  entry7b.o ABSOLUTE
    ../clib/microlib/init/entry.s            0x00000000   Number         0  entry7a.o ABSOLUTE
    ../clib/microlib/init/entry.s            0x00000000   Number         0  entry5.o ABSOLUTE
    ../clib/microlib/init/entry.s            0x00000000   Number         0  entry2.o ABSOLUTE
    ../clib/microlib/init/entry.s            0x00000000   Number         0  entry.o ABSOLUTE
    ../clib/microlib/init/entry.s            0x00000000   Number         0  entry11b.o ABSOLUTE
    ../clib/microlib/init/entry.s            0x00000000   Number         0  entry11a.o ABSOLUTE
    ../clib/microlib/init/entry.s            0x00000000   Number         0  entry10b.o ABSOLUTE
    ../clib/microlib/init/entry.s            0x00000000   Number         0  entry10a.o ABSOLUTE
    ../clib/microlib/init/entry.s            0x00000000   Number         0  entry9b.o ABSOLUTE
    ../clib/microlib/init/entry.s            0x00000000   Number         0  entry9a.o ABSOLUTE
    ../clib/microlib/longlong.c              0x00000000   Number         0  llsshr.o ABSOLUTE
    ../clib/microlib/longlong.c              0x00000000   Number         0  llushr.o ABSOLUTE
    ../clib/microlib/longlong.c              0x00000000   Number         0  llshl.o ABSOLUTE
    ../clib/microlib/printf/printf.c         0x00000000   Number         0  printf4.o ABSOLUTE
    ../clib/microlib/printf/printf.c         0x00000000   Number         0  printfb.o ABSOLUTE
    ../clib/microlib/printf/printf.c         0x00000000   Number         0  printf0.o ABSOLUTE
    ../clib/microlib/printf/printf.c         0x00000000   Number         0  printf1.o ABSOLUTE
    ../clib/microlib/printf/printf.c         0x00000000   Number         0  printf2.o ABSOLUTE
    ../clib/microlib/printf/printf.c         0x00000000   Number         0  printf7.o ABSOLUTE
    ../clib/microlib/printf/printf.c         0x00000000   Number         0  printf5.o ABSOLUTE
    ../clib/microlib/printf/printf.c         0x00000000   Number         0  printf3.o ABSOLUTE
    ../clib/microlib/printf/printf.c         0x00000000   Number         0  printf8.o ABSOLUTE
    ../clib/microlib/printf/printf.c         0x00000000   Number         0  printfa.o ABSOLUTE
    ../clib/microlib/printf/printf.c         0x00000000   Number         0  printf6.o ABSOLUTE
    ../clib/microlib/printf/stubs.s          0x00000000   Number         0  stubs.o ABSOLUTE
    ../clib/microlib/stdio/fputc.c           0x00000000   Number         0  fputc.o ABSOLUTE
    ../clib/microlib/stdio/semi.s            0x00000000   Number         0  semi.o ABSOLUTE
    ../clib/microlib/stdio/streams.c         0x00000000   Number         0  stdout.o ABSOLUTE
    ../clib/microlib/string/memcpy.c         0x00000000   Number         0  memcpya.o ABSOLUTE
    ../clib/microlib/string/memcpy.c         0x00000000   Number         0  memcpyb.o ABSOLUTE
    ../clib/microlib/string/memset.c         0x00000000   Number         0  memseta.o ABSOLUTE
    ../clib/microlib/string/strcasecmp.c     0x00000000   Number         0  strcasecmp.o ABSOLUTE
    ../clib/microlib/string/strcmp.c         0x00000000   Number         0  strcmp.o ABSOLUTE
    ../clib/microlib/string/strcpy.c         0x00000000   Number         0  strcpy.o ABSOLUTE
    ../clib/microlib/string/strlen.c         0x00000000   Number         0  strlen.o ABSOLUTE
    ../clib/microlib/string/strncasecmp.c    0x00000000   Number         0  strncasecmp.o ABSOLUTE
    ../clib/microlib/string/strtok.c         0x00000000   Number         0  strtok_r.o ABSOLUTE
    ../clib/microlib/string/strtok.c         0x00000000   Number         0  strtok.o ABSOLUTE
    ../clib/microlib/stubs.s                 0x00000000   Number         0  iusesemip.o ABSOLUTE
    ../clib/microlib/stubs.s                 0x00000000   Number         0  iusefp.o ABSOLUTE
    ../clib/scanf.c                          0x00000000   Number         0  _scanf_int.o ABSOLUTE
    ../clib/scanf.c                          0x00000000   Number         0  _strtoul.o ABSOLUTE
    ../clib/scanf.c                          0x00000000   Number         0  _sgetc.o ABSOLUTE
    ../clib/scanf.c                          0x00000000   Number         0  __0sscanf.o ABSOLUTE
    ../clib/scanf.c                          0x00000000   Number         0  _chval.o ABSOLUTE
    ../clib/scanf.c                          0x00000000   Number         0  strtoul.o ABSOLUTE
    ../clib/scanf.c                          0x00000000   Number         0  _scanf.o ABSOLUTE
    ../clib/scanf.c                          0x00000000   Number         0  scanf_char.o ABSOLUTE
    ../fplib/microlib/fpadd.c                0x00000000   Number         0  dadd.o ABSOLUTE
    ../fplib/microlib/fpdiv.c                0x00000000   Number         0  ddiv.o ABSOLUTE
    ../fplib/microlib/fpepilogue.c           0x00000000   Number         0  depilogue.o ABSOLUTE
    ../fplib/microlib/fpfix.c                0x00000000   Number         0  dfixul.o ABSOLUTE
    ../fplib/microlib/fpflt.c                0x00000000   Number         0  dfltui.o ABSOLUTE
    ../fplib/microlib/fpmul.c                0x00000000   Number         0  dmul.o ABSOLUTE
    ..\Drivers\STM32F2xx_HAL_Driver\Src\stm32f2xx_hal.c 0x00000000   Number         0  stm32f2xx_hal.o ABSOLUTE
    ..\Drivers\STM32F2xx_HAL_Driver\Src\stm32f2xx_hal_cortex.c 0x00000000   Number         0  stm32f2xx_hal_cortex.o ABSOLUTE
    ..\Drivers\STM32F2xx_HAL_Driver\Src\stm32f2xx_hal_dma.c 0x00000000   Number         0  stm32f2xx_hal_dma.o ABSOLUTE
    ..\Drivers\STM32F2xx_HAL_Driver\Src\stm32f2xx_hal_dma_ex.c 0x00000000   Number         0  stm32f2xx_hal_dma_ex.o ABSOLUTE
    ..\Drivers\STM32F2xx_HAL_Driver\Src\stm32f2xx_hal_exti.c 0x00000000   Number         0  stm32f2xx_hal_exti.o ABSOLUTE
    ..\Drivers\STM32F2xx_HAL_Driver\Src\stm32f2xx_hal_flash.c 0x00000000   Number         0  stm32f2xx_hal_flash.o ABSOLUTE
    ..\Drivers\STM32F2xx_HAL_Driver\Src\stm32f2xx_hal_flash_ex.c 0x00000000   Number         0  stm32f2xx_hal_flash_ex.o ABSOLUTE
    ..\Drivers\STM32F2xx_HAL_Driver\Src\stm32f2xx_hal_gpio.c 0x00000000   Number         0  stm32f2xx_hal_gpio.o ABSOLUTE
    ..\Drivers\STM32F2xx_HAL_Driver\Src\stm32f2xx_hal_pwr.c 0x00000000   Number         0  stm32f2xx_hal_pwr.o ABSOLUTE
    ..\Drivers\STM32F2xx_HAL_Driver\Src\stm32f2xx_hal_pwr_ex.c 0x00000000   Number         0  stm32f2xx_hal_pwr_ex.o ABSOLUTE
    ..\Drivers\STM32F2xx_HAL_Driver\Src\stm32f2xx_hal_rcc.c 0x00000000   Number         0  stm32f2xx_hal_rcc.o ABSOLUTE
    ..\Drivers\STM32F2xx_HAL_Driver\Src\stm32f2xx_hal_rcc_ex.c 0x00000000   Number         0  stm32f2xx_hal_rcc_ex.o ABSOLUTE
    ..\Drivers\STM32F2xx_HAL_Driver\Src\stm32f2xx_hal_tim.c 0x00000000   Number         0  stm32f2xx_hal_tim.o ABSOLUTE
    ..\Drivers\STM32F2xx_HAL_Driver\Src\stm32f2xx_hal_tim_ex.c 0x00000000   Number         0  stm32f2xx_hal_tim_ex.o ABSOLUTE
    ..\Drivers\STM32F2xx_HAL_Driver\Src\stm32f2xx_hal_uart.c 0x00000000   Number         0  stm32f2xx_hal_uart.o ABSOLUTE
    ..\Src\cmd.c                             0x00000000   Number         0  cmd.o ABSOLUTE
    ..\Src\function.c                        0x00000000   Number         0  function.o ABSOLUTE
    ..\Src\gpio.c                            0x00000000   Number         0  gpio.o ABSOLUTE
    ..\Src\main.c                            0x00000000   Number         0  main.o ABSOLUTE
    ..\Src\stm32f2xx_hal_msp.c               0x00000000   Number         0  stm32f2xx_hal_msp.o ABSOLUTE
    ..\Src\stm32f2xx_it.c                    0x00000000   Number         0  stm32f2xx_it.o ABSOLUTE
    ..\Src\system_stm32f2xx.c                0x00000000   Number         0  system_stm32f2xx.o ABSOLUTE
    ..\Src\tim.c                             0x00000000   Number         0  tim.o ABSOLUTE
    ..\Src\usart.c                           0x00000000   Number         0  usart.o ABSOLUTE
    ..\\Src\\cmd.c                           0x00000000   Number         0  cmd.o ABSOLUTE
    ..\\Src\\function.c                      0x00000000   Number         0  function.o ABSOLUTE
    cdrcmple.s                               0x00000000   Number         0  cdrcmple.o ABSOLUTE
    dc.s                                     0x00000000   Number         0  dc.o ABSOLUTE
    handlers.s                               0x00000000   Number         0  handlers.o ABSOLUTE
    init.s                                   0x00000000   Number         0  init.o ABSOLUTE
    startup_stm32f205xx.s                    0x00000000   Number         0  startup_stm32f205xx.o ABSOLUTE
    RESET                                    0x08000000   Section      388  startup_stm32f205xx.o(RESET)
    .ARM.Collect$$$$00000000                 0x08000184   Section        0  entry.o(.ARM.Collect$$$$00000000)
    .ARM.Collect$$$$00000001                 0x08000184   Section        4  entry2.o(.ARM.Collect$$$$00000001)
    .ARM.Collect$$$$00000004                 0x08000188   Section        4  entry5.o(.ARM.Collect$$$$00000004)
    .ARM.Collect$$$$00000008                 0x0800018c   Section        0  entry7b.o(.ARM.Collect$$$$00000008)
    .ARM.Collect$$$$0000000A                 0x0800018c   Section        0  entry8b.o(.ARM.Collect$$$$0000000A)
    .ARM.Collect$$$$0000000B                 0x0800018c   Section        8  entry9a.o(.ARM.Collect$$$$0000000B)
    .ARM.Collect$$$$0000000D                 0x08000194   Section        0  entry10a.o(.ARM.Collect$$$$0000000D)
    .ARM.Collect$$$$0000000F                 0x08000194   Section        0  entry11a.o(.ARM.Collect$$$$0000000F)
    .ARM.Collect$$$$00002712                 0x08000194   Section        4  entry2.o(.ARM.Collect$$$$00002712)
    __lit__00000000                          0x08000194   Data           4  entry2.o(.ARM.Collect$$$$00002712)
    .text                                    0x08000198   Section       36  startup_stm32f205xx.o(.text)
    .text                                    0x080001bc   Section        0  uldiv.o(.text)
    .text                                    0x0800021e   Section        0  memcpya.o(.text)
    .text                                    0x08000242   Section        0  memseta.o(.text)
    .text                                    0x08000266   Section        0  strlen.o(.text)
    .text                                    0x08000274   Section        0  strcmp.o(.text)
    .text                                    0x08000290   Section        0  strcpy.o(.text)
    .text                                    0x080002a4   Section        0  strtok.o(.text)
    .text                                    0x080002e8   Section        0  strcasecmp.o(.text)
    .text                                    0x08000312   Section        0  strncasecmp.o(.text)
    .text                                    0x08000344   Section        0  __0sscanf.o(.text)
    .text                                    0x0800037c   Section        0  _scanf_int.o(.text)
    .text                                    0x080004c8   Section        0  strtoul.o(.text)
    .text                                    0x0800053a   Section        0  ddiv.o(.text)
    .text                                    0x08000618   Section        0  dfltui.o(.text)
    .text                                    0x08000632   Section        0  uidiv.o(.text)
    .text                                    0x0800065e   Section        0  llshl.o(.text)
    .text                                    0x0800067c   Section        0  llushr.o(.text)
    .text                                    0x0800069c   Section        0  ctype_o.o(.text)
    .text                                    0x080006a4   Section        0  isspace_o.o(.text)
    .text                                    0x080006b6   Section        0  tolower.o(.text)
    .text                                    0x080006c2   Section        0  _chval.o(.text)
    .text                                    0x080006e0   Section        0  scanf_char.o(.text)
    _scanf_char_input                        0x080006e1   Thumb Code    12  scanf_char.o(.text)
    .text                                    0x08000708   Section        0  _sgetc.o(.text)
    .text                                    0x08000748   Section        0  _strtoul.o(.text)
    .text                                    0x080007e6   Section        0  depilogue.o(.text)
    .text                                    0x080007e6   Section        0  iusefp.o(.text)
    .text                                    0x080008a0   Section        0  dadd.o(.text)
    .text                                    0x080009ee   Section        0  dmul.o(.text)
    .text                                    0x08000ad2   Section        0  dfixul.o(.text)
    .text                                    0x08000b04   Section       48  cdrcmple.o(.text)
    .text                                    0x08000b34   Section       36  init.o(.text)
    .text                                    0x08000b58   Section        0  llsshr.o(.text)
    .text                                    0x08000b7c   Section        0  _scanf.o(.text)
    .text                                    0x08000ea8   Section        0  __dczerorl2.o(.text)
    i.BE32_To_Buffer                         0x08000efe   Section        0  function.o(i.BE32_To_Buffer)
    i.Buffer_To_BE32                         0x08000f0e   Section        0  function.o(i.Buffer_To_BE32)
    i.BusFault_Handler                       0x08000f1c   Section        0  stm32f2xx_it.o(i.BusFault_Handler)
    i.Cal_CRC32                              0x08000f20   Section        0  function.o(i.Cal_CRC32)
    i.DebugMon_Handler                       0x08000f48   Section        0  stm32f2xx_it.o(i.DebugMon_Handler)
    i.Error_Handler                          0x08000f4a   Section        0  main.o(i.Error_Handler)
    i.HAL_DMA_Abort_IT                       0x08000f4c   Section        0  stm32f2xx_hal_dma.o(i.HAL_DMA_Abort_IT)
    i.HAL_Delay                              0x08000f70   Section        0  stm32f2xx_hal.o(i.HAL_Delay)
    i.HAL_GPIO_Init                          0x08000f94   Section        0  stm32f2xx_hal_gpio.o(i.HAL_GPIO_Init)
    i.HAL_GPIO_TogglePin                     0x08001180   Section        0  stm32f2xx_hal_gpio.o(i.HAL_GPIO_TogglePin)
    i.HAL_GPIO_WritePin                      0x0800118c   Section        0  stm32f2xx_hal_gpio.o(i.HAL_GPIO_WritePin)
    i.HAL_GetTick                            0x08001198   Section        0  stm32f2xx_hal.o(i.HAL_GetTick)
    i.HAL_IncTick                            0x080011a4   Section        0  stm32f2xx_hal.o(i.HAL_IncTick)
    i.HAL_Init                               0x080011b4   Section        0  stm32f2xx_hal.o(i.HAL_Init)
    i.HAL_InitTick                           0x080011e8   Section        0  stm32f2xx_hal.o(i.HAL_InitTick)
    i.HAL_MspInit                            0x08001228   Section        0  stm32f2xx_hal_msp.o(i.HAL_MspInit)
    i.HAL_NVIC_EnableIRQ                     0x08001258   Section        0  stm32f2xx_hal_cortex.o(i.HAL_NVIC_EnableIRQ)
    i.HAL_NVIC_SetPriority                   0x08001274   Section        0  stm32f2xx_hal_cortex.o(i.HAL_NVIC_SetPriority)
    i.HAL_NVIC_SetPriorityGrouping           0x080012b4   Section        0  stm32f2xx_hal_cortex.o(i.HAL_NVIC_SetPriorityGrouping)
    i.HAL_RCC_ClockConfig                    0x080012d8   Section        0  stm32f2xx_hal_rcc.o(i.HAL_RCC_ClockConfig)
    i.HAL_RCC_GetPCLK1Freq                   0x08001414   Section        0  stm32f2xx_hal_rcc.o(i.HAL_RCC_GetPCLK1Freq)
    i.HAL_RCC_GetPCLK2Freq                   0x08001444   Section        0  stm32f2xx_hal_rcc.o(i.HAL_RCC_GetPCLK2Freq)
    i.HAL_RCC_GetSysClockFreq                0x08001474   Section        0  stm32f2xx_hal_rcc.o(i.HAL_RCC_GetSysClockFreq)
    i.HAL_RCC_OscConfig                      0x080014d8   Section        0  stm32f2xx_hal_rcc.o(i.HAL_RCC_OscConfig)
    i.HAL_SYSTICK_Config                     0x08001824   Section        0  stm32f2xx_hal_cortex.o(i.HAL_SYSTICK_Config)
    i.HAL_TIMEx_BreakCallback                0x0800184c   Section        0  stm32f2xx_hal_tim_ex.o(i.HAL_TIMEx_BreakCallback)
    i.HAL_TIMEx_CommutCallback               0x0800184e   Section        0  stm32f2xx_hal_tim_ex.o(i.HAL_TIMEx_CommutCallback)
    i.HAL_TIMEx_MasterConfigSynchronization  0x08001850   Section        0  stm32f2xx_hal_tim_ex.o(i.HAL_TIMEx_MasterConfigSynchronization)
    i.HAL_TIM_Base_Init                      0x08001892   Section        0  stm32f2xx_hal_tim.o(i.HAL_TIM_Base_Init)
    i.HAL_TIM_Base_MspInit                   0x080018c8   Section        0  tim.o(i.HAL_TIM_Base_MspInit)
    i.HAL_TIM_Base_Start_IT                  0x08001928   Section        0  stm32f2xx_hal_tim.o(i.HAL_TIM_Base_Start_IT)
    i.HAL_TIM_ConfigClockSource              0x0800194a   Section        0  stm32f2xx_hal_tim.o(i.HAL_TIM_ConfigClockSource)
    i.HAL_TIM_IC_CaptureCallback             0x08001a20   Section        0  stm32f2xx_hal_tim.o(i.HAL_TIM_IC_CaptureCallback)
    i.HAL_TIM_IRQHandler                     0x08001a22   Section        0  stm32f2xx_hal_tim.o(i.HAL_TIM_IRQHandler)
    i.HAL_TIM_OC_DelayElapsedCallback        0x08001b88   Section        0  stm32f2xx_hal_tim.o(i.HAL_TIM_OC_DelayElapsedCallback)
    i.HAL_TIM_PWM_PulseFinishedCallback      0x08001b8a   Section        0  stm32f2xx_hal_tim.o(i.HAL_TIM_PWM_PulseFinishedCallback)
    i.HAL_TIM_PeriodElapsedCallback          0x08001b8c   Section        0  main.o(i.HAL_TIM_PeriodElapsedCallback)
    i.HAL_TIM_TriggerCallback                0x08001c34   Section        0  stm32f2xx_hal_tim.o(i.HAL_TIM_TriggerCallback)
    i.HAL_UART_ErrorCallback                 0x08001c36   Section        0  stm32f2xx_hal_uart.o(i.HAL_UART_ErrorCallback)
    i.HAL_UART_IRQHandler                    0x08001c38   Section        0  stm32f2xx_hal_uart.o(i.HAL_UART_IRQHandler)
    i.HAL_UART_Init                          0x08001d48   Section        0  stm32f2xx_hal_uart.o(i.HAL_UART_Init)
    i.HAL_UART_MspInit                       0x08001dac   Section        0  usart.o(i.HAL_UART_MspInit)
    i.HAL_UART_Receive                       0x08001e74   Section        0  stm32f2xx_hal_uart.o(i.HAL_UART_Receive)
    i.HAL_UART_Receive_IT                    0x08001f2c   Section        0  stm32f2xx_hal_uart.o(i.HAL_UART_Receive_IT)
    i.HAL_UART_RxCpltCallback                0x08001f80   Section        0  main.o(i.HAL_UART_RxCpltCallback)
    i.HAL_UART_Transmit                      0x08001ff8   Section        0  stm32f2xx_hal_uart.o(i.HAL_UART_Transmit)
    i.HAL_UART_TxCpltCallback                0x080020b2   Section        0  stm32f2xx_hal_uart.o(i.HAL_UART_TxCpltCallback)
    i.HardFault_Handler                      0x080020b4   Section        0  stm32f2xx_it.o(i.HardFault_Handler)
    i.MX_GPIO_Init                           0x080020b8   Section        0  gpio.o(i.MX_GPIO_Init)
    i.MX_TIM2_Init                           0x08002158   Section        0  tim.o(i.MX_TIM2_Init)
    i.MX_TIM3_Init                           0x080021c0   Section        0  tim.o(i.MX_TIM3_Init)
    i.MX_USART1_UART_Init                    0x08002228   Section        0  usart.o(i.MX_USART1_UART_Init)
    i.MX_USART2_UART_Init                    0x08002260   Section        0  usart.o(i.MX_USART2_UART_Init)
    i.MemManage_Handler                      0x08002298   Section        0  stm32f2xx_it.o(i.MemManage_Handler)
    i.NMI_Handler                            0x0800229a   Section        0  stm32f2xx_it.o(i.NMI_Handler)
    i.PRINT_CHAR                             0x0800229c   Section        0  function.o(i.PRINT_CHAR)
    i.PRINT_HEX                              0x08002428   Section        0  function.o(i.PRINT_HEX)
    i.PendSV_Handler                         0x080025d0   Section        0  stm32f2xx_it.o(i.PendSV_Handler)
    i.SVC_Handler                            0x080025d2   Section        0  stm32f2xx_it.o(i.SVC_Handler)
    i.SysTick_Handler                        0x080025d4   Section        0  stm32f2xx_it.o(i.SysTick_Handler)
    i.SystemClock_Config                     0x080025d8   Section        0  main.o(i.SystemClock_Config)
    i.SystemInit                             0x08002630   Section        0  system_stm32f2xx.o(i.SystemInit)
    i.TIM2_IRQHandler                        0x08002678   Section        0  stm32f2xx_it.o(i.TIM2_IRQHandler)
    i.TIM3_IRQHandler                        0x08002684   Section        0  stm32f2xx_it.o(i.TIM3_IRQHandler)
    i.TIM_Base_SetConfig                     0x08002690   Section        0  stm32f2xx_hal_tim.o(i.TIM_Base_SetConfig)
    i.TIM_ETR_SetConfig                      0x08002758   Section        0  stm32f2xx_hal_tim.o(i.TIM_ETR_SetConfig)
    i.TIM_ITRx_SetConfig                     0x0800276c   Section        0  stm32f2xx_hal_tim.o(i.TIM_ITRx_SetConfig)
    TIM_ITRx_SetConfig                       0x0800276d   Thumb Code    16  stm32f2xx_hal_tim.o(i.TIM_ITRx_SetConfig)
    i.TIM_TI1_ConfigInputStage               0x0800277c   Section        0  stm32f2xx_hal_tim.o(i.TIM_TI1_ConfigInputStage)
    TIM_TI1_ConfigInputStage                 0x0800277d   Thumb Code    34  stm32f2xx_hal_tim.o(i.TIM_TI1_ConfigInputStage)
    i.TIM_TI2_ConfigInputStage               0x0800279e   Section        0  stm32f2xx_hal_tim.o(i.TIM_TI2_ConfigInputStage)
    TIM_TI2_ConfigInputStage                 0x0800279f   Thumb Code    36  stm32f2xx_hal_tim.o(i.TIM_TI2_ConfigInputStage)
    i.UART_DMAAbortOnError                   0x080027c2   Section        0  stm32f2xx_hal_uart.o(i.UART_DMAAbortOnError)
    UART_DMAAbortOnError                     0x080027c3   Thumb Code    16  stm32f2xx_hal_uart.o(i.UART_DMAAbortOnError)
    i.UART_EndRxTransfer                     0x080027d2   Section        0  stm32f2xx_hal_uart.o(i.UART_EndRxTransfer)
    UART_EndRxTransfer                       0x080027d3   Thumb Code    28  stm32f2xx_hal_uart.o(i.UART_EndRxTransfer)
    i.UART_Receive_IT                        0x080027ee   Section        0  stm32f2xx_hal_uart.o(i.UART_Receive_IT)
    UART_Receive_IT                          0x080027ef   Thumb Code   150  stm32f2xx_hal_uart.o(i.UART_Receive_IT)
    i.UART_SetConfig                         0x08002884   Section        0  stm32f2xx_hal_uart.o(i.UART_SetConfig)
    UART_SetConfig                           0x08002885   Thumb Code   382  stm32f2xx_hal_uart.o(i.UART_SetConfig)
    i.UART_Transmit_IT                       0x08002a0c   Section        0  stm32f2xx_hal_uart.o(i.UART_Transmit_IT)
    UART_Transmit_IT                         0x08002a0d   Thumb Code    98  stm32f2xx_hal_uart.o(i.UART_Transmit_IT)
    i.UART_WaitOnFlagUntilTimeout            0x08002a6e   Section        0  stm32f2xx_hal_uart.o(i.UART_WaitOnFlagUntilTimeout)
    UART_WaitOnFlagUntilTimeout              0x08002a6f   Thumb Code   100  stm32f2xx_hal_uart.o(i.UART_WaitOnFlagUntilTimeout)
    i.USART1_IRQHandler                      0x08002ad4   Section        0  stm32f2xx_it.o(i.USART1_IRQHandler)
    i.USART2_IRQHandler                      0x08002b74   Section        0  stm32f2xx_it.o(i.USART2_IRQHandler)
    i.UsageFault_Handler                     0x08002b80   Section        0  stm32f2xx_it.o(i.UsageFault_Handler)
    i.__0sprintf                             0x08002b84   Section        0  printfa.o(i.__0sprintf)
    i.__NVIC_SetPriority                     0x08002bac   Section        0  stm32f2xx_hal_cortex.o(i.__NVIC_SetPriority)
    __NVIC_SetPriority                       0x08002bad   Thumb Code    32  stm32f2xx_hal_cortex.o(i.__NVIC_SetPriority)
    i.__aeabi_errno_addr                     0x08002bcc   Section        0  errno.o(i.__aeabi_errno_addr)
    i.__scatterload_copy                     0x08002bd4   Section       14  handlers.o(i.__scatterload_copy)
    i.__scatterload_null                     0x08002be2   Section        2  handlers.o(i.__scatterload_null)
    i.__scatterload_zeroinit                 0x08002be4   Section       14  handlers.o(i.__scatterload_zeroinit)
    i._fp_digits                             0x08002bf4   Section        0  printfa.o(i._fp_digits)
    _fp_digits                               0x08002bf5   Thumb Code   366  printfa.o(i._fp_digits)
    i._printf_core                           0x08002d78   Section        0  printfa.o(i._printf_core)
    _printf_core                             0x08002d79   Thumb Code  1744  printfa.o(i._printf_core)
    i._printf_post_padding                   0x08003454   Section        0  printfa.o(i._printf_post_padding)
    _printf_post_padding                     0x08003455   Thumb Code    36  printfa.o(i._printf_post_padding)
    i._printf_pre_padding                    0x08003478   Section        0  printfa.o(i._printf_pre_padding)
    _printf_pre_padding                      0x08003479   Thumb Code    46  printfa.o(i._printf_pre_padding)
    i._sputc                                 0x080034a6   Section        0  printfa.o(i._sputc)
    _sputc                                   0x080034a7   Thumb Code    10  printfa.o(i._sputc)
    i.cmd_device_status                      0x080034b0   Section        0  function.o(i.cmd_device_status)
    i.cmd_for_debug                          0x08003584   Section        0  function.o(i.cmd_for_debug)
    i.cmd_help                               0x080035f0   Section        0  cmd.o(i.cmd_help)
    i.cmd_help2                              0x08003700   Section        0  cmd.o(i.cmd_help2)
    i.cmd_log                                0x08003898   Section        0  function.o(i.cmd_log)
    i.cmd_reset                              0x080038e4   Section        0  function.o(i.cmd_reset)
    i.cmd_temp                               0x08003a58   Section        0  function.o(i.cmd_temp)
    i.cmd_time                               0x08003b04   Section        0  function.o(i.cmd_time)
    i.cmd_upgrade                            0x08003b50   Section        0  function.o(i.cmd_upgrade)
    i.cmd_version                            0x08003bcc   Section        0  function.o(i.cmd_version)
    i.debug_adc                              0x08003d90   Section        0  function.o(i.debug_adc)
    i.debug_dac                              0x08003fc8   Section        0  function.o(i.debug_dac)
    i.debug_tag                              0x08004328   Section        0  function.o(i.debug_tag)
    i.get_log_time                           0x080044d8   Section        0  function.o(i.get_log_time)
    i.log_content                            0x0800455c   Section        0  function.o(i.log_content)
    i.log_packets                            0x08004648   Section        0  function.o(i.log_packets)
    i.main                                   0x080046e4   Section        0  main.o(i.main)
    i.process_cmd                            0x08004924   Section        0  cmd.o(i.process_cmd)
    i.process_command                        0x08004a84   Section        0  function.o(i.process_command)
    i.rb_init                                0x08004da8   Section        0  main.o(i.rb_init)
    rb_init                                  0x08004da9   Thumb Code    14  main.o(i.rb_init)
    i.rb_is_empty                            0x08004db6   Section        0  usart.o(i.rb_is_empty)
    rb_is_empty                              0x08004db7   Thumb Code    16  usart.o(i.rb_is_empty)
    i.rb_remove                              0x08004dc6   Section        0  stm32f2xx_it.o(i.rb_remove)
    rb_remove                                0x08004dc7   Thumb Code    28  stm32f2xx_it.o(i.rb_remove)
    i.serial_available                       0x08004de4   Section        0  usart.o(i.serial_available)
    i.serial_read                            0x08004e08   Section        0  usart.o(i.serial_read)
    i.serial_tx                              0x08004e2c   Section        0  usart.o(i.serial_tx)
    i.set_log_time                           0x08004ec4   Section        0  function.o(i.set_log_time)
    i.upgrade_file                           0x08004fc8   Section        0  function.o(i.upgrade_file)
    i.upgrade_init                           0x0800528c   Section        0  function.o(i.upgrade_init)
    i.upgrade_init_with_size                 0x0800531c   Section        0  function.o(i.upgrade_init_with_size)
    i.upgrade_install                        0x080053f8   Section        0  function.o(i.upgrade_install)
    .constdata                               0x08005424   Section        4  main.o(.constdata)
    .constdata                               0x08005428   Section       39  function.o(.constdata)
    __func__                                 0x08005428   Data          23  function.o(.constdata)
    __func__                                 0x0800543f   Data          16  function.o(.constdata)
    .constdata                               0x0800544f   Section       16  system_stm32f2xx.o(.constdata)
    .constdata                               0x0800545f   Section        8  system_stm32f2xx.o(.constdata)
    .constdata                               0x08005467   Section      129  ctype_o.o(.constdata)
    .constdata                               0x080054e8   Section        4  ctype_o.o(.constdata)
    table                                    0x080054e8   Data           4  ctype_o.o(.constdata)
    .conststring                             0x080054ec   Section      478  main.o(.conststring)
    .conststring                             0x080056cc   Section       67  function.o(.conststring)
    .data                                    0x20000000   Section        8  main.o(.data)
    .data                                    0x20000008   Section      180  main.o(.data)
    .data                                    0x200000bc   Section      520  usart.o(.data)
    usart1_tr_s                              0x200000bc   Data         520  usart.o(.data)
    .data                                    0x200002c4   Section        4  usart.o(.data)
    .data                                    0x200002c8   Section     1032  function.o(.data)
    CRC32_TABLE                              0x200002d0   Data        1024  function.o(.data)
    .data                                    0x200006d0   Section       12  stm32f2xx_hal.o(.data)
    .data                                    0x200006dc   Section        4  system_stm32f2xx.o(.data)
    .data                                    0x200006e0   Section        4  strtok.o(.data)
    state                                    0x200006e0   Data           4  strtok.o(.data)
    .data                                    0x200006e4   Section        4  errno.o(.data)
    _errno                                   0x200006e4   Data           4  errno.o(.data)
    .bss                                     0x200006e8   Section      256  main.o(.bss)
    .bss                                     0x200007e8   Section     1200  main.o(.bss)
    .bss                                     0x20000c98   Section      128  tim.o(.bss)
    .bss                                     0x20000d18   Section      128  usart.o(.bss)
    .bss                                     0x20000d98   Section       12  usart.o(.bss)
    usart1_rb                                0x20000d98   Data          12  usart.o(.bss)
    .bss                                     0x20000da4   Section       12  usart.o(.bss)
    usart1_wb                                0x20000da4   Data          12  usart.o(.bss)
    .bss                                     0x20000db0   Section    53436  function.o(.bss)
    STACK                                    0x2000de70   Section     1024  startup_stm32f205xx.o(STACK)

    Global Symbols

    Symbol Name                              Value     Ov Type        Size  Object(Section)

    BuildAttributes$$THM_ISAv4$P$D$K$B$S$PE$A:L22UL41UL21$X:L11$S22US41US21$IEEE1$IW$USESV6$~STKCKD$USESV7$~SHL$OSPACE$ROPI$EBA8$MICROLIB$REQ8$PRES8$EABIv2 0x00000000   Number         0  anon$$obj.o ABSOLUTE
    __ARM_use_no_argv                        0x00000000   Number         0  main.o ABSOLUTE
    _printf_a                                0x00000000   Number         0  stubs.o ABSOLUTE
    _printf_c                                0x00000000   Number         0  stubs.o ABSOLUTE
    _printf_charcount                        0x00000000   Number         0  stubs.o ABSOLUTE
    _printf_d                                0x00000000   Number         0  stubs.o ABSOLUTE
    _printf_e                                0x00000000   Number         0  stubs.o ABSOLUTE
    _printf_f                                0x00000000   Number         0  stubs.o ABSOLUTE
    _printf_flags                            0x00000000   Number         0  stubs.o ABSOLUTE
    _printf_fp_dec                           0x00000000   Number         0  stubs.o ABSOLUTE
    _printf_fp_hex                           0x00000000   Number         0  stubs.o ABSOLUTE
    _printf_g                                0x00000000   Number         0  stubs.o ABSOLUTE
    _printf_i                                0x00000000   Number         0  stubs.o ABSOLUTE
    _printf_int_dec                          0x00000000   Number         0  stubs.o ABSOLUTE
    _printf_l                                0x00000000   Number         0  stubs.o ABSOLUTE
    _printf_lc                               0x00000000   Number         0  stubs.o ABSOLUTE
    _printf_ll                               0x00000000   Number         0  stubs.o ABSOLUTE
    _printf_lld                              0x00000000   Number         0  stubs.o ABSOLUTE
    _printf_lli                              0x00000000   Number         0  stubs.o ABSOLUTE
    _printf_llo                              0x00000000   Number         0  stubs.o ABSOLUTE
    _printf_llu                              0x00000000   Number         0  stubs.o ABSOLUTE
    _printf_llx                              0x00000000   Number         0  stubs.o ABSOLUTE
    _printf_longlong_dec                     0x00000000   Number         0  stubs.o ABSOLUTE
    _printf_longlong_hex                     0x00000000   Number         0  stubs.o ABSOLUTE
    _printf_longlong_oct                     0x00000000   Number         0  stubs.o ABSOLUTE
    _printf_ls                               0x00000000   Number         0  stubs.o ABSOLUTE
    _printf_mbtowc                           0x00000000   Number         0  stubs.o ABSOLUTE
    _printf_n                                0x00000000   Number         0  stubs.o ABSOLUTE
    _printf_o                                0x00000000   Number         0  stubs.o ABSOLUTE
    _printf_p                                0x00000000   Number         0  stubs.o ABSOLUTE
    _printf_percent                          0x00000000   Number         0  stubs.o ABSOLUTE
    _printf_pre_padding                      0x00000000   Number         0  stubs.o ABSOLUTE
    _printf_return_value                     0x00000000   Number         0  stubs.o ABSOLUTE
    _printf_s                                0x00000000   Number         0  stubs.o ABSOLUTE
    _printf_sizespec                         0x00000000   Number         0  stubs.o ABSOLUTE
    _printf_str                              0x00000000   Number         0  stubs.o ABSOLUTE
    _printf_truncate_signed                  0x00000000   Number         0  stubs.o ABSOLUTE
    _printf_truncate_unsigned                0x00000000   Number         0  stubs.o ABSOLUTE
    _printf_u                                0x00000000   Number         0  stubs.o ABSOLUTE
    _printf_wc                               0x00000000   Number         0  stubs.o ABSOLUTE
    _printf_wctomb                           0x00000000   Number         0  stubs.o ABSOLUTE
    _printf_widthprec                        0x00000000   Number         0  stubs.o ABSOLUTE
    _printf_x                                0x00000000   Number         0  stubs.o ABSOLUTE
    __cpp_initialize__aeabi_                  - Undefined Weak Reference
    __cxa_finalize                            - Undefined Weak Reference
    _clock_init                               - Undefined Weak Reference
    _microlib_exit                            - Undefined Weak Reference
    _scanf_longlong                           - Undefined Weak Reference
    _scanf_real                               - Undefined Weak Reference
    _scanf_string                             - Undefined Weak Reference
    __Vectors_Size                           0x00000184   Number         0  startup_stm32f205xx.o ABSOLUTE
    __Vectors                                0x08000000   Data           4  startup_stm32f205xx.o(RESET)
    __Vectors_End                            0x08000184   Data           0  startup_stm32f205xx.o(RESET)
    __main                                   0x08000185   Thumb Code     0  entry.o(.ARM.Collect$$$$00000000)
    _main_stk                                0x08000185   Thumb Code     0  entry2.o(.ARM.Collect$$$$00000001)
    _main_scatterload                        0x08000189   Thumb Code     0  entry5.o(.ARM.Collect$$$$00000004)
    __main_after_scatterload                 0x0800018d   Thumb Code     0  entry5.o(.ARM.Collect$$$$00000004)
    _main_clock                              0x0800018d   Thumb Code     0  entry7b.o(.ARM.Collect$$$$00000008)
    _main_cpp_init                           0x0800018d   Thumb Code     0  entry8b.o(.ARM.Collect$$$$0000000A)
    _main_init                               0x0800018d   Thumb Code     0  entry9a.o(.ARM.Collect$$$$0000000B)
    __rt_final_cpp                           0x08000195   Thumb Code     0  entry10a.o(.ARM.Collect$$$$0000000D)
    __rt_final_exit                          0x08000195   Thumb Code     0  entry11a.o(.ARM.Collect$$$$0000000F)
    Reset_Handler                            0x08000199   Thumb Code     8  startup_stm32f205xx.o(.text)
    ADC_IRQHandler                           0x080001b3   Thumb Code     0  startup_stm32f205xx.o(.text)
    CAN1_RX0_IRQHandler                      0x080001b3   Thumb Code     0  startup_stm32f205xx.o(.text)
    CAN1_RX1_IRQHandler                      0x080001b3   Thumb Code     0  startup_stm32f205xx.o(.text)
    CAN1_SCE_IRQHandler                      0x080001b3   Thumb Code     0  startup_stm32f205xx.o(.text)
    CAN1_TX_IRQHandler                       0x080001b3   Thumb Code     0  startup_stm32f205xx.o(.text)
    CAN2_RX0_IRQHandler                      0x080001b3   Thumb Code     0  startup_stm32f205xx.o(.text)
    CAN2_RX1_IRQHandler                      0x080001b3   Thumb Code     0  startup_stm32f205xx.o(.text)
    CAN2_SCE_IRQHandler                      0x080001b3   Thumb Code     0  startup_stm32f205xx.o(.text)
    CAN2_TX_IRQHandler                       0x080001b3   Thumb Code     0  startup_stm32f205xx.o(.text)
    DMA1_Stream0_IRQHandler                  0x080001b3   Thumb Code     0  startup_stm32f205xx.o(.text)
    DMA1_Stream1_IRQHandler                  0x080001b3   Thumb Code     0  startup_stm32f205xx.o(.text)
    DMA1_Stream2_IRQHandler                  0x080001b3   Thumb Code     0  startup_stm32f205xx.o(.text)
    DMA1_Stream3_IRQHandler                  0x080001b3   Thumb Code     0  startup_stm32f205xx.o(.text)
    DMA1_Stream4_IRQHandler                  0x080001b3   Thumb Code     0  startup_stm32f205xx.o(.text)
    DMA1_Stream5_IRQHandler                  0x080001b3   Thumb Code     0  startup_stm32f205xx.o(.text)
    DMA1_Stream6_IRQHandler                  0x080001b3   Thumb Code     0  startup_stm32f205xx.o(.text)
    DMA1_Stream7_IRQHandler                  0x080001b3   Thumb Code     0  startup_stm32f205xx.o(.text)
    DMA2_Stream0_IRQHandler                  0x080001b3   Thumb Code     0  startup_stm32f205xx.o(.text)
    DMA2_Stream1_IRQHandler                  0x080001b3   Thumb Code     0  startup_stm32f205xx.o(.text)
    DMA2_Stream2_IRQHandler                  0x080001b3   Thumb Code     0  startup_stm32f205xx.o(.text)
    DMA2_Stream3_IRQHandler                  0x080001b3   Thumb Code     0  startup_stm32f205xx.o(.text)
    DMA2_Stream4_IRQHandler                  0x080001b3   Thumb Code     0  startup_stm32f205xx.o(.text)
    DMA2_Stream5_IRQHandler                  0x080001b3   Thumb Code     0  startup_stm32f205xx.o(.text)
    DMA2_Stream6_IRQHandler                  0x080001b3   Thumb Code     0  startup_stm32f205xx.o(.text)
    DMA2_Stream7_IRQHandler                  0x080001b3   Thumb Code     0  startup_stm32f205xx.o(.text)
    EXTI0_IRQHandler                         0x080001b3   Thumb Code     0  startup_stm32f205xx.o(.text)
    EXTI15_10_IRQHandler                     0x080001b3   Thumb Code     0  startup_stm32f205xx.o(.text)
    EXTI1_IRQHandler                         0x080001b3   Thumb Code     0  startup_stm32f205xx.o(.text)
    EXTI2_IRQHandler                         0x080001b3   Thumb Code     0  startup_stm32f205xx.o(.text)
    EXTI3_IRQHandler                         0x080001b3   Thumb Code     0  startup_stm32f205xx.o(.text)
    EXTI4_IRQHandler                         0x080001b3   Thumb Code     0  startup_stm32f205xx.o(.text)
    EXTI9_5_IRQHandler                       0x080001b3   Thumb Code     0  startup_stm32f205xx.o(.text)
    FLASH_IRQHandler                         0x080001b3   Thumb Code     0  startup_stm32f205xx.o(.text)
    FSMC_IRQHandler                          0x080001b3   Thumb Code     0  startup_stm32f205xx.o(.text)
    HASH_RNG_IRQHandler                      0x080001b3   Thumb Code     0  startup_stm32f205xx.o(.text)
    I2C1_ER_IRQHandler                       0x080001b3   Thumb Code     0  startup_stm32f205xx.o(.text)
    I2C1_EV_IRQHandler                       0x080001b3   Thumb Code     0  startup_stm32f205xx.o(.text)
    I2C2_ER_IRQHandler                       0x080001b3   Thumb Code     0  startup_stm32f205xx.o(.text)
    I2C2_EV_IRQHandler                       0x080001b3   Thumb Code     0  startup_stm32f205xx.o(.text)
    I2C3_ER_IRQHandler                       0x080001b3   Thumb Code     0  startup_stm32f205xx.o(.text)
    I2C3_EV_IRQHandler                       0x080001b3   Thumb Code     0  startup_stm32f205xx.o(.text)
    OTG_FS_IRQHandler                        0x080001b3   Thumb Code     0  startup_stm32f205xx.o(.text)
    OTG_FS_WKUP_IRQHandler                   0x080001b3   Thumb Code     0  startup_stm32f205xx.o(.text)
    OTG_HS_EP1_IN_IRQHandler                 0x080001b3   Thumb Code     0  startup_stm32f205xx.o(.text)
    OTG_HS_EP1_OUT_IRQHandler                0x080001b3   Thumb Code     0  startup_stm32f205xx.o(.text)
    OTG_HS_IRQHandler                        0x080001b3   Thumb Code     0  startup_stm32f205xx.o(.text)
    OTG_HS_WKUP_IRQHandler                   0x080001b3   Thumb Code     0  startup_stm32f205xx.o(.text)
    PVD_IRQHandler                           0x080001b3   Thumb Code     0  startup_stm32f205xx.o(.text)
    RCC_IRQHandler                           0x080001b3   Thumb Code     0  startup_stm32f205xx.o(.text)
    RTC_Alarm_IRQHandler                     0x080001b3   Thumb Code     0  startup_stm32f205xx.o(.text)
    RTC_WKUP_IRQHandler                      0x080001b3   Thumb Code     0  startup_stm32f205xx.o(.text)
    SDIO_IRQHandler                          0x080001b3   Thumb Code     0  startup_stm32f205xx.o(.text)
    SPI1_IRQHandler                          0x080001b3   Thumb Code     0  startup_stm32f205xx.o(.text)
    SPI2_IRQHandler                          0x080001b3   Thumb Code     0  startup_stm32f205xx.o(.text)
    SPI3_IRQHandler                          0x080001b3   Thumb Code     0  startup_stm32f205xx.o(.text)
    TAMP_STAMP_IRQHandler                    0x080001b3   Thumb Code     0  startup_stm32f205xx.o(.text)
    TIM1_BRK_TIM9_IRQHandler                 0x080001b3   Thumb Code     0  startup_stm32f205xx.o(.text)
    TIM1_CC_IRQHandler                       0x080001b3   Thumb Code     0  startup_stm32f205xx.o(.text)
    TIM1_TRG_COM_TIM11_IRQHandler            0x080001b3   Thumb Code     0  startup_stm32f205xx.o(.text)
    TIM1_UP_TIM10_IRQHandler                 0x080001b3   Thumb Code     0  startup_stm32f205xx.o(.text)
    TIM4_IRQHandler                          0x080001b3   Thumb Code     0  startup_stm32f205xx.o(.text)
    TIM5_IRQHandler                          0x080001b3   Thumb Code     0  startup_stm32f205xx.o(.text)
    TIM6_DAC_IRQHandler                      0x080001b3   Thumb Code     0  startup_stm32f205xx.o(.text)
    TIM7_IRQHandler                          0x080001b3   Thumb Code     0  startup_stm32f205xx.o(.text)
    TIM8_BRK_TIM12_IRQHandler                0x080001b3   Thumb Code     0  startup_stm32f205xx.o(.text)
    TIM8_CC_IRQHandler                       0x080001b3   Thumb Code     0  startup_stm32f205xx.o(.text)
    TIM8_TRG_COM_TIM14_IRQHandler            0x080001b3   Thumb Code     0  startup_stm32f205xx.o(.text)
    TIM8_UP_TIM13_IRQHandler                 0x080001b3   Thumb Code     0  startup_stm32f205xx.o(.text)
    UART4_IRQHandler                         0x080001b3   Thumb Code     0  startup_stm32f205xx.o(.text)
    UART5_IRQHandler                         0x080001b3   Thumb Code     0  startup_stm32f205xx.o(.text)
    USART3_IRQHandler                        0x080001b3   Thumb Code     0  startup_stm32f205xx.o(.text)
    USART6_IRQHandler                        0x080001b3   Thumb Code     0  startup_stm32f205xx.o(.text)
    WWDG_IRQHandler                          0x080001b3   Thumb Code     0  startup_stm32f205xx.o(.text)
    __aeabi_uldivmod                         0x080001bd   Thumb Code    98  uldiv.o(.text)
    __aeabi_memcpy                           0x0800021f   Thumb Code    36  memcpya.o(.text)
    __aeabi_memcpy4                          0x0800021f   Thumb Code     0  memcpya.o(.text)
    __aeabi_memcpy8                          0x0800021f   Thumb Code     0  memcpya.o(.text)
    __aeabi_memset                           0x08000243   Thumb Code    14  memseta.o(.text)
    __aeabi_memset4                          0x08000243   Thumb Code     0  memseta.o(.text)
    __aeabi_memset8                          0x08000243   Thumb Code     0  memseta.o(.text)
    __aeabi_memclr                           0x08000251   Thumb Code     4  memseta.o(.text)
    __aeabi_memclr4                          0x08000251   Thumb Code     0  memseta.o(.text)
    __aeabi_memclr8                          0x08000251   Thumb Code     0  memseta.o(.text)
    _memset$wrapper                          0x08000255   Thumb Code    18  memseta.o(.text)
    strlen                                   0x08000267   Thumb Code    14  strlen.o(.text)
    strcmp                                   0x08000275   Thumb Code    28  strcmp.o(.text)
    strcpy                                   0x08000291   Thumb Code    18  strcpy.o(.text)
    strtok                                   0x080002a5   Thumb Code    62  strtok.o(.text)
    strcasecmp                               0x080002e9   Thumb Code    42  strcasecmp.o(.text)
    strncasecmp                              0x08000313   Thumb Code    50  strncasecmp.o(.text)
    __0sscanf                                0x08000345   Thumb Code    48  __0sscanf.o(.text)
    _scanf_int                               0x0800037d   Thumb Code   332  _scanf_int.o(.text)
    strtoul                                  0x080004c9   Thumb Code   114  strtoul.o(.text)
    __aeabi_ddiv                             0x0800053b   Thumb Code   222  ddiv.o(.text)
    __aeabi_ui2d                             0x08000619   Thumb Code    26  dfltui.o(.text)
    __aeabi_uidiv                            0x08000633   Thumb Code     0  uidiv.o(.text)
    __aeabi_uidivmod                         0x08000633   Thumb Code    44  uidiv.o(.text)
    __aeabi_llsl                             0x0800065f   Thumb Code    30  llshl.o(.text)
    _ll_shift_l                              0x0800065f   Thumb Code     0  llshl.o(.text)
    __aeabi_llsr                             0x0800067d   Thumb Code    32  llushr.o(.text)
    _ll_ushift_r                             0x0800067d   Thumb Code     0  llushr.o(.text)
    __rt_ctype_table                         0x0800069d   Thumb Code     4  ctype_o.o(.text)
    isspace                                  0x080006a5   Thumb Code    18  isspace_o.o(.text)
    tolower                                  0x080006b7   Thumb Code    12  tolower.o(.text)
    _chval                                   0x080006c3   Thumb Code    28  _chval.o(.text)
    __vfscanf_char                           0x080006ed   Thumb Code    20  scanf_char.o(.text)
    _sgetc                                   0x08000709   Thumb Code    30  _sgetc.o(.text)
    _sbackspace                              0x08000727   Thumb Code    34  _sgetc.o(.text)
    _strtoul                                 0x08000749   Thumb Code   158  _strtoul.o(.text)
    __I$use$fp                               0x080007e7   Thumb Code     0  iusefp.o(.text)
    _double_round                            0x080007e7   Thumb Code    30  depilogue.o(.text)
    _double_epilogue                         0x08000805   Thumb Code   156  depilogue.o(.text)
    __aeabi_dadd                             0x080008a1   Thumb Code   322  dadd.o(.text)
    __aeabi_dsub                             0x080009e3   Thumb Code     6  dadd.o(.text)
    __aeabi_drsub                            0x080009e9   Thumb Code     6  dadd.o(.text)
    __aeabi_dmul                             0x080009ef   Thumb Code   228  dmul.o(.text)
    __aeabi_d2ulz                            0x08000ad3   Thumb Code    48  dfixul.o(.text)
    __aeabi_cdrcmple                         0x08000b05   Thumb Code    48  cdrcmple.o(.text)
    __scatterload                            0x08000b35   Thumb Code    28  init.o(.text)
    __scatterload_rt2                        0x08000b35   Thumb Code     0  init.o(.text)
    __aeabi_lasr                             0x08000b59   Thumb Code    36  llsshr.o(.text)
    _ll_sshift_r                             0x08000b59   Thumb Code     0  llsshr.o(.text)
    __vfscanf                                0x08000b7d   Thumb Code   808  _scanf.o(.text)
    __decompress                             0x08000ea9   Thumb Code     0  __dczerorl2.o(.text)
    __decompress1                            0x08000ea9   Thumb Code    86  __dczerorl2.o(.text)
    BE32_To_Buffer                           0x08000eff   Thumb Code    16  function.o(i.BE32_To_Buffer)
    Buffer_To_BE32                           0x08000f0f   Thumb Code    14  function.o(i.Buffer_To_BE32)
    BusFault_Handler                         0x08000f1d   Thumb Code     2  stm32f2xx_it.o(i.BusFault_Handler)
    Cal_CRC32                                0x08000f21   Thumb Code    36  function.o(i.Cal_CRC32)
    DebugMon_Handler                         0x08000f49   Thumb Code     2  stm32f2xx_it.o(i.DebugMon_Handler)
    Error_Handler                            0x08000f4b   Thumb Code     2  main.o(i.Error_Handler)
    HAL_DMA_Abort_IT                         0x08000f4d   Thumb Code    36  stm32f2xx_hal_dma.o(i.HAL_DMA_Abort_IT)
    HAL_Delay                                0x08000f71   Thumb Code    32  stm32f2xx_hal.o(i.HAL_Delay)
    HAL_GPIO_Init                            0x08000f95   Thumb Code   444  stm32f2xx_hal_gpio.o(i.HAL_GPIO_Init)
    HAL_GPIO_TogglePin                       0x08001181   Thumb Code    12  stm32f2xx_hal_gpio.o(i.HAL_GPIO_TogglePin)
    HAL_GPIO_WritePin                        0x0800118d   Thumb Code    10  stm32f2xx_hal_gpio.o(i.HAL_GPIO_WritePin)
    HAL_GetTick                              0x08001199   Thumb Code     6  stm32f2xx_hal.o(i.HAL_GetTick)
    HAL_IncTick                              0x080011a5   Thumb Code    12  stm32f2xx_hal.o(i.HAL_IncTick)
    HAL_Init                                 0x080011b5   Thumb Code    48  stm32f2xx_hal.o(i.HAL_Init)
    HAL_InitTick                             0x080011e9   Thumb Code    54  stm32f2xx_hal.o(i.HAL_InitTick)
    HAL_MspInit                              0x08001229   Thumb Code    42  stm32f2xx_hal_msp.o(i.HAL_MspInit)
    HAL_NVIC_EnableIRQ                       0x08001259   Thumb Code    26  stm32f2xx_hal_cortex.o(i.HAL_NVIC_EnableIRQ)
    HAL_NVIC_SetPriority                     0x08001275   Thumb Code    60  stm32f2xx_hal_cortex.o(i.HAL_NVIC_SetPriority)
    HAL_NVIC_SetPriorityGrouping             0x080012b5   Thumb Code    26  stm32f2xx_hal_cortex.o(i.HAL_NVIC_SetPriorityGrouping)
    HAL_RCC_ClockConfig                      0x080012d9   Thumb Code   296  stm32f2xx_hal_rcc.o(i.HAL_RCC_ClockConfig)
    HAL_RCC_GetPCLK1Freq                     0x08001415   Thumb Code    34  stm32f2xx_hal_rcc.o(i.HAL_RCC_GetPCLK1Freq)
    HAL_RCC_GetPCLK2Freq                     0x08001445   Thumb Code    34  stm32f2xx_hal_rcc.o(i.HAL_RCC_GetPCLK2Freq)
    HAL_RCC_GetSysClockFreq                  0x08001475   Thumb Code    88  stm32f2xx_hal_rcc.o(i.HAL_RCC_GetSysClockFreq)
    HAL_RCC_OscConfig                        0x080014d9   Thumb Code   826  stm32f2xx_hal_rcc.o(i.HAL_RCC_OscConfig)
    HAL_SYSTICK_Config                       0x08001825   Thumb Code    40  stm32f2xx_hal_cortex.o(i.HAL_SYSTICK_Config)
    HAL_TIMEx_BreakCallback                  0x0800184d   Thumb Code     2  stm32f2xx_hal_tim_ex.o(i.HAL_TIMEx_BreakCallback)
    HAL_TIMEx_CommutCallback                 0x0800184f   Thumb Code     2  stm32f2xx_hal_tim_ex.o(i.HAL_TIMEx_CommutCallback)
    HAL_TIMEx_MasterConfigSynchronization    0x08001851   Thumb Code    66  stm32f2xx_hal_tim_ex.o(i.HAL_TIMEx_MasterConfigSynchronization)
    HAL_TIM_Base_Init                        0x08001893   Thumb Code    54  stm32f2xx_hal_tim.o(i.HAL_TIM_Base_Init)
    HAL_TIM_Base_MspInit                     0x080018c9   Thumb Code    86  tim.o(i.HAL_TIM_Base_MspInit)
    HAL_TIM_Base_Start_IT                    0x08001929   Thumb Code    34  stm32f2xx_hal_tim.o(i.HAL_TIM_Base_Start_IT)
    HAL_TIM_ConfigClockSource                0x0800194b   Thumb Code   214  stm32f2xx_hal_tim.o(i.HAL_TIM_ConfigClockSource)
    HAL_TIM_IC_CaptureCallback               0x08001a21   Thumb Code     2  stm32f2xx_hal_tim.o(i.HAL_TIM_IC_CaptureCallback)
    HAL_TIM_IRQHandler                       0x08001a23   Thumb Code   358  stm32f2xx_hal_tim.o(i.HAL_TIM_IRQHandler)
    HAL_TIM_OC_DelayElapsedCallback          0x08001b89   Thumb Code     2  stm32f2xx_hal_tim.o(i.HAL_TIM_OC_DelayElapsedCallback)
    HAL_TIM_PWM_PulseFinishedCallback        0x08001b8b   Thumb Code     2  stm32f2xx_hal_tim.o(i.HAL_TIM_PWM_PulseFinishedCallback)
    HAL_TIM_PeriodElapsedCallback            0x08001b8d   Thumb Code   150  main.o(i.HAL_TIM_PeriodElapsedCallback)
    HAL_TIM_TriggerCallback                  0x08001c35   Thumb Code     2  stm32f2xx_hal_tim.o(i.HAL_TIM_TriggerCallback)
    HAL_UART_ErrorCallback                   0x08001c37   Thumb Code     2  stm32f2xx_hal_uart.o(i.HAL_UART_ErrorCallback)
    HAL_UART_IRQHandler                      0x08001c39   Thumb Code   266  stm32f2xx_hal_uart.o(i.HAL_UART_IRQHandler)
    HAL_UART_Init                            0x08001d49   Thumb Code    98  stm32f2xx_hal_uart.o(i.HAL_UART_Init)
    HAL_UART_MspInit                         0x08001dad   Thumb Code   182  usart.o(i.HAL_UART_MspInit)
    HAL_UART_Receive                         0x08001e75   Thumb Code   184  stm32f2xx_hal_uart.o(i.HAL_UART_Receive)
    HAL_UART_Receive_IT                      0x08001f2d   Thumb Code    82  stm32f2xx_hal_uart.o(i.HAL_UART_Receive_IT)
    HAL_UART_RxCpltCallback                  0x08001f81   Thumb Code   102  main.o(i.HAL_UART_RxCpltCallback)
    HAL_UART_Transmit                        0x08001ff9   Thumb Code   186  stm32f2xx_hal_uart.o(i.HAL_UART_Transmit)
    HAL_UART_TxCpltCallback                  0x080020b3   Thumb Code     2  stm32f2xx_hal_uart.o(i.HAL_UART_TxCpltCallback)
    HardFault_Handler                        0x080020b5   Thumb Code     2  stm32f2xx_it.o(i.HardFault_Handler)
    MX_GPIO_Init                             0x080020b9   Thumb Code   148  gpio.o(i.MX_GPIO_Init)
    MX_TIM2_Init                             0x08002159   Thumb Code    98  tim.o(i.MX_TIM2_Init)
    MX_TIM3_Init                             0x080021c1   Thumb Code    96  tim.o(i.MX_TIM3_Init)
    MX_USART1_UART_Init                      0x08002229   Thumb Code    48  usart.o(i.MX_USART1_UART_Init)
    MX_USART2_UART_Init                      0x08002261   Thumb Code    48  usart.o(i.MX_USART2_UART_Init)
    MemManage_Handler                        0x08002299   Thumb Code     2  stm32f2xx_it.o(i.MemManage_Handler)
    NMI_Handler                              0x0800229b   Thumb Code     2  stm32f2xx_it.o(i.NMI_Handler)
    PRINT_CHAR                               0x0800229d   Thumb Code   310  function.o(i.PRINT_CHAR)
    PRINT_HEX                                0x08002429   Thumb Code   294  function.o(i.PRINT_HEX)
    PendSV_Handler                           0x080025d1   Thumb Code     2  stm32f2xx_it.o(i.PendSV_Handler)
    SVC_Handler                              0x080025d3   Thumb Code     2  stm32f2xx_it.o(i.SVC_Handler)
    SysTick_Handler                          0x080025d5   Thumb Code     4  stm32f2xx_it.o(i.SysTick_Handler)
    SystemClock_Config                       0x080025d9   Thumb Code    86  main.o(i.SystemClock_Config)
    SystemInit                               0x08002631   Thumb Code    54  system_stm32f2xx.o(i.SystemInit)
    TIM2_IRQHandler                          0x08002679   Thumb Code     6  stm32f2xx_it.o(i.TIM2_IRQHandler)
    TIM3_IRQHandler                          0x08002685   Thumb Code     6  stm32f2xx_it.o(i.TIM3_IRQHandler)
    TIM_Base_SetConfig                       0x08002691   Thumb Code   156  stm32f2xx_hal_tim.o(i.TIM_Base_SetConfig)
    TIM_ETR_SetConfig                        0x08002759   Thumb Code    20  stm32f2xx_hal_tim.o(i.TIM_ETR_SetConfig)
    USART1_IRQHandler                        0x08002ad5   Thumb Code   148  stm32f2xx_it.o(i.USART1_IRQHandler)
    USART2_IRQHandler                        0x08002b75   Thumb Code     6  stm32f2xx_it.o(i.USART2_IRQHandler)
    UsageFault_Handler                       0x08002b81   Thumb Code     2  stm32f2xx_it.o(i.UsageFault_Handler)
    __0sprintf                               0x08002b85   Thumb Code    34  printfa.o(i.__0sprintf)
    __1sprintf                               0x08002b85   Thumb Code     0  printfa.o(i.__0sprintf)
    __2sprintf                               0x08002b85   Thumb Code     0  printfa.o(i.__0sprintf)
    __c89sprintf                             0x08002b85   Thumb Code     0  printfa.o(i.__0sprintf)
    sprintf                                  0x08002b85   Thumb Code     0  printfa.o(i.__0sprintf)
    __aeabi_errno_addr                       0x08002bcd   Thumb Code     4  errno.o(i.__aeabi_errno_addr)
    __rt_errno_addr                          0x08002bcd   Thumb Code     0  errno.o(i.__aeabi_errno_addr)
    __scatterload_copy                       0x08002bd5   Thumb Code    14  handlers.o(i.__scatterload_copy)
    __scatterload_null                       0x08002be3   Thumb Code     2  handlers.o(i.__scatterload_null)
    __scatterload_zeroinit                   0x08002be5   Thumb Code    14  handlers.o(i.__scatterload_zeroinit)
    cmd_device_status                        0x080034b1   Thumb Code   120  function.o(i.cmd_device_status)
    cmd_for_debug                            0x08003585   Thumb Code    96  function.o(i.cmd_for_debug)
    cmd_help                                 0x080035f1   Thumb Code   220  cmd.o(i.cmd_help)
    cmd_help2                                0x08003701   Thumb Code   342  cmd.o(i.cmd_help2)
    cmd_log                                  0x08003899   Thumb Code    64  function.o(i.cmd_log)
    cmd_reset                                0x080038e5   Thumb Code   250  function.o(i.cmd_reset)
    cmd_temp                                 0x08003a59   Thumb Code   122  function.o(i.cmd_temp)
    cmd_time                                 0x08003b05   Thumb Code    66  function.o(i.cmd_time)
    cmd_upgrade                              0x08003b51   Thumb Code   100  function.o(i.cmd_upgrade)
    cmd_version                              0x08003bcd   Thumb Code   304  function.o(i.cmd_version)
    debug_adc                                0x08003d91   Thumb Code   428  function.o(i.debug_adc)
    debug_dac                                0x08003fc9   Thumb Code   578  function.o(i.debug_dac)
    debug_tag                                0x08004329   Thumb Code   250  function.o(i.debug_tag)
    get_log_time                             0x080044d9   Thumb Code    88  function.o(i.get_log_time)
    log_content                              0x0800455d   Thumb Code   166  function.o(i.log_content)
    log_packets                              0x08004649   Thumb Code   104  function.o(i.log_packets)
    main                                     0x080046e5   Thumb Code   498  main.o(i.main)
    process_cmd                              0x08004925   Thumb Code   220  cmd.o(i.process_cmd)
    process_command                          0x08004a85   Thumb Code   570  function.o(i.process_command)
    serial_available                         0x08004de5   Thumb Code    30  usart.o(i.serial_available)
    serial_read                              0x08004e09   Thumb Code    32  usart.o(i.serial_read)
    serial_tx                                0x08004e2d   Thumb Code   144  usart.o(i.serial_tx)
    set_log_time                             0x08004ec5   Thumb Code   176  function.o(i.set_log_time)
    upgrade_file                             0x08004fc9   Thumb Code   500  function.o(i.upgrade_file)
    upgrade_init                             0x0800528d   Thumb Code    98  function.o(i.upgrade_init)
    upgrade_init_with_size                   0x0800531d   Thumb Code   168  function.o(i.upgrade_init_with_size)
    upgrade_install                          0x080053f9   Thumb Code    30  function.o(i.upgrade_install)
    cmd_count                                0x08005424   Data           4  main.o(.constdata)
    AHBPrescTable                            0x0800544f   Data          16  system_stm32f2xx.o(.constdata)
    APBPrescTable                            0x0800545f   Data           8  system_stm32f2xx.o(.constdata)
    __ctype_table                            0x08005467   Data         129  ctype_o.o(.constdata)
    Region$$Table$$Base                      0x08005710   Number         0  anon$$obj.o(Region$$Table)
    Region$$Table$$Limit                     0x08005730   Number         0  anon$$obj.o(Region$$Table)
    uart1_data                               0x20000000   Data           1  main.o(.data)
    uart1_irq_sel                            0x20000001   Data           1  main.o(.data)
    counter                                  0x20000004   Data           4  main.o(.data)
    cmdlist                                  0x20000008   Data         180  main.o(.data)
    usart1_tr                                0x200002c4   Data           4  usart.o(.data)
    block_size                               0x200002c8   Data           4  function.o(.data)
    rLen                                     0x200002cc   Data           4  function.o(.data)
    uwTickFreq                               0x200006d0   Data           1  stm32f2xx_hal.o(.data)
    uwTickPrio                               0x200006d4   Data           4  stm32f2xx_hal.o(.data)
    uwTick                                   0x200006d8   Data           4  stm32f2xx_hal.o(.data)
    SystemCoreClock                          0x200006dc   Data           4  system_stm32f2xx.o(.data)
    usart1_tx_buf                            0x200006e8   Data         256  main.o(.bss)
    usart2_tx_buf                            0x200007e8   Data        1200  main.o(.bss)
    htim2                                    0x20000c98   Data          64  tim.o(.bss)
    htim3                                    0x20000cd8   Data          64  tim.o(.bss)
    huart1                                   0x20000d18   Data          64  usart.o(.bss)
    huart2                                   0x20000d58   Data          64  usart.o(.bss)
    fw_buf                                   0x20000db0   Data       51200  function.o(.bss)
    rBuf                                     0x2000d5b0   Data        1200  function.o(.bss)
    txBuf                                    0x2000da60   Data        1036  function.o(.bss)
    __initial_sp                             0x2000e270   Data           0  startup_stm32f205xx.o(STACK)



==============================================================================

Memory Map of the image

  Image Entry point : 0x08000185

  Load Region LR_IROM1 (Base: 0x08000000, Size: 0x00005e18, Max: 0x00020000, ABSOLUTE, COMPRESSED[0x00005bd0])

    Execution Region ER_IROM1 (Exec base: 0x08000000, Load base: 0x08000000, Size: 0x00005730, Max: 0x00020000, ABSOLUTE)

    Exec Addr    Load Addr    Size         Type   Attr      Idx    E Section Name        Object

    0x08000000   0x08000000   0x00000184   Data   RO            3    RESET               startup_stm32f205xx.o
    0x08000184   0x08000184   0x00000000   Code   RO         3211  * .ARM.Collect$$$$00000000  mc_w.l(entry.o)
    0x08000184   0x08000184   0x00000004   Code   RO         3509    .ARM.Collect$$$$00000001  mc_w.l(entry2.o)
    0x08000188   0x08000188   0x00000004   Code   RO         3512    .ARM.Collect$$$$00000004  mc_w.l(entry5.o)
    0x0800018c   0x0800018c   0x00000000   Code   RO         3514    .ARM.Collect$$$$00000008  mc_w.l(entry7b.o)
    0x0800018c   0x0800018c   0x00000000   Code   RO         3516    .ARM.Collect$$$$0000000A  mc_w.l(entry8b.o)
    0x0800018c   0x0800018c   0x00000008   Code   RO         3517    .ARM.Collect$$$$0000000B  mc_w.l(entry9a.o)
    0x08000194   0x08000194   0x00000000   Code   RO         3519    .ARM.Collect$$$$0000000D  mc_w.l(entry10a.o)
    0x08000194   0x08000194   0x00000000   Code   RO         3521    .ARM.Collect$$$$0000000F  mc_w.l(entry11a.o)
    0x08000194   0x08000194   0x00000004   Code   RO         3510    .ARM.Collect$$$$00002712  mc_w.l(entry2.o)
    0x08000198   0x08000198   0x00000024   Code   RO            4    .text               startup_stm32f205xx.o
    0x080001bc   0x080001bc   0x00000062   Code   RO         3214    .text               mc_w.l(uldiv.o)
    0x0800021e   0x0800021e   0x00000024   Code   RO         3216    .text               mc_w.l(memcpya.o)
    0x08000242   0x08000242   0x00000024   Code   RO         3218    .text               mc_w.l(memseta.o)
    0x08000266   0x08000266   0x0000000e   Code   RO         3220    .text               mc_w.l(strlen.o)
    0x08000274   0x08000274   0x0000001c   Code   RO         3222    .text               mc_w.l(strcmp.o)
    0x08000290   0x08000290   0x00000012   Code   RO         3224    .text               mc_w.l(strcpy.o)
    0x080002a2   0x080002a2   0x00000002   PAD
    0x080002a4   0x080002a4   0x00000044   Code   RO         3226    .text               mc_w.l(strtok.o)
    0x080002e8   0x080002e8   0x0000002a   Code   RO         3234    .text               mc_w.l(strcasecmp.o)
    0x08000312   0x08000312   0x00000032   Code   RO         3236    .text               mc_w.l(strncasecmp.o)
    0x08000344   0x08000344   0x00000038   Code   RO         3499    .text               mc_w.l(__0sscanf.o)
    0x0800037c   0x0800037c   0x0000014c   Code   RO         3501    .text               mc_w.l(_scanf_int.o)
    0x080004c8   0x080004c8   0x00000072   Code   RO         3503    .text               mc_w.l(strtoul.o)
    0x0800053a   0x0800053a   0x000000de   Code   RO         3505    .text               mf_w.l(ddiv.o)
    0x08000618   0x08000618   0x0000001a   Code   RO         3507    .text               mf_w.l(dfltui.o)
    0x08000632   0x08000632   0x0000002c   Code   RO         3526    .text               mc_w.l(uidiv.o)
    0x0800065e   0x0800065e   0x0000001e   Code   RO         3528    .text               mc_w.l(llshl.o)
    0x0800067c   0x0800067c   0x00000020   Code   RO         3530    .text               mc_w.l(llushr.o)
    0x0800069c   0x0800069c   0x00000008   Code   RO         3532    .text               mc_w.l(ctype_o.o)
    0x080006a4   0x080006a4   0x00000012   Code   RO         3554    .text               mc_w.l(isspace_o.o)
    0x080006b6   0x080006b6   0x0000000c   Code   RO         3560    .text               mc_w.l(tolower.o)
    0x080006c2   0x080006c2   0x0000001c   Code   RO         3569    .text               mc_w.l(_chval.o)
    0x080006de   0x080006de   0x00000002   PAD
    0x080006e0   0x080006e0   0x00000028   Code   RO         3571    .text               mc_w.l(scanf_char.o)
    0x08000708   0x08000708   0x00000040   Code   RO         3573    .text               mc_w.l(_sgetc.o)
    0x08000748   0x08000748   0x0000009e   Code   RO         3575    .text               mc_w.l(_strtoul.o)
    0x080007e6   0x080007e6   0x00000000   Code   RO         3577    .text               mc_w.l(iusefp.o)
    0x080007e6   0x080007e6   0x000000ba   Code   RO         3578    .text               mf_w.l(depilogue.o)
    0x080008a0   0x080008a0   0x0000014e   Code   RO         3580    .text               mf_w.l(dadd.o)
    0x080009ee   0x080009ee   0x000000e4   Code   RO         3582    .text               mf_w.l(dmul.o)
    0x08000ad2   0x08000ad2   0x00000030   Code   RO         3584    .text               mf_w.l(dfixul.o)
    0x08000b02   0x08000b02   0x00000002   PAD
    0x08000b04   0x08000b04   0x00000030   Code   RO         3586    .text               mf_w.l(cdrcmple.o)
    0x08000b34   0x08000b34   0x00000024   Code   RO         3588    .text               mc_w.l(init.o)
    0x08000b58   0x08000b58   0x00000024   Code   RO         3591    .text               mc_w.l(llsshr.o)
    0x08000b7c   0x08000b7c   0x0000032c   Code   RO         3595    .text               mc_w.l(_scanf.o)
    0x08000ea8   0x08000ea8   0x00000056   Code   RO         3609    .text               mc_w.l(__dczerorl2.o)
    0x08000efe   0x08000efe   0x00000010   Code   RO          619    i.BE32_To_Buffer    function.o
    0x08000f0e   0x08000f0e   0x0000000e   Code   RO          620    i.Buffer_To_BE32    function.o
    0x08000f1c   0x08000f1c   0x00000002   Code   RO          443    i.BusFault_Handler  stm32f2xx_it.o
    0x08000f1e   0x08000f1e   0x00000002   PAD
    0x08000f20   0x08000f20   0x00000028   Code   RO          622    i.Cal_CRC32         function.o
    0x08000f48   0x08000f48   0x00000002   Code   RO          444    i.DebugMon_Handler  stm32f2xx_it.o
    0x08000f4a   0x08000f4a   0x00000002   Code   RO           13    i.Error_Handler     main.o
    0x08000f4c   0x08000f4c   0x00000024   Code   RO         2635    i.HAL_DMA_Abort_IT  stm32f2xx_hal_dma.o
    0x08000f70   0x08000f70   0x00000024   Code   RO         1779    i.HAL_Delay         stm32f2xx_hal.o
    0x08000f94   0x08000f94   0x000001ec   Code   RO         2568    i.HAL_GPIO_Init     stm32f2xx_hal_gpio.o
    0x08001180   0x08001180   0x0000000c   Code   RO         2571    i.HAL_GPIO_TogglePin  stm32f2xx_hal_gpio.o
    0x0800118c   0x0800118c   0x0000000a   Code   RO         2572    i.HAL_GPIO_WritePin  stm32f2xx_hal_gpio.o
    0x08001196   0x08001196   0x00000002   PAD
    0x08001198   0x08001198   0x0000000c   Code   RO         1785    i.HAL_GetTick       stm32f2xx_hal.o
    0x080011a4   0x080011a4   0x00000010   Code   RO         1791    i.HAL_IncTick       stm32f2xx_hal.o
    0x080011b4   0x080011b4   0x00000034   Code   RO         1792    i.HAL_Init          stm32f2xx_hal.o
    0x080011e8   0x080011e8   0x00000040   Code   RO         1793    i.HAL_InitTick      stm32f2xx_hal.o
    0x08001228   0x08001228   0x00000030   Code   RO          555    i.HAL_MspInit       stm32f2xx_hal_msp.o
    0x08001258   0x08001258   0x0000001a   Code   RO         2095    i.HAL_NVIC_EnableIRQ  stm32f2xx_hal_cortex.o
    0x08001272   0x08001272   0x00000002   PAD
    0x08001274   0x08001274   0x00000040   Code   RO         2101    i.HAL_NVIC_SetPriority  stm32f2xx_hal_cortex.o
    0x080012b4   0x080012b4   0x00000024   Code   RO         2102    i.HAL_NVIC_SetPriorityGrouping  stm32f2xx_hal_cortex.o
    0x080012d8   0x080012d8   0x0000013c   Code   RO         1959    i.HAL_RCC_ClockConfig  stm32f2xx_hal_rcc.o
    0x08001414   0x08001414   0x00000030   Code   RO         1966    i.HAL_RCC_GetPCLK1Freq  stm32f2xx_hal_rcc.o
    0x08001444   0x08001444   0x00000030   Code   RO         1967    i.HAL_RCC_GetPCLK2Freq  stm32f2xx_hal_rcc.o
    0x08001474   0x08001474   0x00000064   Code   RO         1968    i.HAL_RCC_GetSysClockFreq  stm32f2xx_hal_rcc.o
    0x080014d8   0x080014d8   0x0000034c   Code   RO         1971    i.HAL_RCC_OscConfig  stm32f2xx_hal_rcc.o
    0x08001824   0x08001824   0x00000028   Code   RO         2106    i.HAL_SYSTICK_Config  stm32f2xx_hal_cortex.o
    0x0800184c   0x0800184c   0x00000002   Code   RO         1521    i.HAL_TIMEx_BreakCallback  stm32f2xx_hal_tim_ex.o
    0x0800184e   0x0800184e   0x00000002   Code   RO         1522    i.HAL_TIMEx_CommutCallback  stm32f2xx_hal_tim_ex.o
    0x08001850   0x08001850   0x00000042   Code   RO         1539    i.HAL_TIMEx_MasterConfigSynchronization  stm32f2xx_hal_tim_ex.o
    0x08001892   0x08001892   0x00000036   Code   RO          846    i.HAL_TIM_Base_Init  stm32f2xx_hal_tim.o
    0x080018c8   0x080018c8   0x00000060   Code   RO          318    i.HAL_TIM_Base_MspInit  tim.o
    0x08001928   0x08001928   0x00000022   Code   RO          851    i.HAL_TIM_Base_Start_IT  stm32f2xx_hal_tim.o
    0x0800194a   0x0800194a   0x000000d6   Code   RO          855    i.HAL_TIM_ConfigClockSource  stm32f2xx_hal_tim.o
    0x08001a20   0x08001a20   0x00000002   Code   RO          875    i.HAL_TIM_IC_CaptureCallback  stm32f2xx_hal_tim.o
    0x08001a22   0x08001a22   0x00000166   Code   RO          889    i.HAL_TIM_IRQHandler  stm32f2xx_hal_tim.o
    0x08001b88   0x08001b88   0x00000002   Code   RO          892    i.HAL_TIM_OC_DelayElapsedCallback  stm32f2xx_hal_tim.o
    0x08001b8a   0x08001b8a   0x00000002   Code   RO          919    i.HAL_TIM_PWM_PulseFinishedCallback  stm32f2xx_hal_tim.o
    0x08001b8c   0x08001b8c   0x000000a8   Code   RO           14    i.HAL_TIM_PeriodElapsedCallback  main.o
    0x08001c34   0x08001c34   0x00000002   Code   RO          932    i.HAL_TIM_TriggerCallback  stm32f2xx_hal_tim.o
    0x08001c36   0x08001c36   0x00000002   Code   RO         2871    i.HAL_UART_ErrorCallback  stm32f2xx_hal_uart.o
    0x08001c38   0x08001c38   0x00000110   Code   RO         2874    i.HAL_UART_IRQHandler  stm32f2xx_hal_uart.o
    0x08001d48   0x08001d48   0x00000062   Code   RO         2875    i.HAL_UART_Init     stm32f2xx_hal_uart.o
    0x08001daa   0x08001daa   0x00000002   PAD
    0x08001dac   0x08001dac   0x000000c8   Code   RO          366    i.HAL_UART_MspInit  usart.o
    0x08001e74   0x08001e74   0x000000b8   Code   RO         2878    i.HAL_UART_Receive  stm32f2xx_hal_uart.o
    0x08001f2c   0x08001f2c   0x00000052   Code   RO         2880    i.HAL_UART_Receive_IT  stm32f2xx_hal_uart.o
    0x08001f7e   0x08001f7e   0x00000002   PAD
    0x08001f80   0x08001f80   0x00000078   Code   RO           15    i.HAL_UART_RxCpltCallback  main.o
    0x08001ff8   0x08001ff8   0x000000ba   Code   RO         2883    i.HAL_UART_Transmit  stm32f2xx_hal_uart.o
    0x080020b2   0x080020b2   0x00000002   Code   RO         2886    i.HAL_UART_TxCpltCallback  stm32f2xx_hal_uart.o
    0x080020b4   0x080020b4   0x00000002   Code   RO          445    i.HardFault_Handler  stm32f2xx_it.o
    0x080020b6   0x080020b6   0x00000002   PAD
    0x080020b8   0x080020b8   0x000000a0   Code   RO          195    i.MX_GPIO_Init      gpio.o
    0x08002158   0x08002158   0x00000068   Code   RO          319    i.MX_TIM2_Init      tim.o
    0x080021c0   0x080021c0   0x00000068   Code   RO          320    i.MX_TIM3_Init      tim.o
    0x08002228   0x08002228   0x00000038   Code   RO          367    i.MX_USART1_UART_Init  usart.o
    0x08002260   0x08002260   0x00000038   Code   RO          368    i.MX_USART2_UART_Init  usart.o
    0x08002298   0x08002298   0x00000002   Code   RO          446    i.MemManage_Handler  stm32f2xx_it.o
    0x0800229a   0x0800229a   0x00000002   Code   RO          447    i.NMI_Handler       stm32f2xx_it.o
    0x0800229c   0x0800229c   0x0000018c   Code   RO          624    i.PRINT_CHAR        function.o
    0x08002428   0x08002428   0x000001a8   Code   RO          625    i.PRINT_HEX         function.o
    0x080025d0   0x080025d0   0x00000002   Code   RO          448    i.PendSV_Handler    stm32f2xx_it.o
    0x080025d2   0x080025d2   0x00000002   Code   RO          449    i.SVC_Handler       stm32f2xx_it.o
    0x080025d4   0x080025d4   0x00000004   Code   RO          450    i.SysTick_Handler   stm32f2xx_it.o
    0x080025d8   0x080025d8   0x00000056   Code   RO           16    i.SystemClock_Config  main.o
    0x0800262e   0x0800262e   0x00000002   PAD
    0x08002630   0x08002630   0x00000048   Code   RO         3177    i.SystemInit        system_stm32f2xx.o
    0x08002678   0x08002678   0x0000000c   Code   RO          451    i.TIM2_IRQHandler   stm32f2xx_it.o
    0x08002684   0x08002684   0x0000000c   Code   RO          452    i.TIM3_IRQHandler   stm32f2xx_it.o
    0x08002690   0x08002690   0x000000c8   Code   RO          934    i.TIM_Base_SetConfig  stm32f2xx_hal_tim.o
    0x08002758   0x08002758   0x00000014   Code   RO          945    i.TIM_ETR_SetConfig  stm32f2xx_hal_tim.o
    0x0800276c   0x0800276c   0x00000010   Code   RO          946    i.TIM_ITRx_SetConfig  stm32f2xx_hal_tim.o
    0x0800277c   0x0800277c   0x00000022   Code   RO          952    i.TIM_TI1_ConfigInputStage  stm32f2xx_hal_tim.o
    0x0800279e   0x0800279e   0x00000024   Code   RO          954    i.TIM_TI2_ConfigInputStage  stm32f2xx_hal_tim.o
    0x080027c2   0x080027c2   0x00000010   Code   RO         2888    i.UART_DMAAbortOnError  stm32f2xx_hal_uart.o
    0x080027d2   0x080027d2   0x0000001c   Code   RO         2898    i.UART_EndRxTransfer  stm32f2xx_hal_uart.o
    0x080027ee   0x080027ee   0x00000096   Code   RO         2900    i.UART_Receive_IT   stm32f2xx_hal_uart.o
    0x08002884   0x08002884   0x00000188   Code   RO         2901    i.UART_SetConfig    stm32f2xx_hal_uart.o
    0x08002a0c   0x08002a0c   0x00000062   Code   RO         2902    i.UART_Transmit_IT  stm32f2xx_hal_uart.o
    0x08002a6e   0x08002a6e   0x00000064   Code   RO         2903    i.UART_WaitOnFlagUntilTimeout  stm32f2xx_hal_uart.o
    0x08002ad2   0x08002ad2   0x00000002   PAD
    0x08002ad4   0x08002ad4   0x000000a0   Code   RO          453    i.USART1_IRQHandler  stm32f2xx_it.o
    0x08002b74   0x08002b74   0x0000000c   Code   RO          454    i.USART2_IRQHandler  stm32f2xx_it.o
    0x08002b80   0x08002b80   0x00000002   Code   RO          455    i.UsageFault_Handler  stm32f2xx_it.o
    0x08002b82   0x08002b82   0x00000002   PAD
    0x08002b84   0x08002b84   0x00000028   Code   RO         3473    i.__0sprintf        mc_w.l(printfa.o)
    0x08002bac   0x08002bac   0x00000020   Code   RO         2108    i.__NVIC_SetPriority  stm32f2xx_hal_cortex.o
    0x08002bcc   0x08002bcc   0x00000008   Code   RO         3562    i.__aeabi_errno_addr  mc_w.l(errno.o)
    0x08002bd4   0x08002bd4   0x0000000e   Code   RO         3603    i.__scatterload_copy  mc_w.l(handlers.o)
    0x08002be2   0x08002be2   0x00000002   Code   RO         3604    i.__scatterload_null  mc_w.l(handlers.o)
    0x08002be4   0x08002be4   0x0000000e   Code   RO         3605    i.__scatterload_zeroinit  mc_w.l(handlers.o)
    0x08002bf2   0x08002bf2   0x00000002   PAD
    0x08002bf4   0x08002bf4   0x00000184   Code   RO         3478    i._fp_digits        mc_w.l(printfa.o)
    0x08002d78   0x08002d78   0x000006dc   Code   RO         3479    i._printf_core      mc_w.l(printfa.o)
    0x08003454   0x08003454   0x00000024   Code   RO         3480    i._printf_post_padding  mc_w.l(printfa.o)
    0x08003478   0x08003478   0x0000002e   Code   RO         3481    i._printf_pre_padding  mc_w.l(printfa.o)
    0x080034a6   0x080034a6   0x0000000a   Code   RO         3483    i._sputc            mc_w.l(printfa.o)
    0x080034b0   0x080034b0   0x000000d4   Code   RO          627    i.cmd_device_status  function.o
    0x08003584   0x08003584   0x0000006c   Code   RO          628    i.cmd_for_debug     function.o
    0x080035f0   0x080035f0   0x00000110   Code   RO          579    i.cmd_help          cmd.o
    0x08003700   0x08003700   0x00000198   Code   RO          580    i.cmd_help2         cmd.o
    0x08003898   0x08003898   0x0000004c   Code   RO          629    i.cmd_log           function.o
    0x080038e4   0x080038e4   0x00000174   Code   RO          630    i.cmd_reset         function.o
    0x08003a58   0x08003a58   0x000000ac   Code   RO          631    i.cmd_temp          function.o
    0x08003b04   0x08003b04   0x0000004c   Code   RO          632    i.cmd_time          function.o
    0x08003b50   0x08003b50   0x0000007c   Code   RO          633    i.cmd_upgrade       function.o
    0x08003bcc   0x08003bcc   0x000001c4   Code   RO          634    i.cmd_version       function.o
    0x08003d90   0x08003d90   0x00000238   Code   RO          635    i.debug_adc         function.o
    0x08003fc8   0x08003fc8   0x00000360   Code   RO          636    i.debug_dac         function.o
    0x08004328   0x08004328   0x000001b0   Code   RO          637    i.debug_tag         function.o
    0x080044d8   0x080044d8   0x00000084   Code   RO          638    i.get_log_time      function.o
    0x0800455c   0x0800455c   0x000000ec   Code   RO          639    i.log_content       function.o
    0x08004648   0x08004648   0x0000009c   Code   RO          640    i.log_packets       function.o
    0x080046e4   0x080046e4   0x00000240   Code   RO           17    i.main              main.o
    0x08004924   0x08004924   0x00000160   Code   RO          581    i.process_cmd       cmd.o
    0x08004a84   0x08004a84   0x00000324   Code   RO          641    i.process_command   function.o
    0x08004da8   0x08004da8   0x0000000e   Code   RO           18    i.rb_init           main.o
    0x08004db6   0x08004db6   0x00000010   Code   RO          369    i.rb_is_empty       usart.o
    0x08004dc6   0x08004dc6   0x0000001c   Code   RO          456    i.rb_remove         stm32f2xx_it.o
    0x08004de2   0x08004de2   0x00000002   PAD
    0x08004de4   0x08004de4   0x00000024   Code   RO          370    i.serial_available  usart.o
    0x08004e08   0x08004e08   0x00000024   Code   RO          371    i.serial_read       usart.o
    0x08004e2c   0x08004e2c   0x00000098   Code   RO          372    i.serial_tx         usart.o
    0x08004ec4   0x08004ec4   0x00000104   Code   RO          642    i.set_log_time      function.o
    0x08004fc8   0x08004fc8   0x000002c4   Code   RO          644    i.upgrade_file      function.o
    0x0800528c   0x0800528c   0x00000090   Code   RO          645    i.upgrade_init      function.o
    0x0800531c   0x0800531c   0x000000dc   Code   RO          646    i.upgrade_init_with_size  function.o
    0x080053f8   0x080053f8   0x0000002c   Code   RO          647    i.upgrade_install   function.o
    0x08005424   0x08005424   0x00000004   Data   RO           21    .constdata          main.o
    0x08005428   0x08005428   0x00000027   Data   RO          649    .constdata          function.o
    0x0800544f   0x0800544f   0x00000010   Data   RO         3178    .constdata          system_stm32f2xx.o
    0x0800545f   0x0800545f   0x00000008   Data   RO         3179    .constdata          system_stm32f2xx.o
    0x08005467   0x08005467   0x00000081   Data   RO         3533    .constdata          mc_w.l(ctype_o.o)
    0x080054e8   0x080054e8   0x00000004   Data   RO         3534    .constdata          mc_w.l(ctype_o.o)
    0x080054ec   0x080054ec   0x000001de   Data   RO           22    .conststring        main.o
    0x080056ca   0x080056ca   0x00000002   PAD
    0x080056cc   0x080056cc   0x00000043   Data   RO          652    .conststring        function.o
    0x0800570f   0x0800570f   0x00000001   PAD
    0x08005710   0x08005710   0x00000020   Data   RO         3601    Region$$Table       anon$$obj.o


    Execution Region RW_IRAM1 (Exec base: 0x20000000, Load base: 0x08005730, Size: 0x0000e270, Max: 0x00010000, ABSOLUTE, COMPRESSED[0x000004a0])

    Exec Addr    Load Addr    Size         Type   Attr      Idx    E Section Name        Object

    0x20000000   COMPRESSED   0x00000008   Data   RW           23    .data               main.o
    0x20000008   COMPRESSED   0x000000b4   Data   RW           24    .data               main.o
    0x200000bc   COMPRESSED   0x00000208   Data   RW          376    .data               usart.o
    0x200002c4   COMPRESSED   0x00000004   Data   RW          377    .data               usart.o
    0x200002c8   COMPRESSED   0x00000408   Data   RW          655    .data               function.o
    0x200006d0   COMPRESSED   0x0000000c   Data   RW         1799    .data               stm32f2xx_hal.o
    0x200006dc   COMPRESSED   0x00000004   Data   RW         3180    .data               system_stm32f2xx.o
    0x200006e0   COMPRESSED   0x00000004   Data   RW         3227    .data               mc_w.l(strtok.o)
    0x200006e4   COMPRESSED   0x00000004   Data   RW         3565    .data               mc_w.l(errno.o)
    0x200006e8        -       0x00000100   Zero   RW           19    .bss                main.o
    0x200007e8        -       0x000004b0   Zero   RW           20    .bss                main.o
    0x20000c98        -       0x00000080   Zero   RW          321    .bss                tim.o
    0x20000d18        -       0x00000080   Zero   RW          373    .bss                usart.o
    0x20000d98        -       0x0000000c   Zero   RW          374    .bss                usart.o
    0x20000da4        -       0x0000000c   Zero   RW          375    .bss                usart.o
    0x20000db0        -       0x0000d0bc   Zero   RW          648    .bss                function.o
    0x2000de6c   COMPRESSED   0x00000004   PAD
    0x2000de70        -       0x00000400   Zero   RW            1    STACK               startup_stm32f205xx.o


==============================================================================

Image component sizes


      Code (inc. data)   RO Data    RW Data    ZI Data      Debug   Object Name

      1032        250          0          0          0       2201   cmd.o
      7050       2102        106       1032      53436      19557   function.o
       160         12          0          0          0     602827   gpio.o
       966        124        482        188       1456     607357   main.o
        36          8        388          0       1024        796   startup_stm32f205xx.o
       180         28          0         12          0       9021   stm32f2xx_hal.o
       198         14          0          0          0      30595   stm32f2xx_hal_cortex.o
        36          0          0          0          0       1179   stm32f2xx_hal_dma.o
       514         48          0          0          0       2921   stm32f2xx_hal_gpio.o
        48          6          0          0          0        798   stm32f2xx_hal_msp.o
      1356         78          0          0          0       5064   stm32f2xx_hal_rcc.o
       974         44          0          0          0       9509   stm32f2xx_hal_tim.o
        70          0          0          0          0       2325   stm32f2xx_hal_tim_ex.o
      1610         16          0          0          0      10402   stm32f2xx_hal_uart.o
       244         30          0          0          0       7318   stm32f2xx_it.o
        72         18         24          4          0       1127   system_stm32f2xx.o
       304         24          0          0        128       2259   tim.o
       552         52          0        524        152       6394   usart.o

    ----------------------------------------------------------------------
     15422       2854       1035       1760      56200    1321650   Object Totals
         0          0         32          0          0          0   (incl. Generated)
        20          0          3          0          4          0   (incl. Padding)

    ----------------------------------------------------------------------

      Code (inc. data)   RO Data    RW Data    ZI Data      Debug   Library Member Name

        56          8          0          0          0         84   __0sscanf.o
        86          0          0          0          0          0   __dczerorl2.o
        28          0          0          0          0         68   _chval.o
       812          4          0          0          0        112   _scanf.o
       332          0          0          0          0         96   _scanf_int.o
        64          0          0          0          0         84   _sgetc.o
       158          0          0          0          0         92   _strtoul.o
         8          4        133          0          0         68   ctype_o.o
         0          0          0          0          0          0   entry.o
         0          0          0          0          0          0   entry10a.o
         0          0          0          0          0          0   entry11a.o
         8          4          0          0          0          0   entry2.o
         4          0          0          0          0          0   entry5.o
         0          0          0          0          0          0   entry7b.o
         0          0          0          0          0          0   entry8b.o
         8          4          0          0          0          0   entry9a.o
         8          4          0          4          0         68   errno.o
        30          0          0          0          0          0   handlers.o
        36          8          0          0          0         68   init.o
        18          0          0          0          0         76   isspace_o.o
         0          0          0          0          0          0   iusefp.o
        30          0          0          0          0         68   llshl.o
        36          0          0          0          0         68   llsshr.o
        32          0          0          0          0         68   llushr.o
        36          0          0          0          0         68   memcpya.o
        36          0          0          0          0        108   memseta.o
      2276         86          0          0          0        520   printfa.o
        40          8          0          0          0         84   scanf_char.o
        42          0          0          0          0         84   strcasecmp.o
        28          0          0          0          0         76   strcmp.o
        18          0          0          0          0         68   strcpy.o
        14          0          0          0          0         68   strlen.o
        50          0          0          0          0         84   strncasecmp.o
        68          6          0          4          0         80   strtok.o
       114          0          0          0          0         92   strtoul.o
        12          0          0          0          0         68   tolower.o
        44          0          0          0          0         80   uidiv.o
        98          0          0          0          0         92   uldiv.o
        48          0          0          0          0         68   cdrcmple.o
       334          0          0          0          0        148   dadd.o
       222          0          0          0          0        100   ddiv.o
       186          0          0          0          0        176   depilogue.o
        48          0          0          0          0         68   dfixul.o
        26          0          0          0          0         76   dfltui.o
       228          0          0          0          0         96   dmul.o

    ----------------------------------------------------------------------
      5730        136        133          8          0       3324   Library Totals
         8          0          0          0          0          0   (incl. Padding)

    ----------------------------------------------------------------------

      Code (inc. data)   RO Data    RW Data    ZI Data      Debug   Library Name

      4630        136        133          8          0       2592   mc_w.l
      1092          0          0          0          0        732   mf_w.l

    ----------------------------------------------------------------------
      5730        136        133          8          0       3324   Library Totals

    ----------------------------------------------------------------------

==============================================================================


      Code (inc. data)   RO Data    RW Data    ZI Data      Debug   

     21152       2990       1168       1768      56200    1317874   Grand Totals
     21152       2990       1168       1184      56200    1317874   ELF Image Totals (compressed)
     21152       2990       1168       1184          0          0   ROM Totals

==============================================================================

    Total RO  Size (Code + RO Data)                22320 (  21.80kB)
    Total RW  Size (RW Data + ZI Data)             57968 (  56.61kB)
    Total ROM Size (Code + RO Data + RW Data)      23504 (  22.95kB)

==============================================================================

