Component: ARM Compiler 5.06 update 6 (build 750) Tool: armlink [4d35ed]

==============================================================================

Section Cross References

    startup_stm32f427xx.o(RESET) refers to startup_stm32f427xx.o(STACK) for __initial_sp
    startup_stm32f427xx.o(RESET) refers to startup_stm32f427xx.o(.text) for Reset_Handler
    startup_stm32f427xx.o(RESET) refers to stm32f4xx_it.o(i.NMI_Handler) for NMI_Handler
    startup_stm32f427xx.o(RESET) refers to stm32f4xx_it.o(i.HardFault_Handler) for HardFault_Handler
    startup_stm32f427xx.o(RESET) refers to stm32f4xx_it.o(i.MemManage_Handler) for MemManage_Handler
    startup_stm32f427xx.o(RESET) refers to stm32f4xx_it.o(i.BusFault_Handler) for BusFault_Handler
    startup_stm32f427xx.o(RESET) refers to stm32f4xx_it.o(i.UsageFault_Handler) for UsageFault_Handler
    startup_stm32f427xx.o(RESET) refers to port.o(.emb_text) for SVC_Handler
    startup_stm32f427xx.o(RESET) refers to stm32f4xx_it.o(i.DebugMon_Handler) for DebugMon_Handler
    startup_stm32f427xx.o(RESET) refers to port.o(i.SysTick_Handler) for SysTick_Handler
    startup_stm32f427xx.o(RESET) refers to stm32f4xx_it.o(i.FLASH_IRQHandler) for FLASH_IRQHandler
    startup_stm32f427xx.o(RESET) refers to stm32f4xx_it.o(i.EXTI0_IRQHandler) for EXTI0_IRQHandler
    startup_stm32f427xx.o(RESET) refers to stm32f4xx_it.o(i.TIM1_TRG_COM_TIM11_IRQHandler) for TIM1_TRG_COM_TIM11_IRQHandler
    startup_stm32f427xx.o(RESET) refers to stm32f4xx_it.o(i.USART1_IRQHandler) for USART1_IRQHandler
    startup_stm32f427xx.o(RESET) refers to stm32f4xx_it.o(i.EXTI15_10_IRQHandler) for EXTI15_10_IRQHandler
    startup_stm32f427xx.o(RESET) refers to stm32f4xx_it.o(i.DMA2_Stream2_IRQHandler) for DMA2_Stream2_IRQHandler
    startup_stm32f427xx.o(.text) refers to system_stm32f4xx.o(i.SystemInit) for SystemInit
    startup_stm32f427xx.o(.text) refers to entry.o(.ARM.Collect$$$$00000000) for __main
    common.o(i.Cal_CRC16) refers to common.o(i.UpdateCRC16) for UpdateCRC16
    common.o(i.Cal_CRC32) refers to common.o(.data) for .data
    common.o(i.I2cEepromRead) refers to stm32f4xx_hal_i2c.o(i.HAL_I2C_Mem_Read) for HAL_I2C_Mem_Read
    common.o(i.I2cEepromRead) refers to i2c.o(.bss) for hi2c1
    common.o(i.I2cEepromWrite) refers to stm32f4xx_hal_gpio.o(i.HAL_GPIO_WritePin) for HAL_GPIO_WritePin
    common.o(i.I2cEepromWrite) refers to stm32f4xx_hal_i2c.o(i.HAL_I2C_Mem_Write) for HAL_I2C_Mem_Write
    common.o(i.I2cEepromWrite) refers to cmsis_os2.o(i.osDelay) for osDelay
    common.o(i.I2cEepromWrite) refers to i2c.o(.bss) for hi2c1
    common.o(i.PRINT_HEX) refers to printf8.o(i.__0sprintf$8) for __2sprintf
    common.o(i.PRINT_HEX) refers to strlen.o(.text) for strlen
    common.o(i.PRINT_HEX) refers to stm32f4xx_hal_uart.o(i.HAL_UART_Transmit) for HAL_UART_Transmit
    common.o(i.PRINT_HEX) refers to stm32f4xx_hal.o(i.HAL_Delay) for HAL_Delay
    common.o(i.PRINT_HEX) refers to common.o(.bss) for .bss
    common.o(i.PRINT_HEX) refers to usart.o(.bss) for huart3
    common.o(i.RTOS_EEPROM_Read) refers to cmsis_os2.o(i.osMutexAcquire) for osMutexAcquire
    common.o(i.RTOS_EEPROM_Read) refers to common.o(i.I2cEepromRead) for I2cEepromRead
    common.o(i.RTOS_EEPROM_Read) refers to cmsis_os2.o(i.osMutexRelease) for osMutexRelease
    common.o(i.RTOS_EEPROM_Read) refers to freertos.o(.data) for i2cMutex
    common.o(i.RTOS_EEPROM_Write) refers to cmsis_os2.o(i.osMutexAcquire) for osMutexAcquire
    common.o(i.RTOS_EEPROM_Write) refers to common.o(i.I2cEepromWrite) for I2cEepromWrite
    common.o(i.RTOS_EEPROM_Write) refers to cmsis_os2.o(i.osMutexRelease) for osMutexRelease
    common.o(i.RTOS_EEPROM_Write) refers to freertos.o(.data) for i2cMutex
    common.o(i.get_32_from_eeprom) refers to common.o(i.RTOS_EEPROM_Read) for RTOS_EEPROM_Read
    common.o(i.get_8_from_eeprom) refers to common.o(i.RTOS_EEPROM_Read) for RTOS_EEPROM_Read
    common.o(i.write_32_to_eeprom) refers to common.o(i.RTOS_EEPROM_Write) for RTOS_EEPROM_Write
    common.o(i.write_8_to_eeprom) refers to common.o(i.RTOS_EEPROM_Write) for RTOS_EEPROM_Write
    common.o(i.write_byte_to_eeprom) refers to memseta.o(.text) for __aeabi_memset
    common.o(i.write_byte_to_eeprom) refers to common.o(i.RTOS_EEPROM_Write) for RTOS_EEPROM_Write
    flash_if.o(i.FLASH_If_Erase) refers to stm32f4xx_hal_flash.o(i.HAL_FLASH_Unlock) for HAL_FLASH_Unlock
    flash_if.o(i.FLASH_If_Erase) refers to stm32f4xx_hal_flash_ex.o(i.HAL_FLASHEx_Erase) for HAL_FLASHEx_Erase
    flash_if.o(i.FLASH_If_Erase) refers to stm32f4xx_hal_flash.o(i.HAL_FLASH_Lock) for HAL_FLASH_Lock
    flash_if.o(i.FLASH_If_Erase_IT) refers to stm32f4xx_hal_flash.o(i.HAL_FLASH_Unlock) for HAL_FLASH_Unlock
    flash_if.o(i.FLASH_If_Erase_IT) refers to stm32f4xx_hal_flash_ex.o(i.HAL_FLASHEx_Erase_IT) for HAL_FLASHEx_Erase_IT
    flash_if.o(i.FLASH_If_Init) refers to stm32f4xx_hal_flash.o(i.HAL_FLASH_Unlock) for HAL_FLASH_Unlock
[...]
    .bss                                     0x2001232c   Section    15360  heap_4.o(.bss)
    ucHeap                                   0x2001232c   Data       15360  heap_4.o(.bss)
    STACK                                    0x20015f30   Section     1024  startup_stm32f427xx.o(STACK)

    Global Symbols

    Symbol Name                              Value     Ov Type        Size  Object(Section)

    BuildAttributes$$THM_ISAv4$E$P$D$K$B$S$7EM$VFPi3$EXTD16$VFPS$VFMA$PE$A:L22UL41UL21$X:L11$S22US41US21$IEEE1$IW$USESV6$~STKCKD$USESV7$~SHL$OSPACE$ROPI$EBA8$MICROLIB$REQ8$PRES8$EABIv2 0x00000000   Number         0  anon$$obj.o ABSOLUTE
    __ARM_use_no_argv                        0x00000000   Number         0  main.o ABSOLUTE
    _printf_a                                0x00000000   Number         0  stubs.o ABSOLUTE
    _printf_c                                0x00000000   Number         0  stubs.o ABSOLUTE
    _printf_charcount                        0x00000000   Number         0  stubs.o ABSOLUTE
    _printf_d                                0x00000000   Number         0  stubs.o ABSOLUTE
    _printf_e                                0x00000000   Number         0  stubs.o ABSOLUTE
    _printf_f                                0x00000000   Number         0  stubs.o ABSOLUTE
    _printf_flags                            0x00000000   Number         0  stubs.o ABSOLUTE
    _printf_fp_dec                           0x00000000   Number         0  stubs.o ABSOLUTE
    _printf_fp_hex                           0x00000000   Number         0  stubs.o ABSOLUTE
    _printf_g                                0x00000000   Number         0  stubs.o ABSOLUTE
    _printf_i                                0x00000000   Number         0  stubs.o ABSOLUTE
    _printf_int_dec                          0x00000000   Number         0  stubs.o ABSOLUTE
    _printf_l                                0x00000000   Number         0  stubs.o ABSOLUTE
    _printf_lc                               0x00000000   Number         0  stubs.o ABSOLUTE
    _printf_ll                               0x00000000   Number         0  stubs.o ABSOLUTE
    _printf_lld                              0x00000000   Number         0  stubs.o ABSOLUTE
    _printf_lli                              0x00000000   Number         0  stubs.o ABSOLUTE
    _printf_llo                              0x00000000   Number         0  stubs.o ABSOLUTE
    _printf_llu                              0x00000000   Number         0  stubs.o ABSOLUTE
    _printf_llx                              0x00000000   Number         0  stubs.o ABSOLUTE
    _printf_longlong_dec                     0x00000000   Number         0  stubs.o ABSOLUTE
    _printf_longlong_hex                     0x00000000   Number         0  stubs.o ABSOLUTE
    _printf_longlong_oct                     0x00000000   Number         0  stubs.o ABSOLUTE
    _printf_ls                               0x00000000   Number         0  stubs.o ABSOLUTE
    _printf_mbtowc                           0x00000000   Number         0  stubs.o ABSOLUTE
    _printf_n                                0x00000000   Number         0  stubs.o ABSOLUTE
    _printf_o                                0x00000000   Number         0  stubs.o ABSOLUTE
    _printf_p                                0x00000000   Number         0  stubs.o ABSOLUTE
    _printf_percent                          0x00000000   Number         0  stubs.o ABSOLUTE
    _printf_pre_padding                      0x00000000   Number         0  stubs.o ABSOLUTE
    _printf_return_value                     0x00000000   Number         0  stubs.o ABSOLUTE
    _printf_s                                0x00000000   Number         0  stubs.o ABSOLUTE
    _printf_sizespec                         0x00000000   Number         0  stubs.o ABSOLUTE
    _printf_str                              0x00000000   Number         0  stubs.o ABSOLUTE
    _printf_truncate_signed                  0x00000000   Number         0  stubs.o ABSOLUTE
    _printf_truncate_unsigned                0x00000000   Number         0  stubs.o ABSOLUTE
    _printf_u                                0x00000000   Number         0  stubs.o ABSOLUTE
    _printf_wc                               0x00000000   Number         0  stubs.o ABSOLUTE
    _printf_wctomb                           0x00000000   Number         0  stubs.o ABSOLUTE
    _printf_widthprec                        0x00000000   Number         0  stubs.o ABSOLUTE
    _printf_x                                0x00000000   Number         0  stubs.o ABSOLUTE
    __cpp_initialize__aeabi_                  - Undefined Weak Reference
    __cxa_finalize                            - Undefined Weak Reference
    _clock_init                               - Undefined Weak Reference
    _microlib_exit                            - Undefined Weak Reference
    __Vectors_Size                           0x000001ac   Number         0  startup_stm32f427xx.o ABSOLUTE
    __Vectors                                0x20000000   Data           4  startup_stm32f427xx.o(RESET)
    __Vectors_End                            0x200001ac   Data           0  startup_stm32f427xx.o(RESET)
    __main                                   0x200001ad   Thumb Code     0  entry.o(.ARM.Collect$$$$00000000)
    _main_stk                                0x200001ad   Thumb Code     0  entry2.o(.ARM.Collect$$$$00000001)
    _main_scatterload                        0x200001b1   Thumb Code     0  entry5.o(.ARM.Collect$$$$00000004)
    __main_after_scatterload                 0x200001b5   Thumb Code     0  entry5.o(.ARM.Collect$$$$00000004)
    _main_clock                              0x200001b5   Thumb Code     0  entry7b.o(.ARM.Collect$$$$00000008)
    _main_cpp_init                           0x200001b5   Thumb Code     0  entry8b.o(.ARM.Collect$$$$0000000A)
    _main_init                               0x200001b5   Thumb Code     0  entry9a.o(.ARM.Collect$$$$0000000B)
    __rt_final_cpp                           0x200001bd   Thumb Code     0  entry10a.o(.ARM.Collect$$$$0000000D)
    __rt_final_exit                          0x200001bd   Thumb Code     0  entry11a.o(.ARM.Collect$$$$0000000F)
    SVC_Handler                              0x200001c1   Thumb Code    28  port.o(.emb_text)
    __asm___6_port_c_39a90d8d__prvStartFirstTask 0x200001e1   Thumb Code    36  port.o(.emb_text)
    __asm___6_port_c_39a90d8d__prvEnableVFP  0x20000209   Thumb Code    16  port.o(.emb_text)
    PendSV_Handler                           0x2000021d   Thumb Code    88  port.o(.emb_text)
    vPortGetIPSR                             0x20000279   Thumb Code     6  port.o(.emb_text)
    Reset_Handler                            0x20000281   Thumb Code     8  startup_stm32f427xx.o(.text)
    ADC_IRQHandler                           0x2000029b   Thumb Code     0  startup_stm32f427xx.o(.text)
    CAN1_RX0_IRQHandler                      0x2000029b   Thumb Code     0  startup_stm32f427xx.o(.text)
    CAN1_RX1_IRQHandler                      0x2000029b   Thumb Code     0  startup_stm32f427xx.o(.text)
    CAN1_SCE_IRQHandler                      0x2000029b   Thumb Code     0  startup_stm32f427xx.o(.text)
    CAN1_TX_IRQHandler                       0x2000029b   Thumb Code     0  startup_stm32f427xx.o(.text)
    CAN2_RX0_IRQHandler                      0x2000029b   Thumb Code     0  startup_stm32f427xx.o(.text)
    CAN2_RX1_IRQHandler                      0x2000029b   Thumb Code     0  startup_stm32f427xx.o(.text)
    CAN2_SCE_IRQHandler                      0x2000029b   Thumb Code     0  startup_stm32f427xx.o(.text)
    CAN2_TX_IRQHandler                       0x2000029b   Thumb Code     0  startup_stm32f427xx.o(.text)
    DCMI_IRQHandler                          0x2000029b   Thumb Code     0  startup_stm32f427xx.o(.text)
    DMA1_Stream0_IRQHandler                  0x2000029b   Thumb Code     0  startup_stm32f427xx.o(.text)
    DMA1_Stream1_IRQHandler                  0x2000029b   Thumb Code     0  startup_stm32f427xx.o(.text)
    DMA1_Stream2_IRQHandler                  0x2000029b   Thumb Code     0  startup_stm32f427xx.o(.text)
    DMA1_Stream3_IRQHandler                  0x2000029b   Thumb Code     0  startup_stm32f427xx.o(.text)
    DMA1_Stream4_IRQHandler                  0x2000029b   Thumb Code     0  startup_stm32f427xx.o(.text)
    DMA1_Stream5_IRQHandler                  0x2000029b   Thumb Code     0  startup_stm32f427xx.o(.text)
    DMA1_Stream6_IRQHandler                  0x2000029b   Thumb Code     0  startup_stm32f427xx.o(.text)
    DMA1_Stream7_IRQHandler                  0x2000029b   Thumb Code     0  startup_stm32f427xx.o(.text)
    DMA2D_IRQHandler                         0x2000029b   Thumb Code     0  startup_stm32f427xx.o(.text)
    DMA2_Stream0_IRQHandler                  0x2000029b   Thumb Code     0  startup_stm32f427xx.o(.text)
    DMA2_Stream1_IRQHandler                  0x2000029b   Thumb Code     0  startup_stm32f427xx.o(.text)
    DMA2_Stream3_IRQHandler                  0x2000029b   Thumb Code     0  startup_stm32f427xx.o(.text)
    DMA2_Stream4_IRQHandler                  0x2000029b   Thumb Code     0  startup_stm32f427xx.o(.text)
    DMA2_Stream5_IRQHandler                  0x2000029b   Thumb Code     0  startup_stm32f427xx.o(.text)
    DMA2_Stream6_IRQHandler                  0x2000029b   Thumb Code     0  startup_stm32f427xx.o(.text)
    DMA2_Stream7_IRQHandler                  0x2000029b   Thumb Code     0  startup_stm32f427xx.o(.text)
    ETH_IRQHandler                           0x2000029b   Thumb Code     0  startup_stm32f427xx.o(.text)
    ETH_WKUP_IRQHandler                      0x2000029b   Thumb Code     0  startup_stm32f427xx.o(.text)
    EXTI1_IRQHandler                         0x2000029b   Thumb Code     0  startup_stm32f427xx.o(.text)
    EXTI2_IRQHandler                         0x2000029b   Thumb Code     0  startup_stm32f427xx.o(.text)
    EXTI3_IRQHandler                         0x2000029b   Thumb Code     0  startup_stm32f427xx.o(.text)
    EXTI4_IRQHandler                         0x2000029b   Thumb Code     0  startup_stm32f427xx.o(.text)
    EXTI9_5_IRQHandler                       0x2000029b   Thumb Code     0  startup_stm32f427xx.o(.text)
    FMC_IRQHandler                           0x2000029b   Thumb Code     0  startup_stm32f427xx.o(.text)
    FPU_IRQHandler                           0x2000029b   Thumb Code     0  startup_stm32f427xx.o(.text)
    HASH_RNG_IRQHandler                      0x2000029b   Thumb Code     0  startup_stm32f427xx.o(.text)
    I2C1_ER_IRQHandler                       0x2000029b   Thumb Code     0  startup_stm32f427xx.o(.text)
    I2C1_EV_IRQHandler                       0x2000029b   Thumb Code     0  startup_stm32f427xx.o(.text)
    I2C2_ER_IRQHandler                       0x2000029b   Thumb Code     0  startup_stm32f427xx.o(.text)
    I2C2_EV_IRQHandler                       0x2000029b   Thumb Code     0  startup_stm32f427xx.o(.text)
    I2C3_ER_IRQHandler                       0x2000029b   Thumb Code     0  startup_stm32f427xx.o(.text)
    I2C3_EV_IRQHandler                       0x2000029b   Thumb Code     0  startup_stm32f427xx.o(.text)
    OTG_FS_IRQHandler                        0x2000029b   Thumb Code     0  startup_stm32f427xx.o(.text)
    OTG_FS_WKUP_IRQHandler                   0x2000029b   Thumb Code     0  startup_stm32f427xx.o(.text)
    OTG_HS_EP1_IN_IRQHandler                 0x2000029b   Thumb Code     0  startup_stm32f427xx.o(.text)
    OTG_HS_EP1_OUT_IRQHandler                0x2000029b   Thumb Code     0  startup_stm32f427xx.o(.text)
    OTG_HS_IRQHandler                        0x2000029b   Thumb Code     0  startup_stm32f427xx.o(.text)
    OTG_HS_WKUP_IRQHandler                   0x2000029b   Thumb Code     0  startup_stm32f427xx.o(.text)
    PVD_IRQHandler                           0x2000029b   Thumb Code     0  startup_stm32f427xx.o(.text)
    RCC_IRQHandler                           0x2000029b   Thumb Code     0  startup_stm32f427xx.o(.text)
    RTC_Alarm_IRQHandler                     0x2000029b   Thumb Code     0  startup_stm32f427xx.o(.text)
    RTC_WKUP_IRQHandler                      0x2000029b   Thumb Code     0  startup_stm32f427xx.o(.text)
    SAI1_IRQHandler                          0x2000029b   Thumb Code     0  startup_stm32f427xx.o(.text)
    SDIO_IRQHandler                          0x2000029b   Thumb Code     0  startup_stm32f427xx.o(.text)
    SPI1_IRQHandler                          0x2000029b   Thumb Code     0  startup_stm32f427xx.o(.text)
    SPI2_IRQHandler                          0x2000029b   Thumb Code     0  startup_stm32f427xx.o(.text)
    SPI3_IRQHandler                          0x2000029b   Thumb Code     0  startup_stm32f427xx.o(.text)
    SPI4_IRQHandler                          0x2000029b   Thumb Code     0  startup_stm32f427xx.o(.text)
    SPI5_IRQHandler                          0x2000029b   Thumb Code     0  startup_stm32f427xx.o(.text)
    SPI6_IRQHandler                          0x2000029b   Thumb Code     0  startup_stm32f427xx.o(.text)
    TAMP_STAMP_IRQHandler                    0x2000029b   Thumb Code     0  startup_stm32f427xx.o(.text)
    TIM1_BRK_TIM9_IRQHandler                 0x2000029b   Thumb Code     0  startup_stm32f427xx.o(.text)
    TIM1_CC_IRQHandler                       0x2000029b   Thumb Code     0  startup_stm32f427xx.o(.text)
    TIM1_UP_TIM10_IRQHandler                 0x2000029b   Thumb Code     0  startup_stm32f427xx.o(.text)
    TIM2_IRQHandler                          0x2000029b   Thumb Code     0  startup_stm32f427xx.o(.text)
    TIM3_IRQHandler                          0x2000029b   Thumb Code     0  startup_stm32f427xx.o(.text)
    TIM4_IRQHandler                          0x2000029b   Thumb Code     0  startup_stm32f427xx.o(.text)
    TIM5_IRQHandler                          0x2000029b   Thumb Code     0  startup_stm32f427xx.o(.text)
    TIM6_DAC_IRQHandler                      0x2000029b   Thumb Code     0  startup_stm32f427xx.o(.text)
    TIM7_IRQHandler                          0x2000029b   Thumb Code     0  startup_stm32f427xx.o(.text)
    TIM8_BRK_TIM12_IRQHandler                0x2000029b   Thumb Code     0  startup_stm32f427xx.o(.text)
    TIM8_CC_IRQHandler                       0x2000029b   Thumb Code     0  startup_stm32f427xx.o(.text)
    TIM8_TRG_COM_TIM14_IRQHandler            0x2000029b   Thumb Code     0  startup_stm32f427xx.o(.text)
    TIM8_UP_TIM13_IRQHandler                 0x2000029b   Thumb Code     0  startup_stm32f427xx.o(.text)
    UART4_IRQHandler                         0x2000029b   Thumb Code     0  startup_stm32f427xx.o(.text)
    UART5_IRQHandler                         0x2000029b   Thumb Code     0  startup_stm32f427xx.o(.text)
    UART7_IRQHandler                         0x2000029b   Thumb Code     0  startup_stm32f427xx.o(.text)
    UART8_IRQHandler                         0x2000029b   Thumb Code     0  startup_stm32f427xx.o(.text)
    USART2_IRQHandler                        0x2000029b   Thumb Code     0  startup_stm32f427xx.o(.text)
    USART3_IRQHandler                        0x2000029b   Thumb Code     0  startup_stm32f427xx.o(.text)
    USART6_IRQHandler                        0x2000029b   Thumb Code     0  startup_stm32f427xx.o(.text)
    WWDG_IRQHandler                          0x2000029b   Thumb Code     0  startup_stm32f427xx.o(.text)
    __aeabi_uldivmod                         0x200002a5   Thumb Code    98  uldiv.o(.text)
    __aeabi_memcpy                           0x20000307   Thumb Code    36  memcpya.o(.text)
    __aeabi_memcpy4                          0x20000307   Thumb Code     0  memcpya.o(.text)
    __aeabi_memcpy8                          0x20000307   Thumb Code     0  memcpya.o(.text)
    __aeabi_memset                           0x2000032b   Thumb Code    14  memseta.o(.text)
    __aeabi_memset4                          0x2000032b   Thumb Code     0  memseta.o(.text)
    __aeabi_memset8                          0x2000032b   Thumb Code     0  memseta.o(.text)
    __aeabi_memclr                           0x20000339   Thumb Code     4  memseta.o(.text)
    __aeabi_memclr4                          0x20000339   Thumb Code     0  memseta.o(.text)
    __aeabi_memclr8                          0x20000339   Thumb Code     0  memseta.o(.text)
    memset                                   0x2000033d   Thumb Code    18  memseta.o(.text)
    strlen                                   0x2000034f   Thumb Code    14  strlen.o(.text)
    strcmp                                   0x2000035d   Thumb Code    28  strcmp.o(.text)
    strcpy                                   0x20000379   Thumb Code    18  strcpy.o(.text)
    __aeabi_dadd                             0x2000038b   Thumb Code   322  dadd.o(.text)
    __aeabi_dsub                             0x200004cd   Thumb Code     6  dadd.o(.text)
    __aeabi_drsub                            0x200004d3   Thumb Code     6  dadd.o(.text)
    __aeabi_dmul                             0x200004d9   Thumb Code   228  dmul.o(.text)
    __aeabi_ddiv                             0x200005bd   Thumb Code   222  ddiv.o(.text)
    __aeabi_ui2d                             0x2000069b   Thumb Code    26  dfltui.o(.text)
    __aeabi_d2iz                             0x200006b5   Thumb Code    62  dfixi.o(.text)
    __aeabi_llsl                             0x200006f3   Thumb Code    30  llshl.o(.text)
    _ll_shift_l                              0x200006f3   Thumb Code     0  llshl.o(.text)
    __aeabi_llsr                             0x20000711   Thumb Code    32  llushr.o(.text)
    _ll_ushift_r                             0x20000711   Thumb Code     0  llushr.o(.text)
    __aeabi_lasr                             0x20000731   Thumb Code    36  llsshr.o(.text)
    _ll_sshift_r                             0x20000731   Thumb Code     0  llsshr.o(.text)
    __I$use$fp                               0x20000755   Thumb Code     0  iusefp.o(.text)
    _double_round                            0x20000755   Thumb Code    30  depilogue.o(.text)
    _double_epilogue                         0x20000773   Thumb Code   156  depilogue.o(.text)
    __scatterload                            0x20000811   Thumb Code    28  init.o(.text)
    __scatterload_rt2                        0x20000811   Thumb Code     0  init.o(.text)
    __decompress                             0x20000835   Thumb Code     0  __dczerorl2.o(.text)
    __decompress1                            0x20000835   Thumb Code    86  __dczerorl2.o(.text)
    BE32_To_Buffer                           0x200009b5   Thumb Code    16  common.o(i.BE32_To_Buffer)
    Buffer_To_BE32                           0x200009c5   Thumb Code    14  common.o(i.Buffer_To_BE32)
    BusFault_Handler                         0x200009d3   Thumb Code     2  stm32f4xx_it.o(i.BusFault_Handler)
    Cal_CRC32                                0x200009d5   Thumb Code    36  common.o(i.Cal_CRC32)
    Cmd_Device_Status                        0x200009fd   Thumb Code    20  command.o(i.Cmd_Device_Status)
    Cmd_Get_Temperature                      0x20000a15   Thumb Code   270  command.o(i.Cmd_Get_Temperature)
    Cmd_Get_Version                          0x20000ba9   Thumb Code    74  command.o(i.Cmd_Get_Version)
    Cmd_Process                              0x20000bfd   Thumb Code   100  command.o(i.Cmd_Process)
    Cmd_Softreset                            0x20000c99   Thumb Code    38  command.o(i.Cmd_Softreset)
    Cmd_Upgrade_Data                         0x20000cc9   Thumb Code   628  command.o(i.Cmd_Upgrade_Data)
    Cmd_Upgrade_Init                         0x200010dd   Thumb Code    96  command.o(i.Cmd_Upgrade_Init)
    Cmd_Upgrade_Install                      0x20001181   Thumb Code   306  command.o(i.Cmd_Upgrade_Install)
    DMA2_Stream2_IRQHandler                  0x200013a9   Thumb Code     6  stm32f4xx_it.o(i.DMA2_Stream2_IRQHandler)
    DebugMon_Handler                         0x20001459   Thumb Code     2  stm32f4xx_it.o(i.DebugMon_Handler)
    EXTI0_IRQHandler                         0x2000145b   Thumb Code     6  stm32f4xx_it.o(i.EXTI0_IRQHandler)
    EXTI15_10_IRQHandler                     0x20001461   Thumb Code     8  stm32f4xx_it.o(i.EXTI15_10_IRQHandler)
    Error_Handler                            0x20001469   Thumb Code     2  main.o(i.Error_Handler)
    FLASH_Erase_Sector                       0x2000146d   Thumb Code    80  stm32f4xx_hal_flash_ex.o(i.FLASH_Erase_Sector)
    FLASH_FlushCaches                        0x200014c1   Thumb Code    80  stm32f4xx_hal_flash_ex.o(i.FLASH_FlushCaches)
    FLASH_IRQHandler                         0x20001515   Thumb Code     4  stm32f4xx_it.o(i.FLASH_IRQHandler)
    FLASH_If_Erase_IT                        0x20001519   Thumb Code    46  flash_if.o(i.FLASH_If_Erase_IT)
    FLASH_If_Init                            0x20001549   Thumb Code    20  flash_if.o(i.FLASH_If_Init)
    FLASH_If_Write                           0x20001561   Thumb Code    80  flash_if.o(i.FLASH_If_Write)
    FLASH_WaitForLastOperation               0x20001705   Thumb Code    72  stm32f4xx_hal_flash.o(i.FLASH_WaitForLastOperation)
    Get_Log_Status                           0x20001755   Thumb Code    40  functions.o(i.Get_Log_Status)
    Get_Up_Status                            0x2000177d   Thumb Code    84  functions.o(i.Get_Up_Status)
    HAL_ADC_ConfigChannel                    0x200017d1   Thumb Code   334  stm32f4xx_hal_adc.o(i.HAL_ADC_ConfigChannel)
    HAL_ADC_GetValue                         0x20001935   Thumb Code     6  stm32f4xx_hal_adc.o(i.HAL_ADC_GetValue)
    HAL_ADC_Init                             0x2000193b   Thumb Code    84  stm32f4xx_hal_adc.o(i.HAL_ADC_Init)
    HAL_ADC_MspInit                          0x20001991   Thumb Code    30  adc.o(i.HAL_ADC_MspInit)
    HAL_ADC_PollForConversion                0x200019b9   Thumb Code   162  stm32f4xx_hal_adc.o(i.HAL_ADC_PollForConversion)
    HAL_ADC_Start                            0x20001a5d   Thumb Code   210  stm32f4xx_hal_adc.o(i.HAL_ADC_Start)
    HAL_ADC_Stop                             0x20001b49   Thumb Code    60  stm32f4xx_hal_adc.o(i.HAL_ADC_Stop)
    HAL_DMA_Abort                            0x20001b85   Thumb Code   142  stm32f4xx_hal_dma.o(i.HAL_DMA_Abort)
    HAL_DMA_Abort_IT                         0x20001c13   Thumb Code    36  stm32f4xx_hal_dma.o(i.HAL_DMA_Abort_IT)
    HAL_DMA_IRQHandler                       0x20001c39   Thumb Code   412  stm32f4xx_hal_dma.o(i.HAL_DMA_IRQHandler)
    HAL_DMA_Init                             0x20001dd9   Thumb Code   206  stm32f4xx_hal_dma.o(i.HAL_DMA_Init)
    HAL_DMA_Start_IT                         0x20001ead   Thumb Code   110  stm32f4xx_hal_dma.o(i.HAL_DMA_Start_IT)
    HAL_Delay                                0x20001f1d   Thumb Code    32  stm32f4xx_hal.o(i.HAL_Delay)
    HAL_FLASHEx_Erase_IT                     0x20001f41   Thumb Code    96  stm32f4xx_hal_flash_ex.o(i.HAL_FLASHEx_Erase_IT)
    HAL_FLASH_EndOfOperationCallback         0x20001fa9   Thumb Code    92  main.o(i.HAL_FLASH_EndOfOperationCallback)
    HAL_FLASH_IRQHandler                     0x20002051   Thumb Code   196  stm32f4xx_hal_flash.o(i.HAL_FLASH_IRQHandler)
    HAL_FLASH_Lock                           0x2000211d   Thumb Code    14  stm32f4xx_hal_flash.o(i.HAL_FLASH_Lock)
    HAL_FLASH_OperationErrorCallback         0x20002131   Thumb Code     2  stm32f4xx_hal_flash.o(i.HAL_FLASH_OperationErrorCallback)
    HAL_FLASH_Program                        0x20002135   Thumb Code   116  stm32f4xx_hal_flash.o(i.HAL_FLASH_Program)
    HAL_FLASH_Unlock                         0x200021b1   Thumb Code    32  stm32f4xx_hal_flash.o(i.HAL_FLASH_Unlock)
    HAL_GPIO_EXTI_Callback                   0x200021dd   Thumb Code     2  stm32f4xx_hal_gpio.o(i.HAL_GPIO_EXTI_Callback)
    HAL_GPIO_EXTI_IRQHandler                 0x200021e1   Thumb Code    18  stm32f4xx_hal_gpio.o(i.HAL_GPIO_EXTI_IRQHandler)
    HAL_GPIO_Init                            0x200021f9   Thumb Code   414  stm32f4xx_hal_gpio.o(i.HAL_GPIO_Init)
    HAL_GPIO_WritePin                        0x200023cd   Thumb Code    10  stm32f4xx_hal_gpio.o(i.HAL_GPIO_WritePin)
    HAL_GetTick                              0x200023d9   Thumb Code     6  stm32f4xx_hal.o(i.HAL_GetTick)
    HAL_I2CEx_ConfigAnalogFilter             0x200023e5   Thumb Code    66  stm32f4xx_hal_i2c_ex.o(i.HAL_I2CEx_ConfigAnalogFilter)
    HAL_I2CEx_ConfigDigitalFilter            0x20002427   Thumb Code    62  stm32f4xx_hal_i2c_ex.o(i.HAL_I2CEx_ConfigDigitalFilter)
    HAL_I2C_Init                             0x20002465   Thumb Code   376  stm32f4xx_hal_i2c.o(i.HAL_I2C_Init)
    HAL_I2C_Mem_Read                         0x200025ed   Thumb Code   490  stm32f4xx_hal_i2c.o(i.HAL_I2C_Mem_Read)
    HAL_I2C_Mem_Write                        0x200027e5   Thumb Code   294  stm32f4xx_hal_i2c.o(i.HAL_I2C_Mem_Write)
    HAL_I2C_MspInit                          0x20002915   Thumb Code   238  i2c.o(i.HAL_I2C_MspInit)
    HAL_IWDG_Init                            0x20002a19   Thumb Code    82  stm32f4xx_hal_iwdg.o(i.HAL_IWDG_Init)
    HAL_IWDG_Refresh                         0x20002a6b   Thumb Code    12  stm32f4xx_hal_iwdg.o(i.HAL_IWDG_Refresh)
    HAL_IncTick                              0x20002a79   Thumb Code    12  stm32f4xx_hal.o(i.HAL_IncTick)
    HAL_Init                                 0x20002a89   Thumb Code    48  stm32f4xx_hal.o(i.HAL_Init)
    HAL_InitTick                             0x20002abd   Thumb Code   100  stm32f4xx_hal_timebase_tim.o(i.HAL_InitTick)
    HAL_MspInit                              0x20002b31   Thumb Code    70  stm32f4xx_hal_msp.o(i.HAL_MspInit)
    HAL_NVIC_EnableIRQ                       0x20002b7d   Thumb Code    26  stm32f4xx_hal_cortex.o(i.HAL_NVIC_EnableIRQ)
    HAL_NVIC_SetPriority                     0x20002b99   Thumb Code    60  stm32f4xx_hal_cortex.o(i.HAL_NVIC_SetPriority)
    HAL_NVIC_SetPriorityGrouping             0x20002bd9   Thumb Code    26  stm32f4xx_hal_cortex.o(i.HAL_NVIC_SetPriorityGrouping)
    HAL_PWREx_EnableOverDrive                0x20002bfd   Thumb Code    98  stm32f4xx_hal_pwr_ex.o(i.HAL_PWREx_EnableOverDrive)
    HAL_RCC_ClockConfig                      0x20002c6d   Thumb Code   288  stm32f4xx_hal_rcc.o(i.HAL_RCC_ClockConfig)
    HAL_RCC_GetClockConfig                   0x20002da1   Thumb Code    54  stm32f4xx_hal_rcc.o(i.HAL_RCC_GetClockConfig)
    HAL_RCC_GetPCLK1Freq                     0x20002de1   Thumb Code    20  stm32f4xx_hal_rcc.o(i.HAL_RCC_GetPCLK1Freq)
    HAL_RCC_GetPCLK2Freq                     0x20002e01   Thumb Code    20  stm32f4xx_hal_rcc.o(i.HAL_RCC_GetPCLK2Freq)
    HAL_RCC_GetSysClockFreq                  0x20002e21   Thumb Code    88  stm32f4xx_hal_rcc.o(i.HAL_RCC_GetSysClockFreq)
    HAL_RCC_OscConfig                        0x20002e81   Thumb Code   834  stm32f4xx_hal_rcc.o(i.HAL_RCC_OscConfig)
    HAL_SPI_Init                             0x200031dd   Thumb Code   128  stm32f4xx_hal_spi.o(i.HAL_SPI_Init)
    HAL_SPI_MspInit                          0x2000325d   Thumb Code   196  spi.o(i.HAL_SPI_MspInit)
    HAL_TIMEx_BreakCallback                  0x2000333d   Thumb Code     2  stm32f4xx_hal_tim_ex.o(i.HAL_TIMEx_BreakCallback)
    HAL_TIMEx_CommutCallback                 0x2000333f   Thumb Code     2  stm32f4xx_hal_tim_ex.o(i.HAL_TIMEx_CommutCallback)
    HAL_TIM_Base_Init                        0x20003341   Thumb Code    54  stm32f4xx_hal_tim.o(i.HAL_TIM_Base_Init)
    HAL_TIM_Base_MspInit                     0x20003377   Thumb Code     2  stm32f4xx_hal_tim.o(i.HAL_TIM_Base_MspInit)
    HAL_TIM_Base_Start_IT                    0x20003379   Thumb Code    34  stm32f4xx_hal_tim.o(i.HAL_TIM_Base_Start_IT)
    HAL_TIM_IC_CaptureCallback               0x2000339b   Thumb Code     2  stm32f4xx_hal_tim.o(i.HAL_TIM_IC_CaptureCallback)
    HAL_TIM_IRQHandler                       0x2000339d   Thumb Code   358  stm32f4xx_hal_tim.o(i.HAL_TIM_IRQHandler)
    HAL_TIM_OC_DelayElapsedCallback          0x20003503   Thumb Code     2  stm32f4xx_hal_tim.o(i.HAL_TIM_OC_DelayElapsedCallback)
    HAL_TIM_PWM_PulseFinishedCallback        0x20003505   Thumb Code     2  stm32f4xx_hal_tim.o(i.HAL_TIM_PWM_PulseFinishedCallback)
    HAL_TIM_PeriodElapsedCallback            0x20003509   Thumb Code    14  main.o(i.HAL_TIM_PeriodElapsedCallback)
    HAL_TIM_TriggerCallback                  0x2000351d   Thumb Code     2  stm32f4xx_hal_tim.o(i.HAL_TIM_TriggerCallback)
    HAL_UART_DMAStop                         0x2000351f   Thumb Code    88  stm32f4xx_hal_uart.o(i.HAL_UART_DMAStop)
    HAL_UART_ErrorCallback                   0x20003577   Thumb Code     2  stm32f4xx_hal_uart.o(i.HAL_UART_ErrorCallback)
    HAL_UART_IRQHandler                      0x20003579   Thumb Code   270  stm32f4xx_hal_uart.o(i.HAL_UART_IRQHandler)
    HAL_UART_Init                            0x2000368d   Thumb Code    98  stm32f4xx_hal_uart.o(i.HAL_UART_Init)
    HAL_UART_MspInit                         0x200036f1   Thumb Code   220  usart.o(i.HAL_UART_MspInit)
    HAL_UART_Receive_DMA                     0x200037e9   Thumb Code   138  stm32f4xx_hal_uart.o(i.HAL_UART_Receive_DMA)
    HAL_UART_Receive_IT                      0x20003881   Thumb Code    82  stm32f4xx_hal_uart.o(i.HAL_UART_Receive_IT)
    HAL_UART_RxCpltCallback                  0x200038d5   Thumb Code    18  usart.o(i.HAL_UART_RxCpltCallback)
    HAL_UART_RxHalfCpltCallback              0x200038f1   Thumb Code     2  stm32f4xx_hal_uart.o(i.HAL_UART_RxHalfCpltCallback)
    HAL_UART_Transmit                        0x200038f3   Thumb Code   186  stm32f4xx_hal_uart.o(i.HAL_UART_Transmit)
    HAL_UART_TxCpltCallback                  0x200039ad   Thumb Code     2  stm32f4xx_hal_uart.o(i.HAL_UART_TxCpltCallback)
    HardFault_Handler                        0x200039af   Thumb Code     2  stm32f4xx_it.o(i.HardFault_Handler)
    I2cEepromRead                            0x20003d81   Thumb Code    26  common.o(i.I2cEepromRead)
    I2cEepromWrite                           0x20003da1   Thumb Code   112  common.o(i.I2cEepromWrite)
    Log_Write                                0x20003e19   Thumb Code    94  functions.o(i.Log_Write)
    Log_Write_byte                           0x20003e77   Thumb Code    58  functions.o(i.Log_Write_byte)
    MX_ADC1_Init                             0x20003eb1   Thumb Code    88  adc.o(i.MX_ADC1_Init)
    MX_DMA_Init                              0x20003f19   Thumb Code    40  dma.o(i.MX_DMA_Init)
    MX_FREERTOS_Init                         0x20003f45   Thumb Code   158  freertos.o(i.MX_FREERTOS_Init)
    MX_GPIO_Init                             0x20004005   Thumb Code   350  gpio.o(i.MX_GPIO_Init)
    MX_I2C1_Init                             0x20004185   Thumb Code    78  i2c.o(i.MX_I2C1_Init)
    MX_I2C2_Init                             0x200041e1   Thumb Code    78  i2c.o(i.MX_I2C2_Init)
    MX_IWDG_Init                             0x2000423d   Thumb Code    36  iwdg.o(i.MX_IWDG_Init)
    MX_SPI1_Init                             0x20004269   Thumb Code    60  spi.o(i.MX_SPI1_Init)
    MX_SPI4_Init                             0x200042ad   Thumb Code    60  spi.o(i.MX_SPI4_Init)
    MX_SPI5_Init                             0x200042f1   Thumb Code    60  spi.o(i.MX_SPI5_Init)
    MX_USART1_UART_Init                      0x20004335   Thumb Code    48  usart.o(i.MX_USART1_UART_Init)
    MX_USART3_UART_Init                      0x2000436d   Thumb Code    48  usart.o(i.MX_USART3_UART_Init)
    MemManage_Handler                        0x200043a5   Thumb Code     2  stm32f4xx_it.o(i.MemManage_Handler)
    NMI_Handler                              0x200043a7   Thumb Code     2  stm32f4xx_it.o(i.NMI_Handler)
    OSW_Init                                 0x200043a9   Thumb Code   882  main.o(i.OSW_Init)
    PRINT_HEX                                0x200049fd   Thumb Code   188  common.o(i.PRINT_HEX)
    RTOS_EEPROM_Read                         0x20004b35   Thumb Code    84  common.o(i.RTOS_EEPROM_Read)
    RTOS_EEPROM_Write                        0x20004b8d   Thumb Code    84  common.o(i.RTOS_EEPROM_Write)
    StartDefaultTask                         0x20004be5   Thumb Code     8  freertos.o(i.StartDefaultTask)
    SysTick_Handler                          0x20004bed   Thumb Code    38  port.o(i.SysTick_Handler)
    SystemClock_Config                       0x20004c19   Thumb Code   136  main.o(i.SystemClock_Config)
    SystemInit                               0x20004ca9   Thumb Code    20  system_stm32f4xx.o(i.SystemInit)
    TIM1_TRG_COM_TIM11_IRQHandler            0x20004cc1   Thumb Code     6  stm32f4xx_it.o(i.TIM1_TRG_COM_TIM11_IRQHandler)
    TIM_Base_SetConfig                       0x20004ccd   Thumb Code   156  stm32f4xx_hal_tim.o(i.TIM_Base_SetConfig)
    Throw_Log                                0x20004d95   Thumb Code    46  functions.o(i.Throw_Log)
    USART1_IRQHandler                        0x2000511d   Thumb Code     6  stm32f4xx_it.o(i.USART1_IRQHandler)
    Uart_Respond                             0x20005129   Thumb Code   200  command.o(i.Uart_Respond)
    Update_Log_Status                        0x20005251   Thumb Code    34  functions.o(i.Update_Log_Status)
    Update_Up_Status                         0x20005273   Thumb Code    78  functions.o(i.Update_Up_Status)
    UsageFault_Handler                       0x200052c1   Thumb Code     2  stm32f4xx_it.o(i.UsageFault_Handler)
    __0sprintf$8                             0x200052c5   Thumb Code    34  printf8.o(i.__0sprintf$8)
    __1sprintf$8                             0x200052c5   Thumb Code     0  printf8.o(i.__0sprintf$8)
    __2sprintf                               0x200052c5   Thumb Code     0  printf8.o(i.__0sprintf$8)
    __scatterload_copy                       0x2000530d   Thumb Code    14  handlers.o(i.__scatterload_copy)
    __scatterload_null                       0x2000531b   Thumb Code     2  handlers.o(i.__scatterload_null)
    __scatterload_zeroinit                   0x2000531d   Thumb Code    14  handlers.o(i.__scatterload_zeroinit)
    cmdProcessTask                           0x20005799   Thumb Code   130  freertos.o(i.cmdProcessTask)
    isrTask                                  0x20005871   Thumb Code   118  freertos.o(i.isrTask)
    logTask                                  0x20005965   Thumb Code   378  freertos.o(i.logTask)
    main                                     0x20005b59   Thumb Code    66  main.o(i.main)
    osDelay                                  0x20005b9d   Thumb Code    46  cmsis_os2.o(i.osDelay)
    osKernelInitialize                       0x20005bd1   Thumb Code    50  cmsis_os2.o(i.osKernelInitialize)
    osKernelStart                            0x20005c09   Thumb Code    58  cmsis_os2.o(i.osKernelStart)
    osMessageQueueGet                        0x20005c49   Thumb Code   116  cmsis_os2.o(i.osMessageQueueGet)
    osMessageQueueGetCount                   0x20005cc5   Thumb Code    40  cmsis_os2.o(i.osMessageQueueGetCount)
    osMessageQueueNew                        0x20005cf1   Thumb Code   110  cmsis_os2.o(i.osMessageQueueNew)
    osMessageQueuePut                        0x20005d65   Thumb Code   120  cmsis_os2.o(i.osMessageQueuePut)
    osMutexAcquire                           0x20005de5   Thumb Code   104  cmsis_os2.o(i.osMutexAcquire)
    osMutexNew                               0x20005e51   Thumb Code   124  cmsis_os2.o(i.osMutexNew)
    osMutexRelease                           0x20005ed1   Thumb Code    88  cmsis_os2.o(i.osMutexRelease)
    osSemaphoreAcquire                       0x20005f2d   Thumb Code   108  cmsis_os2.o(i.osSemaphoreAcquire)
    osSemaphoreNew                           0x20005fa1   Thumb Code   172  cmsis_os2.o(i.osSemaphoreNew)
    osSemaphoreRelease                       0x20006051   Thumb Code   102  cmsis_os2.o(i.osSemaphoreRelease)
    osThreadNew                              0x200060c1   Thumb Code   160  cmsis_os2.o(i.osThreadNew)
    pvPortMalloc                             0x200068c1   Thumb Code   210  heap_4.o(i.pvPortMalloc)
    pvTaskIncrementMutexHeldCount            0x20006999   Thumb Code    18  tasks.o(i.pvTaskIncrementMutexHeldCount)
    pxPortInitialiseStack                    0x200069b1   Thumb Code    40  port.o(i.pxPortInitialiseStack)
    switch_endian                            0x200069dd   Thumb Code     4  common.o(i.switch_endian)
    uartProcessTask                          0x200069e1   Thumb Code   644  freertos.o(i.uartProcessTask)
    ulTaskNotifyTake                         0x20006d65   Thumb Code    96  tasks.o(i.ulTaskNotifyTake)
    uxListRemove                             0x20006dcd   Thumb Code    38  list.o(i.uxListRemove)
    uxQueueMessagesWaiting                   0x20006df3   Thumb Code    36  queue.o(i.uxQueueMessagesWaiting)
    uxQueueMessagesWaitingFromISR            0x20006e17   Thumb Code    22  queue.o(i.uxQueueMessagesWaitingFromISR)
    vApplicationGetIdleTaskMemory            0x20006e2d   Thumb Code    16  cmsis_os2.o(i.vApplicationGetIdleTaskMemory)
    vApplicationGetTimerTaskMemory           0x20006e41   Thumb Code    18  cmsis_os2.o(i.vApplicationGetTimerTaskMemory)
    vListInitialise                          0x20006e59   Thumb Code    22  list.o(i.vListInitialise)
    vListInitialiseItem                      0x20006e6f   Thumb Code     6  list.o(i.vListInitialiseItem)
    vListInsert                              0x20006e75   Thumb Code    48  list.o(i.vListInsert)
    vListInsertEnd                           0x20006ea5   Thumb Code    24  list.o(i.vListInsertEnd)
    vPortEnterCritical                       0x20006ebd   Thumb Code    54  port.o(i.vPortEnterCritical)
    vPortExitCritical                        0x20006efd   Thumb Code    34  port.o(i.vPortExitCritical)
    vPortFree                                0x20006f25   Thumb Code    88  heap_4.o(i.vPortFree)
    vPortSetupTimerInterrupt                 0x20006f81   Thumb Code    32  port.o(i.vPortSetupTimerInterrupt)
    vPortValidateInterruptPriority           0x20006fa5   Thumb Code    74  port.o(i.vPortValidateInterruptPriority)
    vQueueAddToRegistry                      0x20006ff9   Thumb Code    34  queue.o(i.vQueueAddToRegistry)
    vQueueDelete                             0x20007021   Thumb Code    46  queue.o(i.vQueueDelete)
    vQueueUnregisterQueue                    0x20007051   Thumb Code    36  queue.o(i.vQueueUnregisterQueue)
    vQueueWaitForMessageRestricted           0x20007079   Thumb Code    68  queue.o(i.vQueueWaitForMessageRestricted)
    vTaskDelay                               0x200070bd   Thumb Code    66  tasks.o(i.vTaskDelay)
    vTaskInternalSetTimeOutState             0x20007109   Thumb Code    12  tasks.o(i.vTaskInternalSetTimeOutState)
    vTaskMissedYield                         0x20007119   Thumb Code     8  tasks.o(i.vTaskMissedYield)
    vTaskPlaceOnEventList                    0x20007125   Thumb Code    44  tasks.o(i.vTaskPlaceOnEventList)
    vTaskPlaceOnEventListRestricted          0x20007155   Thumb Code    52  tasks.o(i.vTaskPlaceOnEventListRestricted)
    vTaskPriorityDisinheritAfterTimeout      0x2000718d   Thumb Code   134  tasks.o(i.vTaskPriorityDisinheritAfterTimeout)
    vTaskStartScheduler                      0x2000721d   Thumb Code   118  tasks.o(i.vTaskStartScheduler)
    vTaskSuspendAll                          0x200072a5   Thumb Code    10  tasks.o(i.vTaskSuspendAll)
    vTaskSwitchContext                       0x200072b5   Thumb Code    90  tasks.o(i.vTaskSwitchContext)
    watchdogTask                             0x20007319   Thumb Code    18  freertos.o(i.watchdogTask)
    xPortStartScheduler                      0x20007331   Thumb Code   222  port.o(i.xPortStartScheduler)
    xQueueCreateCountingSemaphore            0x20007425   Thumb Code    58  queue.o(i.xQueueCreateCountingSemaphore)
    xQueueCreateCountingSemaphoreStatic      0x2000745f   Thumb Code    64  queue.o(i.xQueueCreateCountingSemaphoreStatic)
    xQueueCreateMutex                        0x2000749f   Thumb Code    22  queue.o(i.xQueueCreateMutex)
    xQueueCreateMutexStatic                  0x200074b5   Thumb Code    26  queue.o(i.xQueueCreateMutexStatic)
    xQueueGenericCreate                      0x200074cf   Thumb Code    72  queue.o(i.xQueueGenericCreate)
    xQueueGenericCreateStatic                0x20007517   Thumb Code   102  queue.o(i.xQueueGenericCreateStatic)
    xQueueGenericReset                       0x2000757d   Thumb Code   132  queue.o(i.xQueueGenericReset)
    xQueueGenericSend                        0x20007605   Thumb Code   346  queue.o(i.xQueueGenericSend)
    xQueueGenericSendFromISR                 0x20007765   Thumb Code   188  queue.o(i.xQueueGenericSendFromISR)
    xQueueGiveFromISR                        0x20007821   Thumb Code   156  queue.o(i.xQueueGiveFromISR)
    xQueueGiveMutexRecursive                 0x200078bd   Thumb Code    62  queue.o(i.xQueueGiveMutexRecursive)
    xQueueReceive                            0x200078fd   Thumb Code   308  queue.o(i.xQueueReceive)
    xQueueReceiveFromISR                     0x20007a35   Thumb Code   154  queue.o(i.xQueueReceiveFromISR)
    xQueueSemaphoreTake                      0x20007ad1   Thumb Code   372  queue.o(i.xQueueSemaphoreTake)
    xQueueTakeMutexRecursive                 0x20007c49   Thumb Code    64  queue.o(i.xQueueTakeMutexRecursive)
    xTaskCheckForTimeOut                     0x20007c89   Thumb Code   112  tasks.o(i.xTaskCheckForTimeOut)
    xTaskCreate                              0x20007cfd   Thumb Code    90  tasks.o(i.xTaskCreate)
    xTaskCreateStatic                        0x20007d57   Thumb Code    86  tasks.o(i.xTaskCreateStatic)
    xTaskGenericNotify                       0x20007dad   Thumb Code   188  tasks.o(i.xTaskGenericNotify)
    xTaskGetCurrentTaskHandle                0x20007e75   Thumb Code     6  tasks.o(i.xTaskGetCurrentTaskHandle)
    xTaskGetSchedulerState                   0x20007e81   Thumb Code    22  tasks.o(i.xTaskGetSchedulerState)
    xTaskGetTickCount                        0x20007e9d   Thumb Code     6  tasks.o(i.xTaskGetTickCount)
    xTaskIncrementTick                       0x20007ea9   Thumb Code   190  tasks.o(i.xTaskIncrementTick)
    xTaskPriorityDisinherit                  0x20007f71   Thumb Code   118  tasks.o(i.xTaskPriorityDisinherit)
    xTaskPriorityInherit                     0x20007ff1   Thumb Code   112  tasks.o(i.xTaskPriorityInherit)
    xTaskRemoveFromEventList                 0x20008069   Thumb Code    98  tasks.o(i.xTaskRemoveFromEventList)
    xTaskResumeAll                           0x200080d9   Thumb Code   182  tasks.o(i.xTaskResumeAll)
    xTimerCreateTimerTask                    0x2000819d   Thumb Code    78  timers.o(i.xTimerCreateTimerTask)
    xTimerGenericCommand                     0x200081fd   Thumb Code    98  timers.o(i.xTimerGenericCommand)
    file_flash_addr                          0x200082e8   Data          12  main.o(.constdata)
    file_flash_end                           0x20008320   Data           4  main.o(.constdata)
    file_flash_count                         0x20008324   Data           1  main.o(.constdata)
    Thread_Mutex_attr                        0x20008338   Data          16  freertos.o(.constdata)
    cmdProcessTask_attributes                0x20008348   Data          36  freertos.o(.constdata)
    uartProcessTask_attributes               0x2000836c   Data          36  freertos.o(.constdata)
    watchdogTask_attributes                  0x20008390   Data          36  freertos.o(.constdata)
    isrTask_attributes                       0x200083b4   Data          36  freertos.o(.constdata)
    logTask_attributes                       0x200083d8   Data          36  freertos.o(.constdata)
    defaultTask_attributes                   0x200083fc   Data          36  freertos.o(.constdata)
    AHBPrescTable                            0x20008447   Data          16  system_stm32f4xx.o(.constdata)
    APBPrescTable                            0x20008457   Data           8  system_stm32f4xx.o(.constdata)
    Region$$Table$$Base                      0x200085cc   Number         0  anon$$obj.o(Region$$Table)
    Region$$Table$$Limit                     0x200085ec   Number         0  anon$$obj.o(Region$$Table)
    product_number                           0x20010400   Data           4  command.o(.data)
    manu_date                                0x20010404   Data           4  command.o(.data)
    fw_version                               0x20010408   Data           4  command.o(.data)
    serial_number                            0x2001040c   Data           4  command.o(.data)
    filter_number                            0x20010410   Data           4  command.o(.data)
    command_list                             0x20010414   Data         128  command.o(.data)
    reset_flag                               0x20010494   Data           1  main.o(.data)
    flash_in_use                             0x20010495   Data           1  main.o(.data)
    uart_sync                                0x20010498   Data           2  freertos.o(.data)
    uartProcessSemaphore                     0x2001049c   Data           4  freertos.o(.data)
    cmdProcessSemaphore                      0x200104a0   Data           4  freertos.o(.data)
    logEraseSemaphore                        0x200104a4   Data           4  freertos.o(.data)
    mid_LogMsg                               0x200104a8   Data           4  freertos.o(.data)
    mid_ISR                                  0x200104ac   Data           4  freertos.o(.data)
    i2cMutex                                 0x200104b0   Data           4  freertos.o(.data)
    cmdProcessTaskHandle                     0x200104b4   Data           4  freertos.o(.data)
    uartProcessTaskHandle                    0x200104b8   Data           4  freertos.o(.data)
    watchdogTaskHandle                       0x200104bc   Data           4  freertos.o(.data)
    isrTaskHandle                            0x200104c0   Data           4  freertos.o(.data)
    logTaskHandle                            0x200104c4   Data           4  freertos.o(.data)
    defaultTaskHandle                        0x200104c8   Data           4  freertos.o(.data)
    uwTickFreq                               0x200104cc   Data           1  stm32f4xx_hal.o(.data)
    uwTickPrio                               0x200104d0   Data           4  stm32f4xx_hal.o(.data)
    uwTick                                   0x200104d4   Data           4  stm32f4xx_hal.o(.data)
    SystemCoreClock                          0x200104d8   Data           4  system_stm32f4xx.o(.data)
    pxCurrentTCB                             0x200104dc   Data           4  tasks.o(.data)
    debug_buf                                0x20010554   Data        1024  common.o(.bss)
    trans_buf                                0x20010954   Data        1212  command.o(.bss)
    resp_buf                                 0x20010e10   Data        1216  command.o(.bss)
    up_state                                 0x200112d0   Data          36  command.o(.bss)
    upgrade_status                           0x200112f4   Data          20  main.o(.bss)
    log_file_state                           0x20011308   Data          12  main.o(.bss)
    hadc1                                    0x20011314   Data          72  adc.o(.bss)
    hi2c1                                    0x2001135c   Data          84  i2c.o(.bss)
    hi2c2                                    0x200113b0   Data          84  i2c.o(.bss)
    hiwdg                                    0x20011404   Data          12  iwdg.o(.bss)
    hspi1                                    0x20011410   Data          88  spi.o(.bss)
    hspi4                                    0x20011468   Data          88  spi.o(.bss)
    hspi5                                    0x200114c0   Data          88  spi.o(.bss)
    huart1                                   0x20011518   Data          64  usart.o(.bss)
    huart3                                   0x20011558   Data          64  usart.o(.bss)
    hdma_usart1_rx                           0x20011598   Data          96  usart.o(.bss)
    htim11                                   0x200115f8   Data          64  stm32f4xx_hal_timebase_tim.o(.bss)
    pFlash                                   0x20011638   Data          32  stm32f4xx_hal_flash.o(.bss)
    xQueueRegistry                           0x20011658   Data          64  queue.o(.bss)
    __initial_sp                             0x20016330   Data           0  startup_stm32f427xx.o(STACK)



==============================================================================

Memory Map of the image

  Image Entry point : 0x200001ad

  Load Region LR_IROM2 (Base: 0x20000000, Size: 0x00008b40, Max: 0x00010000, ABSOLUTE, COMPRESSED[0x00008a4c])

    Execution Region ER_IROM2 (Exec base: 0x20000000, Load base: 0x20000000, Size: 0x000085ec, Max: 0x00010000, ABSOLUTE)

    Exec Addr    Load Addr    Size         Type   Attr      Idx    E Section Name        Object

    0x20000000   0x20000000   0x000001ac   Data   RO            3    RESET               startup_stm32f427xx.o
    0x200001ac   0x200001ac   0x00000000   Code   RO         6316  * .ARM.Collect$$$$00000000  mc_w.l(entry.o)
    0x200001ac   0x200001ac   0x00000004   Code   RO         6606    .ARM.Collect$$$$00000001  mc_w.l(entry2.o)
    0x200001b0   0x200001b0   0x00000004   Code   RO         6609    .ARM.Collect$$$$00000004  mc_w.l(entry5.o)
    0x200001b4   0x200001b4   0x00000000   Code   RO         6611    .ARM.Collect$$$$00000008  mc_w.l(entry7b.o)
    0x200001b4   0x200001b4   0x00000000   Code   RO         6613    .ARM.Collect$$$$0000000A  mc_w.l(entry8b.o)
    0x200001b4   0x200001b4   0x00000008   Code   RO         6614    .ARM.Collect$$$$0000000B  mc_w.l(entry9a.o)
    0x200001bc   0x200001bc   0x00000000   Code   RO         6616    .ARM.Collect$$$$0000000D  mc_w.l(entry10a.o)
    0x200001bc   0x200001bc   0x00000000   Code   RO         6618    .ARM.Collect$$$$0000000F  mc_w.l(entry11a.o)
    0x200001bc   0x200001bc   0x00000004   Code   RO         6607    .ARM.Collect$$$$00002712  mc_w.l(entry2.o)
    0x200001c0   0x200001c0   0x000000be   Code   RO         6239    .emb_text           port.o
    0x2000027e   0x2000027e   0x00000002   PAD
    0x20000280   0x20000280   0x00000024   Code   RO            4    .text               startup_stm32f427xx.o
    0x200002a4   0x200002a4   0x00000062   Code   RO         6319    .text               mc_w.l(uldiv.o)
    0x20000306   0x20000306   0x00000024   Code   RO         6321    .text               mc_w.l(memcpya.o)
    0x2000032a   0x2000032a   0x00000024   Code   RO         6325    .text               mc_w.l(memseta.o)
    0x2000034e   0x2000034e   0x0000000e   Code   RO         6327    .text               mc_w.l(strlen.o)
    0x2000035c   0x2000035c   0x0000001c   Code   RO         6329    .text               mc_w.l(strcmp.o)
    0x20000378   0x20000378   0x00000012   Code   RO         6331    .text               mc_w.l(strcpy.o)
    0x2000038a   0x2000038a   0x0000014e   Code   RO         6596    .text               mf_w.l(dadd.o)
    0x200004d8   0x200004d8   0x000000e4   Code   RO         6598    .text               mf_w.l(dmul.o)
    0x200005bc   0x200005bc   0x000000de   Code   RO         6600    .text               mf_w.l(ddiv.o)
    0x2000069a   0x2000069a   0x0000001a   Code   RO         6602    .text               mf_w.l(dfltui.o)
    0x200006b4   0x200006b4   0x0000003e   Code   RO         6604    .text               mf_w.l(dfixi.o)
    0x200006f2   0x200006f2   0x0000001e   Code   RO         6625    .text               mc_w.l(llshl.o)
    0x20000710   0x20000710   0x00000020   Code   RO         6627    .text               mc_w.l(llushr.o)
    0x20000730   0x20000730   0x00000024   Code   RO         6629    .text               mc_w.l(llsshr.o)
    0x20000754   0x20000754   0x00000000   Code   RO         6631    .text               mc_w.l(iusefp.o)
    0x20000754   0x20000754   0x000000ba   Code   RO         6632    .text               mf_w.l(depilogue.o)
    0x2000080e   0x2000080e   0x00000002   PAD
    0x20000810   0x20000810   0x00000024   Code   RO         6638    .text               mc_w.l(init.o)
    0x20000834   0x20000834   0x00000056   Code   RO         6650    .text               mc_w.l(__dczerorl2.o)
    0x2000088a   0x2000088a   0x00000002   PAD
    0x2000088c   0x2000088c   0x00000128   Code   RO         1113    i.ADC_Init          stm32f4xx_hal_adc.o
    0x200009b4   0x200009b4   0x00000010   Code   RO           13    i.BE32_To_Buffer    common.o
    0x200009c4   0x200009c4   0x0000000e   Code   RO           14    i.Buffer_To_BE32    common.o
    0x200009d2   0x200009d2   0x00000002   Code   RO          953    i.BusFault_Handler  stm32f4xx_it.o
    0x200009d4   0x200009d4   0x00000028   Code   RO           16    i.Cal_CRC32         common.o
    0x200009fc   0x200009fc   0x00000018   Code   RO          349    i.Cmd_Device_Status  command.o
    0x20000a14   0x20000a14   0x00000194   Code   RO          350    i.Cmd_Get_Temperature  command.o
    0x20000ba8   0x20000ba8   0x00000054   Code   RO          351    i.Cmd_Get_Version   command.o
    0x20000bfc   0x20000bfc   0x0000009c   Code   RO          354    i.Cmd_Process       command.o
    0x20000c98   0x20000c98   0x00000030   Code   RO          355    i.Cmd_Softreset     command.o
    0x20000cc8   0x20000cc8   0x00000414   Code   RO          356    i.Cmd_Upgrade_Data  command.o
    0x200010dc   0x200010dc   0x000000a4   Code   RO          357    i.Cmd_Upgrade_Init  command.o
    0x20001180   0x20001180   0x00000228   Code   RO          358    i.Cmd_Upgrade_Install  command.o
    0x200013a8   0x200013a8   0x0000000c   Code   RO          954    i.DMA2_Stream2_IRQHandler  stm32f4xx_it.o
    0x200013b4   0x200013b4   0x00000028   Code   RO         1896    i.DMA_CalcBaseAndBitshift  stm32f4xx_hal_dma.o
    0x200013dc   0x200013dc   0x00000054   Code   RO         1897    i.DMA_CheckFifoParam  stm32f4xx_hal_dma.o
    0x20001430   0x20001430   0x00000028   Code   RO         1898    i.DMA_SetConfig     stm32f4xx_hal_dma.o
    0x20001458   0x20001458   0x00000002   Code   RO          955    i.DebugMon_Handler  stm32f4xx_it.o
    0x2000145a   0x2000145a   0x00000006   Code   RO          956    i.EXTI0_IRQHandler  stm32f4xx_it.o
    0x20001460   0x20001460   0x00000008   Code   RO          957    i.EXTI15_10_IRQHandler  stm32f4xx_it.o
    0x20001468   0x20001468   0x00000002   Code   RO          532    i.Error_Handler     main.o
    0x2000146a   0x2000146a   0x00000002   PAD
    0x2000146c   0x2000146c   0x00000054   Code   RO         1671    i.FLASH_Erase_Sector  stm32f4xx_hal_flash_ex.o
    0x200014c0   0x200014c0   0x00000054   Code   RO         1672    i.FLASH_FlushCaches  stm32f4xx_hal_flash_ex.o
    0x20001514   0x20001514   0x00000004   Code   RO          958    i.FLASH_IRQHandler  stm32f4xx_it.o
    0x20001518   0x20001518   0x0000002e   Code   RO          304    i.FLASH_If_Erase_IT  flash_if.o
    0x20001546   0x20001546   0x00000002   PAD
    0x20001548   0x20001548   0x00000018   Code   RO          305    i.FLASH_If_Init     flash_if.o
    0x20001560   0x20001560   0x00000054   Code   RO          306    i.FLASH_If_Write    flash_if.o
    0x200015b4   0x200015b4   0x00000040   Code   RO         1673    i.FLASH_MassErase   stm32f4xx_hal_flash_ex.o
    0x200015f4   0x200015f4   0x00000020   Code   RO         1553    i.FLASH_Program_Byte  stm32f4xx_hal_flash.o
    0x20001614   0x20001614   0x0000002c   Code   RO         1554    i.FLASH_Program_DoubleWord  stm32f4xx_hal_flash.o
    0x20001640   0x20001640   0x00000024   Code   RO         1555    i.FLASH_Program_HalfWord  stm32f4xx_hal_flash.o
    0x20001664   0x20001664   0x00000024   Code   RO         1556    i.FLASH_Program_Word  stm32f4xx_hal_flash.o
    0x20001688   0x20001688   0x0000007c   Code   RO         1557    i.FLASH_SetErrorCode  stm32f4xx_hal_flash.o
    0x20001704   0x20001704   0x00000050   Code   RO         1558    i.FLASH_WaitForLastOperation  stm32f4xx_hal_flash.o
    0x20001754   0x20001754   0x00000028   Code   RO          465    i.Get_Log_Status    functions.o
    0x2000177c   0x2000177c   0x00000054   Code   RO          466    i.Get_Up_Status     functions.o
    0x200017d0   0x200017d0   0x00000164   Code   RO         1115    i.HAL_ADC_ConfigChannel  stm32f4xx_hal_adc.o
    0x20001934   0x20001934   0x00000006   Code   RO         1122    i.HAL_ADC_GetValue  stm32f4xx_hal_adc.o
    0x2000193a   0x2000193a   0x00000054   Code   RO         1124    i.HAL_ADC_Init      stm32f4xx_hal_adc.o
    0x2000198e   0x2000198e   0x00000002   PAD
    0x20001990   0x20001990   0x00000028   Code   RO          627    i.HAL_ADC_MspInit   adc.o
    0x200019b8   0x200019b8   0x000000a2   Code   RO         1128    i.HAL_ADC_PollForConversion  stm32f4xx_hal_adc.o
    0x20001a5a   0x20001a5a   0x00000002   PAD
    0x20001a5c   0x20001a5c   0x000000ec   Code   RO         1130    i.HAL_ADC_Start     stm32f4xx_hal_adc.o
    0x20001b48   0x20001b48   0x0000003c   Code   RO         1133    i.HAL_ADC_Stop      stm32f4xx_hal_adc.o
    0x20001b84   0x20001b84   0x0000008e   Code   RO         1899    i.HAL_DMA_Abort     stm32f4xx_hal_dma.o
    0x20001c12   0x20001c12   0x00000024   Code   RO         1900    i.HAL_DMA_Abort_IT  stm32f4xx_hal_dma.o
    0x20001c36   0x20001c36   0x00000002   PAD
    0x20001c38   0x20001c38   0x000001a0   Code   RO         1904    i.HAL_DMA_IRQHandler  stm32f4xx_hal_dma.o
    0x20001dd8   0x20001dd8   0x000000d4   Code   RO         1905    i.HAL_DMA_Init      stm32f4xx_hal_dma.o
    0x20001eac   0x20001eac   0x0000006e   Code   RO         1909    i.HAL_DMA_Start_IT  stm32f4xx_hal_dma.o
    0x20001f1a   0x20001f1a   0x00000002   PAD
    0x20001f1c   0x20001f1c   0x00000024   Code   RO         2336    i.HAL_Delay         stm32f4xx_hal.o
    0x20001f40   0x20001f40   0x00000068   Code   RO         1679    i.HAL_FLASHEx_Erase_IT  stm32f4xx_hal_flash_ex.o
    0x20001fa8   0x20001fa8   0x000000a8   Code   RO          533    i.HAL_FLASH_EndOfOperationCallback  main.o
    0x20002050   0x20002050   0x000000cc   Code   RO         1561    i.HAL_FLASH_IRQHandler  stm32f4xx_hal_flash.o
    0x2000211c   0x2000211c   0x00000014   Code   RO         1562    i.HAL_FLASH_Lock    stm32f4xx_hal_flash.o
    0x20002130   0x20002130   0x00000002   Code   RO         1566    i.HAL_FLASH_OperationErrorCallback  stm32f4xx_hal_flash.o
    0x20002132   0x20002132   0x00000002   PAD
    0x20002134   0x20002134   0x0000007c   Code   RO         1567    i.HAL_FLASH_Program  stm32f4xx_hal_flash.o
    0x200021b0   0x200021b0   0x0000002c   Code   RO         1569    i.HAL_FLASH_Unlock  stm32f4xx_hal_flash.o
    0x200021dc   0x200021dc   0x00000002   Code   RO         1790    i.HAL_GPIO_EXTI_Callback  stm32f4xx_hal_gpio.o
    0x200021de   0x200021de   0x00000002   PAD
    0x200021e0   0x200021e0   0x00000018   Code   RO         1791    i.HAL_GPIO_EXTI_IRQHandler  stm32f4xx_hal_gpio.o
    0x200021f8   0x200021f8   0x000001d4   Code   RO         1792    i.HAL_GPIO_Init     stm32f4xx_hal_gpio.o
    0x200023cc   0x200023cc   0x0000000a   Code   RO         1796    i.HAL_GPIO_WritePin  stm32f4xx_hal_gpio.o
    0x200023d6   0x200023d6   0x00000002   PAD
    0x200023d8   0x200023d8   0x0000000c   Code   RO         2344    i.HAL_GetTick       stm32f4xx_hal.o
    0x200023e4   0x200023e4   0x00000042   Code   RO         3026    i.HAL_I2CEx_ConfigAnalogFilter  stm32f4xx_hal_i2c_ex.o
    0x20002426   0x20002426   0x0000003e   Code   RO         3027    i.HAL_I2CEx_ConfigDigitalFilter  stm32f4xx_hal_i2c_ex.o
    0x20002464   0x20002464   0x00000188   Code   RO         2610    i.HAL_I2C_Init      stm32f4xx_hal_i2c.o
    0x200025ec   0x200025ec   0x000001f8   Code   RO         2628    i.HAL_I2C_Mem_Read  stm32f4xx_hal_i2c.o
    0x200027e4   0x200027e4   0x00000130   Code   RO         2631    i.HAL_I2C_Mem_Write  stm32f4xx_hal_i2c.o
    0x20002914   0x20002914   0x00000104   Code   RO          767    i.HAL_I2C_MspInit   i2c.o
    0x20002a18   0x20002a18   0x00000052   Code   RO         3056    i.HAL_IWDG_Init     stm32f4xx_hal_iwdg.o
    0x20002a6a   0x20002a6a   0x0000000c   Code   RO         3057    i.HAL_IWDG_Refresh  stm32f4xx_hal_iwdg.o
    0x20002a76   0x20002a76   0x00000002   PAD
    0x20002a78   0x20002a78   0x00000010   Code   RO         2350    i.HAL_IncTick       stm32f4xx_hal.o
    0x20002a88   0x20002a88   0x00000034   Code   RO         2351    i.HAL_Init          stm32f4xx_hal.o
    0x20002abc   0x20002abc   0x00000074   Code   RO         1071    i.HAL_InitTick      stm32f4xx_hal_timebase_tim.o
    0x20002b30   0x20002b30   0x0000004c   Code   RO         1047    i.HAL_MspInit       stm32f4xx_hal_msp.o
    0x20002b7c   0x20002b7c   0x0000001a   Code   RO         2199    i.HAL_NVIC_EnableIRQ  stm32f4xx_hal_cortex.o
    0x20002b96   0x20002b96   0x00000002   PAD
    0x20002b98   0x20002b98   0x00000040   Code   RO         2205    i.HAL_NVIC_SetPriority  stm32f4xx_hal_cortex.o
    0x20002bd8   0x20002bd8   0x00000024   Code   RO         2206    i.HAL_NVIC_SetPriorityGrouping  stm32f4xx_hal_cortex.o
    0x20002bfc   0x20002bfc   0x00000070   Code   RO         2128    i.HAL_PWREx_EnableOverDrive  stm32f4xx_hal_pwr_ex.o
    0x20002c6c   0x20002c6c   0x00000134   Code   RO         1386    i.HAL_RCC_ClockConfig  stm32f4xx_hal_rcc.o
    0x20002da0   0x20002da0   0x00000040   Code   RO         1390    i.HAL_RCC_GetClockConfig  stm32f4xx_hal_rcc.o
    0x20002de0   0x20002de0   0x00000020   Code   RO         1393    i.HAL_RCC_GetPCLK1Freq  stm32f4xx_hal_rcc.o
    0x20002e00   0x20002e00   0x00000020   Code   RO         1394    i.HAL_RCC_GetPCLK2Freq  stm32f4xx_hal_rcc.o
    0x20002e20   0x20002e20   0x00000060   Code   RO         1395    i.HAL_RCC_GetSysClockFreq  stm32f4xx_hal_rcc.o
    0x20002e80   0x20002e80   0x0000035c   Code   RO         1398    i.HAL_RCC_OscConfig  stm32f4xx_hal_rcc.o
    0x200031dc   0x200031dc   0x00000080   Code   RO         3097    i.HAL_SPI_Init      stm32f4xx_hal_spi.o
    0x2000325c   0x2000325c   0x000000e0   Code   RO          845    i.HAL_SPI_MspInit   spi.o
    0x2000333c   0x2000333c   0x00000002   Code   RO         4085    i.HAL_TIMEx_BreakCallback  stm32f4xx_hal_tim_ex.o
    0x2000333e   0x2000333e   0x00000002   Code   RO         4086    i.HAL_TIMEx_CommutCallback  stm32f4xx_hal_tim_ex.o
    0x20003340   0x20003340   0x00000036   Code   RO         3410    i.HAL_TIM_Base_Init  stm32f4xx_hal_tim.o
    0x20003376   0x20003376   0x00000002   Code   RO         3412    i.HAL_TIM_Base_MspInit  stm32f4xx_hal_tim.o
    0x20003378   0x20003378   0x00000022   Code   RO         3415    i.HAL_TIM_Base_Start_IT  stm32f4xx_hal_tim.o
    0x2000339a   0x2000339a   0x00000002   Code   RO         3439    i.HAL_TIM_IC_CaptureCallback  stm32f4xx_hal_tim.o
    0x2000339c   0x2000339c   0x00000166   Code   RO         3453    i.HAL_TIM_IRQHandler  stm32f4xx_hal_tim.o
    0x20003502   0x20003502   0x00000002   Code   RO         3456    i.HAL_TIM_OC_DelayElapsedCallback  stm32f4xx_hal_tim.o
    0x20003504   0x20003504   0x00000002   Code   RO         3483    i.HAL_TIM_PWM_PulseFinishedCallback  stm32f4xx_hal_tim.o
    0x20003506   0x20003506   0x00000002   PAD
    0x20003508   0x20003508   0x00000014   Code   RO          534    i.HAL_TIM_PeriodElapsedCallback  main.o
    0x2000351c   0x2000351c   0x00000002   Code   RO         3496    i.HAL_TIM_TriggerCallback  stm32f4xx_hal_tim.o
    0x2000351e   0x2000351e   0x00000058   Code   RO         4355    i.HAL_UART_DMAStop  stm32f4xx_hal_uart.o
    0x20003576   0x20003576   0x00000002   Code   RO         4357    i.HAL_UART_ErrorCallback  stm32f4xx_hal_uart.o
    0x20003578   0x20003578   0x00000114   Code   RO         4360    i.HAL_UART_IRQHandler  stm32f4xx_hal_uart.o
    0x2000368c   0x2000368c   0x00000062   Code   RO         4361    i.HAL_UART_Init     stm32f4xx_hal_uart.o
    0x200036ee   0x200036ee   0x00000002   PAD
    0x200036f0   0x200036f0   0x000000f8   Code   RO          899    i.HAL_UART_MspInit  usart.o
    0x200037e8   0x200037e8   0x00000098   Code   RO         4365    i.HAL_UART_Receive_DMA  stm32f4xx_hal_uart.o
    0x20003880   0x20003880   0x00000052   Code   RO         4366    i.HAL_UART_Receive_IT  stm32f4xx_hal_uart.o
    0x200038d2   0x200038d2   0x00000002   PAD
    0x200038d4   0x200038d4   0x0000001c   Code   RO          900    i.HAL_UART_RxCpltCallback  usart.o
    0x200038f0   0x200038f0   0x00000002   Code   RO         4368    i.HAL_UART_RxHalfCpltCallback  stm32f4xx_hal_uart.o
    0x200038f2   0x200038f2   0x000000ba   Code   RO         4369    i.HAL_UART_Transmit  stm32f4xx_hal_uart.o
    0x200039ac   0x200039ac   0x00000002   Code   RO         4372    i.HAL_UART_TxCpltCallback  stm32f4xx_hal_uart.o
    0x200039ae   0x200039ae   0x00000002   Code   RO          959    i.HardFault_Handler  stm32f4xx_it.o
    0x200039b0   0x200039b0   0x0000002e   Code   RO         2652    i.I2C_IsAcknowledgeFailed  stm32f4xx_hal_i2c.o
    0x200039de   0x200039de   0x00000002   PAD
    0x200039e0   0x200039e0   0x000000fc   Code   RO         2662    i.I2C_RequestMemoryRead  stm32f4xx_hal_i2c.o
    0x20003adc   0x20003adc   0x000000a8   Code   RO         2663    i.I2C_RequestMemoryWrite  stm32f4xx_hal_i2c.o
    0x20003b84   0x20003b84   0x0000004c   Code   RO         2666    i.I2C_WaitOnBTFFlagUntilTimeout  stm32f4xx_hal_i2c.o
    0x20003bd0   0x20003bd0   0x00000068   Code   RO         2667    i.I2C_WaitOnFlagUntilTimeout  stm32f4xx_hal_i2c.o
    0x20003c38   0x20003c38   0x00000096   Code   RO         2668    i.I2C_WaitOnMasterAddressFlagUntilTimeout  stm32f4xx_hal_i2c.o
    0x20003cce   0x20003cce   0x00000066   Code   RO         2669    i.I2C_WaitOnRXNEFlagUntilTimeout  stm32f4xx_hal_i2c.o
    0x20003d34   0x20003d34   0x0000004c   Code   RO         2670    i.I2C_WaitOnTXEFlagUntilTimeout  stm32f4xx_hal_i2c.o
    0x20003d80   0x20003d80   0x00000020   Code   RO           17    i.I2cEepromRead     common.o
    0x20003da0   0x20003da0   0x00000078   Code   RO           18    i.I2cEepromWrite    common.o
    0x20003e18   0x20003e18   0x0000005e   Code   RO          468    i.Log_Write         functions.o
    0x20003e76   0x20003e76   0x0000003a   Code   RO          469    i.Log_Write_byte    functions.o
    0x20003eb0   0x20003eb0   0x00000068   Code   RO          628    i.MX_ADC1_Init      adc.o
    0x20003f18   0x20003f18   0x0000002c   Code   RO          668    i.MX_DMA_Init       dma.o
    0x20003f44   0x20003f44   0x000000c0   Code   RO          692    i.MX_FREERTOS_Init  freertos.o
    0x20004004   0x20004004   0x00000180   Code   RO          602    i.MX_GPIO_Init      gpio.o
    0x20004184   0x20004184   0x0000005c   Code   RO          768    i.MX_I2C1_Init      i2c.o
    0x200041e0   0x200041e0   0x0000005c   Code   RO          769    i.MX_I2C2_Init      i2c.o
    0x2000423c   0x2000423c   0x0000002c   Code   RO          814    i.MX_IWDG_Init      iwdg.o
    0x20004268   0x20004268   0x00000044   Code   RO          846    i.MX_SPI1_Init      spi.o
    0x200042ac   0x200042ac   0x00000044   Code   RO          847    i.MX_SPI4_Init      spi.o
    0x200042f0   0x200042f0   0x00000044   Code   RO          848    i.MX_SPI5_Init      spi.o
    0x20004334   0x20004334   0x00000038   Code   RO          901    i.MX_USART1_UART_Init  usart.o
    0x2000436c   0x2000436c   0x00000038   Code   RO          902    i.MX_USART3_UART_Init  usart.o
    0x200043a4   0x200043a4   0x00000002   Code   RO          960    i.MemManage_Handler  stm32f4xx_it.o
    0x200043a6   0x200043a6   0x00000002   Code   RO          961    i.NMI_Handler       stm32f4xx_it.o
    0x200043a8   0x200043a8   0x00000654   Code   RO          535    i.OSW_Init          main.o
    0x200049fc   0x200049fc   0x00000138   Code   RO           19    i.PRINT_HEX         common.o
    0x20004b34   0x20004b34   0x00000058   Code   RO           20    i.RTOS_EEPROM_Read  common.o
    0x20004b8c   0x20004b8c   0x00000058   Code   RO           21    i.RTOS_EEPROM_Write  common.o
    0x20004be4   0x20004be4   0x00000008   Code   RO          693    i.StartDefaultTask  freertos.o
    0x20004bec   0x20004bec   0x0000002c   Code   RO         6240    i.SysTick_Handler   port.o
    0x20004c18   0x20004c18   0x00000090   Code   RO          536    i.SystemClock_Config  main.o
    0x20004ca8   0x20004ca8   0x00000018   Code   RO         4663    i.SystemInit        system_stm32f4xx.o
    0x20004cc0   0x20004cc0   0x0000000c   Code   RO          962    i.TIM1_TRG_COM_TIM11_IRQHandler  stm32f4xx_it.o
    0x20004ccc   0x20004ccc   0x000000c8   Code   RO         3498    i.TIM_Base_SetConfig  stm32f4xx_hal_tim.o
    0x20004d94   0x20004d94   0x00000034   Code   RO          470    i.Throw_Log         functions.o
    0x20004dc8   0x20004dc8   0x00000010   Code   RO         4374    i.UART_DMAAbortOnError  stm32f4xx_hal_uart.o
    0x20004dd8   0x20004dd8   0x0000004a   Code   RO         4375    i.UART_DMAError     stm32f4xx_hal_uart.o
    0x20004e22   0x20004e22   0x0000003c   Code   RO         4376    i.UART_DMAReceiveCplt  stm32f4xx_hal_uart.o
    0x20004e5e   0x20004e5e   0x0000000a   Code   RO         4378    i.UART_DMARxHalfCplt  stm32f4xx_hal_uart.o
    0x20004e68   0x20004e68   0x0000001c   Code   RO         4384    i.UART_EndRxTransfer  stm32f4xx_hal_uart.o
    0x20004e84   0x20004e84   0x00000012   Code   RO         4385    i.UART_EndTxTransfer  stm32f4xx_hal_uart.o
    0x20004e96   0x20004e96   0x00000096   Code   RO         4386    i.UART_Receive_IT   stm32f4xx_hal_uart.o
    0x20004f2c   0x20004f2c   0x00000128   Code   RO         4387    i.UART_SetConfig    stm32f4xx_hal_uart.o
    0x20005054   0x20005054   0x00000062   Code   RO         4388    i.UART_Transmit_IT  stm32f4xx_hal_uart.o
    0x200050b6   0x200050b6   0x00000064   Code   RO         4389    i.UART_WaitOnFlagUntilTimeout  stm32f4xx_hal_uart.o
    0x2000511a   0x2000511a   0x00000002   PAD
    0x2000511c   0x2000511c   0x0000000c   Code   RO          963    i.USART1_IRQHandler  stm32f4xx_it.o
    0x20005128   0x20005128   0x00000128   Code   RO          359    i.Uart_Respond      command.o
    0x20005250   0x20005250   0x00000022   Code   RO          471    i.Update_Log_Status  functions.o
    0x20005272   0x20005272   0x0000004e   Code   RO          472    i.Update_Up_Status  functions.o
    0x200052c0   0x200052c0   0x00000002   Code   RO          964    i.UsageFault_Handler  stm32f4xx_it.o
    0x200052c2   0x200052c2   0x00000002   PAD
    0x200052c4   0x200052c4   0x00000028   Code   RO         6544    i.__0sprintf$8      mc_w.l(printf8.o)
    0x200052ec   0x200052ec   0x00000020   Code   RO         2212    i.__NVIC_SetPriority  stm32f4xx_hal_cortex.o
    0x2000530c   0x2000530c   0x0000000e   Code   RO         6644    i.__scatterload_copy  mc_w.l(handlers.o)
    0x2000531a   0x2000531a   0x00000002   Code   RO         6645    i.__scatterload_null  mc_w.l(handlers.o)
    0x2000531c   0x2000531c   0x0000000e   Code   RO         6646    i.__scatterload_zeroinit  mc_w.l(handlers.o)
    0x2000532a   0x2000532a   0x00000002   PAD
    0x2000532c   0x2000532c   0x00000410   Code   RO         6549    i._printf_core      mc_w.l(printf8.o)
    0x2000573c   0x2000573c   0x00000024   Code   RO         6550    i._printf_post_padding  mc_w.l(printf8.o)
    0x20005760   0x20005760   0x0000002e   Code   RO         6551    i._printf_pre_padding  mc_w.l(printf8.o)
    0x2000578e   0x2000578e   0x0000000a   Code   RO         6553    i._sputc            mc_w.l(printf8.o)
    0x20005798   0x20005798   0x000000d8   Code   RO          694    i.cmdProcessTask    freertos.o
    0x20005870   0x20005870   0x000000f4   Code   RO          695    i.isrTask           freertos.o
    0x20005964   0x20005964   0x000001f4   Code   RO          696    i.logTask           freertos.o
    0x20005b58   0x20005b58   0x00000042   Code   RO          537    i.main              main.o
    0x20005b9a   0x20005b9a   0x00000002   PAD
    0x20005b9c   0x20005b9c   0x00000034   Code   RO         5769    i.osDelay           cmsis_os2.o
    0x20005bd0   0x20005bd0   0x00000038   Code   RO         5783    i.osKernelInitialize  cmsis_os2.o
    0x20005c08   0x20005c08   0x00000040   Code   RO         5786    i.osKernelStart     cmsis_os2.o
    0x20005c48   0x20005c48   0x0000007c   Code   RO         5789    i.osMessageQueueGet  cmsis_os2.o
    0x20005cc4   0x20005cc4   0x0000002c   Code   RO         5791    i.osMessageQueueGetCount  cmsis_os2.o
    0x20005cf0   0x20005cf0   0x00000074   Code   RO         5794    i.osMessageQueueNew  cmsis_os2.o
    0x20005d64   0x20005d64   0x00000080   Code   RO         5795    i.osMessageQueuePut  cmsis_os2.o
    0x20005de4   0x20005de4   0x0000006c   Code   RO         5797    i.osMutexAcquire    cmsis_os2.o
    0x20005e50   0x20005e50   0x00000080   Code   RO         5800    i.osMutexNew        cmsis_os2.o
    0x20005ed0   0x20005ed0   0x0000005c   Code   RO         5801    i.osMutexRelease    cmsis_os2.o
    0x20005f2c   0x20005f2c   0x00000074   Code   RO         5802    i.osSemaphoreAcquire  cmsis_os2.o
    0x20005fa0   0x20005fa0   0x000000b0   Code   RO         5805    i.osSemaphoreNew    cmsis_os2.o
    0x20006050   0x20006050   0x00000070   Code   RO         5806    i.osSemaphoreRelease  cmsis_os2.o
    0x200060c0   0x200060c0   0x000000a4   Code   RO         5820    i.osThreadNew       cmsis_os2.o
    0x20006164   0x20006164   0x0000005c   Code   RO         5265    i.prvAddCurrentTaskToDelayedList  tasks.o
    0x200061c0   0x200061c0   0x000000d0   Code   RO         5266    i.prvAddNewTaskToReadyList  tasks.o
    0x20006290   0x20006290   0x00000058   Code   RO         5615    i.prvCheckForValidListAndQueue  timers.o
    0x200062e8   0x200062e8   0x00000026   Code   RO         4868    i.prvCopyDataFromQueue  queue.o
    0x2000630e   0x2000630e   0x0000006c   Code   RO         4869    i.prvCopyDataToQueue  queue.o
    0x2000637a   0x2000637a   0x00000034   Code   RO         5267    i.prvDeleteTCB      tasks.o
    0x200063ae   0x200063ae   0x00000002   PAD
    0x200063b0   0x200063b0   0x0000004c   Code   RO         6190    i.prvHeapInit       heap_4.o
    0x200063fc   0x200063fc   0x00000060   Code   RO         5268    i.prvIdleTask       tasks.o
    0x2000645c   0x2000645c   0x00000016   Code   RO         4870    i.prvInitialiseMutex  queue.o
    0x20006472   0x20006472   0x00000002   PAD
    0x20006474   0x20006474   0x00000022   Code   RO         4871    i.prvInitialiseNewQueue  queue.o
    0x20006496   0x20006496   0x0000009c   Code   RO         5269    i.prvInitialiseNewTask  tasks.o
    0x20006532   0x20006532   0x00000002   PAD
    0x20006534   0x20006534   0x0000004c   Code   RO         6191    i.prvInsertBlockIntoFreeList  heap_4.o
    0x20006580   0x20006580   0x00000038   Code   RO         5617    i.prvInsertTimerInActiveList  timers.o
    0x200065b8   0x200065b8   0x0000001c   Code   RO         4872    i.prvIsQueueEmpty   queue.o
    0x200065d4   0x200065d4   0x000000cc   Code   RO         5618    i.prvProcessReceivedCommands  timers.o
    0x200066a0   0x200066a0   0x000000b4   Code   RO         5619    i.prvProcessTimerOrBlockTask  timers.o
    0x20006754   0x20006754   0x00000020   Code   RO         5271    i.prvResetNextTaskUnblockTime  tasks.o
    0x20006774   0x20006774   0x00000028   Code   RO         5620    i.prvSampleTimeNow  timers.o
    0x2000679c   0x2000679c   0x0000006c   Code   RO         5621    i.prvSwitchTimerLists  timers.o
    0x20006808   0x20006808   0x00000028   Code   RO         6241    i.prvTaskExitError  port.o
    0x20006830   0x20006830   0x00000024   Code   RO         5622    i.prvTimerTask      timers.o
    0x20006854   0x20006854   0x0000006a   Code   RO         4873    i.prvUnlockQueue    queue.o
    0x200068be   0x200068be   0x00000002   PAD
    0x200068c0   0x200068c0   0x000000d8   Code   RO         6192    i.pvPortMalloc      heap_4.o
    0x20006998   0x20006998   0x00000018   Code   RO         5274    i.pvTaskIncrementMutexHeldCount  tasks.o
    0x200069b0   0x200069b0   0x0000002c   Code   RO         6242    i.pxPortInitialiseStack  port.o
    0x200069dc   0x200069dc   0x00000004   Code   RO           25    i.switch_endian     common.o
    0x200069e0   0x200069e0   0x00000384   Code   RO          697    i.uartProcessTask   freertos.o
    0x20006d64   0x20006d64   0x00000068   Code   RO         5275    i.ulTaskNotifyTake  tasks.o
    0x20006dcc   0x20006dcc   0x00000026   Code   RO         4828    i.uxListRemove      list.o
    0x20006df2   0x20006df2   0x00000024   Code   RO         4876    i.uxQueueMessagesWaiting  queue.o
    0x20006e16   0x20006e16   0x00000016   Code   RO         4877    i.uxQueueMessagesWaitingFromISR  queue.o
    0x20006e2c   0x20006e2c   0x00000014   Code   RO         5832    i.vApplicationGetIdleTaskMemory  cmsis_os2.o
    0x20006e40   0x20006e40   0x00000018   Code   RO         5833    i.vApplicationGetTimerTaskMemory  cmsis_os2.o
    0x20006e58   0x20006e58   0x00000016   Code   RO         4829    i.vListInitialise   list.o
    0x20006e6e   0x20006e6e   0x00000006   Code   RO         4830    i.vListInitialiseItem  list.o
    0x20006e74   0x20006e74   0x00000030   Code   RO         4831    i.vListInsert       list.o
    0x20006ea4   0x20006ea4   0x00000018   Code   RO         4832    i.vListInsertEnd    list.o
    0x20006ebc   0x20006ebc   0x00000040   Code   RO         6244    i.vPortEnterCritical  port.o
    0x20006efc   0x20006efc   0x00000028   Code   RO         6245    i.vPortExitCritical  port.o
    0x20006f24   0x20006f24   0x0000005c   Code   RO         6193    i.vPortFree         heap_4.o
    0x20006f80   0x20006f80   0x00000024   Code   RO         6246    i.vPortSetupTimerInterrupt  port.o
    0x20006fa4   0x20006fa4   0x00000054   Code   RO         6247    i.vPortValidateInterruptPriority  port.o
    0x20006ff8   0x20006ff8   0x00000028   Code   RO         4879    i.vQueueAddToRegistry  queue.o
    0x20007020   0x20007020   0x0000002e   Code   RO         4880    i.vQueueDelete      queue.o
    0x2000704e   0x2000704e   0x00000002   PAD
    0x20007050   0x20007050   0x00000028   Code   RO         4882    i.vQueueUnregisterQueue  queue.o
    0x20007078   0x20007078   0x00000044   Code   RO         4883    i.vQueueWaitForMessageRestricted  queue.o
    0x200070bc   0x200070bc   0x0000004c   Code   RO         5283    i.vTaskDelay        tasks.o
    0x20007108   0x20007108   0x00000010   Code   RO         5288    i.vTaskInternalSetTimeOutState  tasks.o
    0x20007118   0x20007118   0x0000000c   Code   RO         5289    i.vTaskMissedYield  tasks.o
    0x20007124   0x20007124   0x00000030   Code   RO         5291    i.vTaskPlaceOnEventList  tasks.o
    0x20007154   0x20007154   0x00000038   Code   RO         5292    i.vTaskPlaceOnEventListRestricted  tasks.o
    0x2000718c   0x2000718c   0x00000090   Code   RO         5294    i.vTaskPriorityDisinheritAfterTimeout  tasks.o
    0x2000721c   0x2000721c   0x00000088   Code   RO         5300    i.vTaskStartScheduler  tasks.o
    0x200072a4   0x200072a4   0x00000010   Code   RO         5302    i.vTaskSuspendAll   tasks.o
    0x200072b4   0x200072b4   0x00000064   Code   RO         5303    i.vTaskSwitchContext  tasks.o
    0x20007318   0x20007318   0x00000018   Code   RO          698    i.watchdogTask      freertos.o
    0x20007330   0x20007330   0x000000f4   Code   RO         6248    i.xPortStartScheduler  port.o
    0x20007424   0x20007424   0x0000003a   Code   RO         4884    i.xQueueCreateCountingSemaphore  queue.o
    0x2000745e   0x2000745e   0x00000040   Code   RO         4885    i.xQueueCreateCountingSemaphoreStatic  queue.o
    0x2000749e   0x2000749e   0x00000016   Code   RO         4886    i.xQueueCreateMutex  queue.o
    0x200074b4   0x200074b4   0x0000001a   Code   RO         4887    i.xQueueCreateMutexStatic  queue.o
    0x200074ce   0x200074ce   0x00000048   Code   RO         4888    i.xQueueGenericCreate  queue.o
    0x20007516   0x20007516   0x00000066   Code   RO         4889    i.xQueueGenericCreateStatic  queue.o
    0x2000757c   0x2000757c   0x00000088   Code   RO         4890    i.xQueueGenericReset  queue.o
    0x20007604   0x20007604   0x00000160   Code   RO         4891    i.xQueueGenericSend  queue.o
    0x20007764   0x20007764   0x000000bc   Code   RO         4892    i.xQueueGenericSendFromISR  queue.o
    0x20007820   0x20007820   0x0000009c   Code   RO         4895    i.xQueueGiveFromISR  queue.o
    0x200078bc   0x200078bc   0x0000003e   Code   RO         4896    i.xQueueGiveMutexRecursive  queue.o
    0x200078fa   0x200078fa   0x00000002   PAD
    0x200078fc   0x200078fc   0x00000138   Code   RO         4901    i.xQueueReceive     queue.o
    0x20007a34   0x20007a34   0x0000009a   Code   RO         4902    i.xQueueReceiveFromISR  queue.o
    0x20007ace   0x20007ace   0x00000002   PAD
    0x20007ad0   0x20007ad0   0x00000178   Code   RO         4903    i.xQueueSemaphoreTake  queue.o
    0x20007c48   0x20007c48   0x00000040   Code   RO         4904    i.xQueueTakeMutexRecursive  queue.o
    0x20007c88   0x20007c88   0x00000074   Code   RO         5304    i.xTaskCheckForTimeOut  tasks.o
    0x20007cfc   0x20007cfc   0x0000005a   Code   RO         5305    i.xTaskCreate       tasks.o
    0x20007d56   0x20007d56   0x00000056   Code   RO         5306    i.xTaskCreateStatic  tasks.o
    0x20007dac   0x20007dac   0x000000c8   Code   RO         5307    i.xTaskGenericNotify  tasks.o
    0x20007e74   0x20007e74   0x0000000c   Code   RO         5309    i.xTaskGetCurrentTaskHandle  tasks.o
    0x20007e80   0x20007e80   0x0000001c   Code   RO         5310    i.xTaskGetSchedulerState  tasks.o
    0x20007e9c   0x20007e9c   0x0000000c   Code   RO         5311    i.xTaskGetTickCount  tasks.o
    0x20007ea8   0x20007ea8   0x000000c8   Code   RO         5313    i.xTaskIncrementTick  tasks.o
    0x20007f70   0x20007f70   0x00000080   Code   RO         5316    i.xTaskPriorityDisinherit  tasks.o
    0x20007ff0   0x20007ff0   0x00000078   Code   RO         5317    i.xTaskPriorityInherit  tasks.o
    0x20008068   0x20008068   0x00000070   Code   RO         5318    i.xTaskRemoveFromEventList  tasks.o
    0x200080d8   0x200080d8   0x000000c4   Code   RO         5319    i.xTaskResumeAll    tasks.o
    0x2000819c   0x2000819c   0x00000060   Code   RO         5629    i.xTimerCreateTimerTask  timers.o
    0x200081fc   0x200081fc   0x00000068   Code   RO         5630    i.xTimerGenericCommand  timers.o
    0x20008264   0x20008264   0x00000082   Data   RO          361    .constdata          command.o
    0x200082e6   0x200082e6   0x00000002   PAD
    0x200082e8   0x200082e8   0x00000036   Data   RO          539    .constdata          main.o
    0x2000831e   0x2000831e   0x00000002   PAD
    0x20008320   0x20008320   0x00000004   Data   RO          540    .constdata          main.o
    0x20008324   0x20008324   0x00000001   Data   RO          541    .constdata          main.o
    0x20008325   0x20008325   0x00000003   PAD
    0x20008328   0x20008328   0x00000117   Data   RO          699    .constdata          freertos.o
    0x2000843f   0x2000843f   0x00000008   Data   RO         1911    .constdata          stm32f4xx_hal_dma.o
    0x20008447   0x20008447   0x00000010   Data   RO         4664    .constdata          system_stm32f4xx.o
    0x20008457   0x20008457   0x00000008   Data   RO         4665    .constdata          system_stm32f4xx.o
    0x2000845f   0x2000845f   0x00000001   PAD
    0x20008460   0x20008460   0x000000c1   Data   RO          362    .conststring        command.o
    0x20008521   0x20008521   0x00000003   PAD
    0x20008524   0x20008524   0x000000a7   Data   RO          700    .conststring        freertos.o
    0x200085cb   0x200085cb   0x00000001   PAD
    0x200085cc   0x200085cc   0x00000020   Data   RO         6642    Region$$Table       anon$$obj.o


    Execution Region RW_IRAM1 (Exec base: 0x20010000, Load base: 0x200085ec, Size: 0x00006330, Max: 0x00020000, ABSOLUTE, COMPRESSED[0x00000460])

    Exec Addr    Load Addr    Size         Type   Attr      Idx    E Section Name        Object

    0x20010000   COMPRESSED   0x00000400   Data   RW           30    .data               common.o
    0x20010400   COMPRESSED   0x00000094   Data   RW          363    .data               command.o
    0x20010494   COMPRESSED   0x00000002   Data   RW          542    .data               main.o
    0x20010496   COMPRESSED   0x00000002   PAD
    0x20010498   COMPRESSED   0x00000034   Data   RW          701    .data               freertos.o
    0x200104cc   COMPRESSED   0x0000000c   Data   RW         2358    .data               stm32f4xx_hal.o
    0x200104d8   COMPRESSED   0x00000004   Data   RW         4666    .data               system_stm32f4xx.o
    0x200104dc   COMPRESSED   0x0000003c   Data   RW         5322    .data               tasks.o
    0x20010518   COMPRESSED   0x00000014   Data   RW         5638    .data               timers.o
    0x2001052c   COMPRESSED   0x00000004   Data   RW         5835    .data               cmsis_os2.o
    0x20010530   COMPRESSED   0x00000018   Data   RW         6198    .data               heap_4.o
    0x20010548   COMPRESSED   0x0000000c   Data   RW         6249    .data               port.o
    0x20010554        -       0x00000400   Zero   RW           29    .bss                common.o
    0x20010954        -       0x000009a0   Zero   RW          360    .bss                command.o
    0x200112f4        -       0x00000020   Zero   RW          538    .bss                main.o
    0x20011314        -       0x00000048   Zero   RW          629    .bss                adc.o
    0x2001135c        -       0x000000a8   Zero   RW          770    .bss                i2c.o
    0x20011404        -       0x0000000c   Zero   RW          815    .bss                iwdg.o
    0x20011410        -       0x00000108   Zero   RW          849    .bss                spi.o
    0x20011518        -       0x000000e0   Zero   RW          903    .bss                usart.o
    0x200115f8        -       0x00000040   Zero   RW         1074    .bss                stm32f4xx_hal_timebase_tim.o
    0x20011638        -       0x00000020   Zero   RW         1570    .bss                stm32f4xx_hal_flash.o
    0x20011658        -       0x00000040   Zero   RW         4905    .bss                queue.o
    0x20011698        -       0x000004c4   Zero   RW         5321    .bss                tasks.o
    0x20011b5c        -       0x00000118   Zero   RW         5637    .bss                timers.o
    0x20011c74        -       0x000006b8   Zero   RW         5834    .bss                cmsis_os2.o
    0x2001232c        -       0x00003c00   Zero   RW         6197    .bss                heap_4.o
    0x20015f2c   COMPRESSED   0x00000004   PAD
    0x20015f30        -       0x00000400   Zero   RW            1    STACK               startup_stm32f427xx.o


==============================================================================

Image component sizes


      Code (inc. data)   RO Data    RW Data    ZI Data      Debug   Object Name

       144         26          0          0         72       1553   adc.o
      1524         92          0          4       1720      29825   cmsis_os2.o
      2772       1040        323        148       2464      44347   command.o
       714        150          0       1024       1024     795678   common.o
        44          4          0          0          0        766   dma.o
         0          0          0          0          0      20120   event_groups.o
       154          8          0          0          0       2273   flash_if.o
      2084        630        446         52          0       6844   freertos.o
       440          6          0          0          0       5141   functions.o
       384         34          0          0          0       1147   gpio.o
       460         24          0         24      15360       4807   heap_4.o
       444         50          0          0        168       2494   i2c.o
        44          8          0          0         12        719   iwdg.o
       138          0          0          0          0       3582   list.o
      2020        828         59          2         32       4945   main.o
       786         82          0         12          0      11657   port.o
      2732         28          0          0         64      31965   queue.o
       428         52          0          0        264       3019   spi.o
        36          8        428          0       1024        840   startup_stm32f427xx.o
       116         18          0         12          0       8898   stm32f4xx_hal.o
      1200         60          0          0          0       5957   stm32f4xx_hal_adc.o
       158         14          0          0          0      33186   stm32f4xx_hal_cortex.o
      1080         16          8          0          0       7402   stm32f4xx_hal_dma.o
       746         74          0          0         32       8028   stm32f4xx_hal_flash.o
       336         22          0          0          0       4221   stm32f4xx_hal_flash_ex.o
       504         60          0          0          0       3620   stm32f4xx_hal_gpio.o
      2174         52          0          0          0      12950   stm32f4xx_hal_i2c.o
       128          0          0          0          0       1875   stm32f4xx_hal_i2c_ex.o
        94          0          0          0          0       1775   stm32f4xx_hal_iwdg.o
        76          6          0          0          0        866   stm32f4xx_hal_msp.o
       112         14          0          0          0       1300   stm32f4xx_hal_pwr_ex.o
      1392         88          0          0          0       5929   stm32f4xx_hal_rcc.o
       128          0          0          0          0       1175   stm32f4xx_hal_spi.o
       656         44          0          0          0       7312   stm32f4xx_hal_tim.o
         4          0          0          0          0       1621   stm32f4xx_hal_tim_ex.o
       116         16          0          0         64       1412   stm32f4xx_hal_timebase_tim.o
      1738         30          0          0          0      14431   stm32f4xx_hal_uart.o
        66         18          0          0          0       5596   stm32f4xx_it.o
         0          0          0          0          0       8880   stream_buffer.o
        24          4         24          4          0       1167   system_stm32f4xx.o
      2668        226          0         60       1220      29405   tasks.o
       912         82          0         20        280      26287   timers.o
       388         54          0          0        224       3143   usart.o

    ----------------------------------------------------------------------
     30216       3968       1332       1364      24028    1168158   Object Totals
         0          0         32          0          0          0   (incl. Generated)
        52          0         12          2          4          0   (incl. Padding)

    ----------------------------------------------------------------------

      Code (inc. data)   RO Data    RW Data    ZI Data      Debug   Library Member Name

        86          0          0          0          0          0   __dczerorl2.o
         0          0          0          0          0          0   entry.o
         0          0          0          0          0          0   entry10a.o
         0          0          0          0          0          0   entry11a.o
         8          4          0          0          0          0   entry2.o
         4          0          0          0          0          0   entry5.o
         0          0          0          0          0          0   entry7b.o
         0          0          0          0          0          0   entry8b.o
         8          4          0          0          0          0   entry9a.o
        30          0          0          0          0          0   handlers.o
        36          8          0          0          0         68   init.o
         0          0          0          0          0          0   iusefp.o
        30          0          0          0          0         68   llshl.o
        36          0          0          0          0         68   llsshr.o
        32          0          0          0          0         68   llushr.o
        36          0          0          0          0         68   memcpya.o
        36          0          0          0          0        108   memseta.o
      1172         50          0          0          0        420   printf8.o
        28          0          0          0          0         76   strcmp.o
        18          0          0          0          0         68   strcpy.o
        14          0          0          0          0         68   strlen.o
        98          0          0          0          0         92   uldiv.o
       334          0          0          0          0        148   dadd.o
       222          0          0          0          0        100   ddiv.o
       186          0          0          0          0        176   depilogue.o
        62          0          0          0          0         80   dfixi.o
        26          0          0          0          0         76   dfltui.o
       228          0          0          0          0         96   dmul.o

    ----------------------------------------------------------------------
      2736         66          0          0          0       1848   Library Totals
         6          0          0          0          0          0   (incl. Padding)

    ----------------------------------------------------------------------

      Code (inc. data)   RO Data    RW Data    ZI Data      Debug   Library Name

      1672         66          0          0          0       1172   mc_w.l
      1058          0          0          0          0        676   mf_w.l

    ----------------------------------------------------------------------
      2736         66          0          0          0       1848   Library Totals

    ----------------------------------------------------------------------

==============================================================================


      Code (inc. data)   RO Data    RW Data    ZI Data      Debug   

     32952       4034       1332       1364      24028    1143554   Grand Totals
     32952       4034       1332       1120      24028    1143554   ELF Image Totals (compressed)
     32952       4034       1332       1120          0          0   ROM Totals

==============================================================================

    Total RO  Size (Code + RO Data)                34284 (  33.48kB)
    Total RW  Size (RW Data + ZI Data)             25392 (  24.80kB)
    Total ROM Size (Code + RO Data + RW Data)      35404 (  34.57kB)

==============================================================================

