Component: ARM Compiler 5.06 update 6 (build 750) Tool: armlink [4d35ed]

==============================================================================

Section Cross References

    startup_stm32f205xx.o(RESET) refers to startup_stm32f205xx.o(STACK) for __initial_sp
    startup_stm32f205xx.o(RESET) refers to startup_stm32f205xx.o(.text) for Reset_Handler
    startup_stm32f205xx.o(RESET) refers to stm32f2xx_it.o(i.NMI_Handler) for NMI_Handler
    startup_stm32f205xx.o(RESET) refers to stm32f2xx_it.o(i.HardFault_Handler) for HardFault_Handler
    startup_stm32f205xx.o(RESET) refers to stm32f2xx_it.o(i.MemManage_Handler) for MemManage_Handler
    startup_stm32f205xx.o(RESET) refers to stm32f2xx_it.o(i.BusFault_Handler) for BusFault_Handler
    startup_stm32f205xx.o(RESET) refers to stm32f2xx_it.o(i.UsageFault_Handler) for UsageFault_Handler
    startup_stm32f205xx.o(RESET) refers to stm32f2xx_it.o(i.SVC_Handler) for SVC_Handler
    startup_stm32f205xx.o(RESET) refers to stm32f2xx_it.o(i.DebugMon_Handler) for DebugMon_Handler
    startup_stm32f205xx.o(RESET) refers to stm32f2xx_it.o(i.PendSV_Handler) for PendSV_Handler
    startup_stm32f205xx.o(RESET) refers to stm32f2xx_it.o(i.SysTick_Handler) for SysTick_Handler
    startup_stm32f205xx.o(RESET) refers to stm32f2xx_it.o(i.TIM2_IRQHandler) for TIM2_IRQHandler
    startup_stm32f205xx.o(RESET) refers to stm32f2xx_it.o(i.TIM3_IRQHandler) for TIM3_IRQHandler
    startup_stm32f205xx.o(RESET) refers to stm32f2xx_it.o(i.USART1_IRQHandler) for USART1_IRQHandler
    startup_stm32f205xx.o(RESET) refers to stm32f2xx_it.o(i.USART2_IRQHandler) for USART2_IRQHandler
    startup_stm32f205xx.o(.text) refers to system_stm32f2xx.o(i.SystemInit) for SystemInit
    startup_stm32f205xx.o(.text) refers to entry.o(.ARM.Collect$$$$00000000) for __main
    main.o(i.HAL_TIM_PeriodElapsedCallback) refers to stm32f2xx_hal_gpio.o(i.HAL_GPIO_TogglePin) for HAL_GPIO_TogglePin
    main.o(i.HAL_TIM_PeriodElapsedCallback) refers to stm32f2xx_hal_gpio.o(i.HAL_GPIO_WritePin) for HAL_GPIO_WritePin
    main.o(i.HAL_TIM_PeriodElapsedCallback) refers to main.o(.data) for .data
    main.o(i.HAL_UART_RxCpltCallback) refers to stm32f2xx_hal_uart.o(i.HAL_UART_Receive_IT) for HAL_UART_Receive_IT
    main.o(i.HAL_UART_RxCpltCallback) refers to usart.o(.data) for usart1_tr
    main.o(i.HAL_UART_RxCpltCallback) refers to main.o(.data) for .data
    main.o(i.HAL_UART_RxCpltCallback) refers to usart.o(.bss) for huart1
    main.o(i.SystemClock_Config) refers to memseta.o(.text) for __aeabi_memclr4
    main.o(i.SystemClock_Config) refers to stm32f2xx_hal_rcc.o(i.HAL_RCC_OscConfig) for HAL_RCC_OscConfig
    main.o(i.SystemClock_Config) refers to stm32f2xx_hal_rcc.o(i.HAL_RCC_ClockConfig) for HAL_RCC_ClockConfig
    main.o(i.main) refers to stm32f2xx_hal.o(i.HAL_Init) for HAL_Init
    main.o(i.main) refers to main.o(i.SystemClock_Config) for SystemClock_Config
    main.o(i.main) refers to gpio.o(i.MX_GPIO_Init) for MX_GPIO_Init
    main.o(i.main) refers to tim.o(i.MX_TIM3_Init) for MX_TIM3_Init
    main.o(i.main) refers to usart.o(i.MX_USART1_UART_Init) for MX_USART1_UART_Init
    main.o(i.main) refers to usart.o(i.MX_USART2_UART_Init) for MX_USART2_UART_Init
    main.o(i.main) refers to tim.o(i.MX_TIM2_Init) for MX_TIM2_Init
    main.o(i.main) refers to main.o(i.rb_init) for rb_init
    main.o(i.main) refers to stm32f2xx_hal_tim.o(i.HAL_TIM_Base_Start_IT) for HAL_TIM_Base_Start_IT
    main.o(i.main) refers to stm32f2xx_hal_gpio.o(i.HAL_GPIO_WritePin) for HAL_GPIO_WritePin
    main.o(i.main) refers to printfa.o(i.__0sprintf) for __2sprintf
    main.o(i.main) refers to strlen.o(.text) for strlen
    main.o(i.main) refers to usart.o(i.serial_tx) for serial_tx
    main.o(i.main) refers to stm32f2xx_hal_uart.o(i.HAL_UART_Transmit) for HAL_UART_Transmit
    main.o(i.main) refers to usart.o(i.serial_available) for serial_available
    main.o(i.main) refers to usart.o(i.serial_read) for serial_read
    main.o(i.main) refers to cmd.o(i.process_cmd) for process_cmd
    main.o(i.main) refers to usart.o(.data) for usart1_tr
    main.o(i.main) refers to main.o(.data) for .data
    main.o(i.main) refers to usart.o(.bss) for huart1
    main.o(i.main) refers to tim.o(.bss) for htim3
    main.o(i.main) refers to main.o(.bss) for .bss
    main.o(.data) refers to main.o(.conststring) for .conststring
    main.o(.data) refers to function.o(i.cmd_upgrade) for cmd_upgrade
    main.o(.data) refers to function.o(i.cmd_version) for cmd_version
    main.o(.data) refers to function.o(i.cmd_reset) for cmd_reset
    main.o(.data) refers to function.o(i.cmd_temp) for cmd_temp
    main.o(.data) refers to function.o(i.cmd_device_status) for cmd_device_status
    main.o(.data) refers to function.o(i.cmd_time) for cmd_time
    main.o(.data) refers to function.o(i.cmd_log) for cmd_log
    main.o(.data) refers to function.o(i.cmd_for_debug) for cmd_for_debug
    main.o(.data) refers to cmd.o(i.cmd_help) for cmd_help
[...]
    ../Drivers/STM32F2xx_HAL_Driver/Src/stm32f2xx_hal_tim.c 0x00000000   Number         0  stm32f2xx_hal_tim.o ABSOLUTE
    ../Drivers/STM32F2xx_HAL_Driver/Src/stm32f2xx_hal_tim_ex.c 0x00000000   Number         0  stm32f2xx_hal_tim_ex.o ABSOLUTE
    ../Drivers/STM32F2xx_HAL_Driver/Src/stm32f2xx_hal_uart.c 0x00000000   Number         0  stm32f2xx_hal_uart.o ABSOLUTE
    ../Src/gpio.c                            0x00000000   Number         0  gpio.o ABSOLUTE
    ../Src/main.c                            0x00000000   Number         0  main.o ABSOLUTE
    ../Src/stm32f2xx_hal_msp.c               0x00000000   Number         0  stm32f2xx_hal_msp.o ABSOLUTE
    ../Src/stm32f2xx_it.c                    0x00000000   Number         0  stm32f2xx_it.o ABSOLUTE
    ../Src/system_stm32f2xx.c                0x00000000   Number         0  system_stm32f2xx.o ABSOLUTE
    ../Src/tim.c                             0x00000000   Number         0  tim.o ABSOLUTE
    ../Src/usart.c                           0x00000000   Number         0  usart.o ABSOLUTE
    ../clib/../cmprslib/zerorunl2.c          0x00000000   Number         0  __dczerorl2.o ABSOLUTE
    ../clib/microlib/ctype/ctype.c           0x00000000   Number         0  iscntrl_o.o ABSOLUTE
    ../clib/microlib/ctype/ctype.c           0x00000000   Number         0  isalpha_o.o ABSOLUTE
    ../clib/microlib/ctype/ctype.c           0x00000000   Number         0  isdigit_o.o ABSOLUTE
    ../clib/microlib/ctype/ctype.c           0x00000000   Number         0  isalnum_o.o ABSOLUTE
    ../clib/microlib/ctype/ctype.c           0x00000000   Number         0  ctype_o.o ABSOLUTE
    ../clib/microlib/ctype/ctype.c           0x00000000   Number         0  isxdigit_o.o ABSOLUTE
    ../clib/microlib/ctype/ctype.c           0x00000000   Number         0  isupper_o.o ABSOLUTE
    ../clib/microlib/ctype/ctype.c           0x00000000   Number         0  isspace_o.o ABSOLUTE
    ../clib/microlib/ctype/ctype.c           0x00000000   Number         0  ispunct_o.o ABSOLUTE
    ../clib/microlib/ctype/ctype.c           0x00000000   Number         0  ctype_c.o ABSOLUTE
    ../clib/microlib/ctype/ctype.c           0x00000000   Number         0  isspace_c.o ABSOLUTE
    ../clib/microlib/ctype/ctype.c           0x00000000   Number         0  isprint_o.o ABSOLUTE
    ../clib/microlib/ctype/ctype.c           0x00000000   Number         0  islower_o.o ABSOLUTE
    ../clib/microlib/ctype/ctype.c           0x00000000   Number         0  isgraph_o.o ABSOLUTE
    ../clib/microlib/ctype/ctype.c           0x00000000   Number         0  isblank_o.o ABSOLUTE
    ../clib/microlib/ctype/tolower.c         0x00000000   Number         0  tolower.o ABSOLUTE
    ../clib/microlib/division.c              0x00000000   Number         0  uidiv.o ABSOLUTE
    ../clib/microlib/division.c              0x00000000   Number         0  uldiv.o ABSOLUTE
    ../clib/microlib/errno.c                 0x00000000   Number         0  errno.o ABSOLUTE
    ../clib/microlib/init/entry.s            0x00000000   Number         0  entry10b.o ABSOLUTE
    ../clib/microlib/init/entry.s            0x00000000   Number         0  entry9a.o ABSOLUTE
    ../clib/microlib/init/entry.s            0x00000000   Number         0  entry9b.o ABSOLUTE
    ../clib/microlib/init/entry.s            0x00000000   Number         0  entry10a.o ABSOLUTE
    ../clib/microlib/init/entry.s            0x00000000   Number         0  entry11b.o ABSOLUTE
    ../clib/microlib/init/entry.s            0x00000000   Number         0  entry11a.o ABSOLUTE
    ../clib/microlib/init/entry.s            0x00000000   Number         0  entry2.o ABSOLUTE
    ../clib/microlib/init/entry.s            0x00000000   Number         0  entry8a.o ABSOLUTE
    ../clib/microlib/init/entry.s            0x00000000   Number         0  entry7a.o ABSOLUTE
    ../clib/microlib/init/entry.s            0x00000000   Number         0  entry7b.o ABSOLUTE
    ../clib/microlib/init/entry.s            0x00000000   Number         0  entry8b.o ABSOLUTE
    ../clib/microlib/init/entry.s            0x00000000   Number         0  entry5.o ABSOLUTE
    ../clib/microlib/init/entry.s            0x00000000   Number         0  entry.o ABSOLUTE
    ../clib/microlib/longlong.c              0x00000000   Number         0  llushr.o ABSOLUTE
    ../clib/microlib/longlong.c              0x00000000   Number         0  llsshr.o ABSOLUTE
    ../clib/microlib/longlong.c              0x00000000   Number         0  llshl.o ABSOLUTE
    ../clib/microlib/printf/printf.c         0x00000000   Number         0  printf6.o ABSOLUTE
    ../clib/microlib/printf/printf.c         0x00000000   Number         0  printf1.o ABSOLUTE
    ../clib/microlib/printf/printf.c         0x00000000   Number         0  printf7.o ABSOLUTE
    ../clib/microlib/printf/printf.c         0x00000000   Number         0  printf8.o ABSOLUTE
    ../clib/microlib/printf/printf.c         0x00000000   Number         0  printfa.o ABSOLUTE
    ../clib/microlib/printf/printf.c         0x00000000   Number         0  printf2.o ABSOLUTE
    ../clib/microlib/printf/printf.c         0x00000000   Number         0  printfb.o ABSOLUTE
    ../clib/microlib/printf/printf.c         0x00000000   Number         0  printf0.o ABSOLUTE
    ../clib/microlib/printf/printf.c         0x00000000   Number         0  printf4.o ABSOLUTE
    ../clib/microlib/printf/printf.c         0x00000000   Number         0  printf3.o ABSOLUTE
    ../clib/microlib/printf/printf.c         0x00000000   Number         0  printf5.o ABSOLUTE
    ../clib/microlib/printf/stubs.s          0x00000000   Number         0  stubs.o ABSOLUTE
    ../clib/microlib/stdio/fputc.c           0x00000000   Number         0  fputc.o ABSOLUTE
    ../clib/microlib/stdio/semi.s            0x00000000   Number         0  semi.o ABSOLUTE
    ../clib/microlib/stdio/streams.c         0x00000000   Number         0  stdout.o ABSOLUTE
    ../clib/microlib/string/memcpy.c         0x00000000   Number         0  memcpya.o ABSOLUTE
    ../clib/microlib/string/memcpy.c         0x00000000   Number         0  memcpyb.o ABSOLUTE
    ../clib/microlib/string/memset.c         0x00000000   Number         0  memseta.o ABSOLUTE
    ../clib/microlib/string/strcasecmp.c     0x00000000   Number         0  strcasecmp.o ABSOLUTE
    ../clib/microlib/string/strcmp.c         0x00000000   Number         0  strcmp.o ABSOLUTE
    ../clib/microlib/string/strlen.c         0x00000000   Number         0  strlen.o ABSOLUTE
    ../clib/microlib/string/strtok.c         0x00000000   Number         0  strtok_r.o ABSOLUTE
    ../clib/microlib/string/strtok.c         0x00000000   Number         0  strtok.o ABSOLUTE
    ../clib/microlib/stubs.s                 0x00000000   Number         0  iusefp.o ABSOLUTE
    ../clib/microlib/stubs.s                 0x00000000   Number         0  iusesemip.o ABSOLUTE
    ../clib/scanf.c                          0x00000000   Number         0  _chval.o ABSOLUTE
    ../clib/scanf.c                          0x00000000   Number         0  __0sscanf.o ABSOLUTE
    ../clib/scanf.c                          0x00000000   Number         0  _scanf_int.o ABSOLUTE
    ../clib/scanf.c                          0x00000000   Number         0  _strtoul.o ABSOLUTE
    ../clib/scanf.c                          0x00000000   Number         0  scanf_char.o ABSOLUTE
    ../clib/scanf.c                          0x00000000   Number         0  _sgetc.o ABSOLUTE
    ../clib/scanf.c                          0x00000000   Number         0  strtoul.o ABSOLUTE
    ../clib/scanf.c                          0x00000000   Number         0  _scanf.o ABSOLUTE
    ../fplib/microlib/fpadd.c                0x00000000   Number         0  dadd.o ABSOLUTE
    ../fplib/microlib/fpdiv.c                0x00000000   Number         0  ddiv.o ABSOLUTE
    ../fplib/microlib/fpepilogue.c           0x00000000   Number         0  depilogue.o ABSOLUTE
    ../fplib/microlib/fpfix.c                0x00000000   Number         0  dfixul.o ABSOLUTE
    ../fplib/microlib/fpflt.c                0x00000000   Number         0  dfltui.o ABSOLUTE
    ../fplib/microlib/fpmul.c                0x00000000   Number         0  dmul.o ABSOLUTE
    ..\Drivers\STM32F2xx_HAL_Driver\Src\stm32f2xx_hal.c 0x00000000   Number         0  stm32f2xx_hal.o ABSOLUTE
    ..\Drivers\STM32F2xx_HAL_Driver\Src\stm32f2xx_hal_cortex.c 0x00000000   Number         0  stm32f2xx_hal_cortex.o ABSOLUTE
    ..\Drivers\STM32F2xx_HAL_Driver\Src\stm32f2xx_hal_dma.c 0x00000000   Number         0  stm32f2xx_hal_dma.o ABSOLUTE
    ..\Drivers\STM32F2xx_HAL_Driver\Src\stm32f2xx_hal_dma_ex.c 0x00000000   Number         0  stm32f2xx_hal_dma_ex.o ABSOLUTE
    ..\Drivers\STM32F2xx_HAL_Driver\Src\stm32f2xx_hal_exti.c 0x00000000   Number         0  stm32f2xx_hal_exti.o ABSOLUTE
    ..\Drivers\STM32F2xx_HAL_Driver\Src\stm32f2xx_hal_flash.c 0x00000000   Number         0  stm32f2xx_hal_flash.o ABSOLUTE
    ..\Drivers\STM32F2xx_HAL_Driver\Src\stm32f2xx_hal_flash_ex.c 0x00000000   Number         0  stm32f2xx_hal_flash_ex.o ABSOLUTE
    ..\Drivers\STM32F2xx_HAL_Driver\Src\stm32f2xx_hal_gpio.c 0x00000000   Number         0  stm32f2xx_hal_gpio.o ABSOLUTE
    ..\Drivers\STM32F2xx_HAL_Driver\Src\stm32f2xx_hal_pwr.c 0x00000000   Number         0  stm32f2xx_hal_pwr.o ABSOLUTE
    ..\Drivers\STM32F2xx_HAL_Driver\Src\stm32f2xx_hal_pwr_ex.c 0x00000000   Number         0  stm32f2xx_hal_pwr_ex.o ABSOLUTE
    ..\Drivers\STM32F2xx_HAL_Driver\Src\stm32f2xx_hal_rcc.c 0x00000000   Number         0  stm32f2xx_hal_rcc.o ABSOLUTE
    ..\Drivers\STM32F2xx_HAL_Driver\Src\stm32f2xx_hal_rcc_ex.c 0x00000000   Number         0  stm32f2xx_hal_rcc_ex.o ABSOLUTE
    ..\Drivers\STM32F2xx_HAL_Driver\Src\stm32f2xx_hal_tim.c 0x00000000   Number         0  stm32f2xx_hal_tim.o ABSOLUTE
    ..\Drivers\STM32F2xx_HAL_Driver\Src\stm32f2xx_hal_tim_ex.c 0x00000000   Number         0  stm32f2xx_hal_tim_ex.o ABSOLUTE
    ..\Drivers\STM32F2xx_HAL_Driver\Src\stm32f2xx_hal_uart.c 0x00000000   Number         0  stm32f2xx_hal_uart.o ABSOLUTE
    ..\Src\cmd.c                             0x00000000   Number         0  cmd.o ABSOLUTE
    ..\Src\function.c                        0x00000000   Number         0  function.o ABSOLUTE
    ..\Src\gpio.c                            0x00000000   Number         0  gpio.o ABSOLUTE
    ..\Src\main.c                            0x00000000   Number         0  main.o ABSOLUTE
    ..\Src\stm32f2xx_hal_msp.c               0x00000000   Number         0  stm32f2xx_hal_msp.o ABSOLUTE
    ..\Src\stm32f2xx_it.c                    0x00000000   Number         0  stm32f2xx_it.o ABSOLUTE
    ..\Src\system_stm32f2xx.c                0x00000000   Number         0  system_stm32f2xx.o ABSOLUTE
    ..\Src\tim.c                             0x00000000   Number         0  tim.o ABSOLUTE
    ..\Src\usart.c                           0x00000000   Number         0  usart.o ABSOLUTE
    ..\\Src\\cmd.c                           0x00000000   Number         0  cmd.o ABSOLUTE
    ..\\Src\\function.c                      0x00000000   Number         0  function.o ABSOLUTE
    cdrcmple.s                               0x00000000   Number         0  cdrcmple.o ABSOLUTE
    dc.s                                     0x00000000   Number         0  dc.o ABSOLUTE
    handlers.s                               0x00000000   Number         0  handlers.o ABSOLUTE
    init.s                                   0x00000000   Number         0  init.o ABSOLUTE
    startup_stm32f205xx.s                    0x00000000   Number         0  startup_stm32f205xx.o ABSOLUTE
    RESET                                    0x08000000   Section      388  startup_stm32f205xx.o(RESET)
    .ARM.Collect$$$$00000000                 0x08000184   Section        0  entry.o(.ARM.Collect$$$$00000000)
    .ARM.Collect$$$$00000001                 0x08000184   Section        4  entry2.o(.ARM.Collect$$$$00000001)
    .ARM.Collect$$$$00000004                 0x08000188   Section        4  entry5.o(.ARM.Collect$$$$00000004)
    .ARM.Collect$$$$00000008                 0x0800018c   Section        0  entry7b.o(.ARM.Collect$$$$00000008)
    .ARM.Collect$$$$0000000A                 0x0800018c   Section        0  entry8b.o(.ARM.Collect$$$$0000000A)
    .ARM.Collect$$$$0000000B                 0x0800018c   Section        8  entry9a.o(.ARM.Collect$$$$0000000B)
    .ARM.Collect$$$$0000000D                 0x08000194   Section        0  entry10a.o(.ARM.Collect$$$$0000000D)
    .ARM.Collect$$$$0000000F                 0x08000194   Section        0  entry11a.o(.ARM.Collect$$$$0000000F)
    .ARM.Collect$$$$00002712                 0x08000194   Section        4  entry2.o(.ARM.Collect$$$$00002712)
    __lit__00000000                          0x08000194   Data           4  entry2.o(.ARM.Collect$$$$00002712)
    .text                                    0x08000198   Section       36  startup_stm32f205xx.o(.text)
    .text                                    0x080001bc   Section        0  uldiv.o(.text)
    .text                                    0x0800021e   Section        0  memcpya.o(.text)
    .text                                    0x08000242   Section        0  memseta.o(.text)
    .text                                    0x08000266   Section        0  strlen.o(.text)
    .text                                    0x08000274   Section        0  strcmp.o(.text)
    .text                                    0x08000290   Section        0  strtok.o(.text)
    .text                                    0x080002d4   Section        0  strcasecmp.o(.text)
    .text                                    0x08000300   Section        0  __0sscanf.o(.text)
    .text                                    0x08000338   Section        0  _scanf_int.o(.text)
    .text                                    0x08000484   Section        0  strtoul.o(.text)
    .text                                    0x080004f6   Section        0  ddiv.o(.text)
    .text                                    0x080005d4   Section        0  dfltui.o(.text)
    .text                                    0x080005ee   Section        0  uidiv.o(.text)
    .text                                    0x0800061a   Section        0  llshl.o(.text)
    .text                                    0x08000638   Section        0  llushr.o(.text)
    .text                                    0x08000658   Section        0  ctype_o.o(.text)
    .text                                    0x08000660   Section        0  isspace_o.o(.text)
    .text                                    0x08000672   Section        0  tolower.o(.text)
    .text                                    0x0800067e   Section        0  _chval.o(.text)
    .text                                    0x0800069c   Section        0  scanf_char.o(.text)
    _scanf_char_input                        0x0800069d   Thumb Code    12  scanf_char.o(.text)
    .text                                    0x080006c4   Section        0  _sgetc.o(.text)
    .text                                    0x08000704   Section        0  _strtoul.o(.text)
    .text                                    0x080007a2   Section        0  depilogue.o(.text)
    .text                                    0x080007a2   Section        0  iusefp.o(.text)
    .text                                    0x0800085c   Section        0  dadd.o(.text)
    .text                                    0x080009aa   Section        0  dmul.o(.text)
    .text                                    0x08000a8e   Section        0  dfixul.o(.text)
    .text                                    0x08000ac0   Section       48  cdrcmple.o(.text)
    .text                                    0x08000af0   Section       36  init.o(.text)
    .text                                    0x08000b14   Section        0  llsshr.o(.text)
    .text                                    0x08000b38   Section        0  _scanf.o(.text)
    .text                                    0x08000e64   Section        0  __dczerorl2.o(.text)
    i.BE32_To_Buffer                         0x08000eba   Section        0  function.o(i.BE32_To_Buffer)
    i.Buffer_To_BE32                         0x08000eca   Section        0  function.o(i.Buffer_To_BE32)
    i.BusFault_Handler                       0x08000ed8   Section        0  stm32f2xx_it.o(i.BusFault_Handler)
    i.Cal_CRC32                              0x08000edc   Section        0  function.o(i.Cal_CRC32)
    i.DebugMon_Handler                       0x08000f04   Section        0  stm32f2xx_it.o(i.DebugMon_Handler)
    i.Error_Handler                          0x08000f06   Section        0  main.o(i.Error_Handler)
    i.HAL_DMA_Abort_IT                       0x08000f08   Section        0  stm32f2xx_hal_dma.o(i.HAL_DMA_Abort_IT)
    i.HAL_Delay                              0x08000f2c   Section        0  stm32f2xx_hal.o(i.HAL_Delay)
    i.HAL_GPIO_Init                          0x08000f50   Section        0  stm32f2xx_hal_gpio.o(i.HAL_GPIO_Init)
    i.HAL_GPIO_TogglePin                     0x0800113c   Section        0  stm32f2xx_hal_gpio.o(i.HAL_GPIO_TogglePin)
    i.HAL_GPIO_WritePin                      0x08001148   Section        0  stm32f2xx_hal_gpio.o(i.HAL_GPIO_WritePin)
    i.HAL_GetTick                            0x08001154   Section        0  stm32f2xx_hal.o(i.HAL_GetTick)
    i.HAL_IncTick                            0x08001160   Section        0  stm32f2xx_hal.o(i.HAL_IncTick)
    i.HAL_Init                               0x08001170   Section        0  stm32f2xx_hal.o(i.HAL_Init)
    i.HAL_InitTick                           0x080011a4   Section        0  stm32f2xx_hal.o(i.HAL_InitTick)
    i.HAL_MspInit                            0x080011e4   Section        0  stm32f2xx_hal_msp.o(i.HAL_MspInit)
    i.HAL_NVIC_EnableIRQ                     0x08001214   Section        0  stm32f2xx_hal_cortex.o(i.HAL_NVIC_EnableIRQ)
    i.HAL_NVIC_SetPriority                   0x08001230   Section        0  stm32f2xx_hal_cortex.o(i.HAL_NVIC_SetPriority)
    i.HAL_NVIC_SetPriorityGrouping           0x08001270   Section        0  stm32f2xx_hal_cortex.o(i.HAL_NVIC_SetPriorityGrouping)
    i.HAL_RCC_ClockConfig                    0x08001294   Section        0  stm32f2xx_hal_rcc.o(i.HAL_RCC_ClockConfig)
    i.HAL_RCC_GetPCLK1Freq                   0x080013d0   Section        0  stm32f2xx_hal_rcc.o(i.HAL_RCC_GetPCLK1Freq)
    i.HAL_RCC_GetPCLK2Freq                   0x08001400   Section        0  stm32f2xx_hal_rcc.o(i.HAL_RCC_GetPCLK2Freq)
    i.HAL_RCC_GetSysClockFreq                0x08001430   Section        0  stm32f2xx_hal_rcc.o(i.HAL_RCC_GetSysClockFreq)
    i.HAL_RCC_OscConfig                      0x08001494   Section        0  stm32f2xx_hal_rcc.o(i.HAL_RCC_OscConfig)
    i.HAL_SYSTICK_Config                     0x080017e0   Section        0  stm32f2xx_hal_cortex.o(i.HAL_SYSTICK_Config)
    i.HAL_TIMEx_BreakCallback                0x08001808   Section        0  stm32f2xx_hal_tim_ex.o(i.HAL_TIMEx_BreakCallback)
    i.HAL_TIMEx_CommutCallback               0x0800180a   Section        0  stm32f2xx_hal_tim_ex.o(i.HAL_TIMEx_CommutCallback)
    i.HAL_TIMEx_MasterConfigSynchronization  0x0800180c   Section        0  stm32f2xx_hal_tim_ex.o(i.HAL_TIMEx_MasterConfigSynchronization)
    i.HAL_TIM_Base_Init                      0x0800184e   Section        0  stm32f2xx_hal_tim.o(i.HAL_TIM_Base_Init)
    i.HAL_TIM_Base_MspInit                   0x08001884   Section        0  tim.o(i.HAL_TIM_Base_MspInit)
    i.HAL_TIM_Base_Start_IT                  0x080018e4   Section        0  stm32f2xx_hal_tim.o(i.HAL_TIM_Base_Start_IT)
    i.HAL_TIM_ConfigClockSource              0x08001906   Section        0  stm32f2xx_hal_tim.o(i.HAL_TIM_ConfigClockSource)
    i.HAL_TIM_IC_CaptureCallback             0x080019dc   Section        0  stm32f2xx_hal_tim.o(i.HAL_TIM_IC_CaptureCallback)
    i.HAL_TIM_IRQHandler                     0x080019de   Section        0  stm32f2xx_hal_tim.o(i.HAL_TIM_IRQHandler)
    i.HAL_TIM_OC_DelayElapsedCallback        0x08001b44   Section        0  stm32f2xx_hal_tim.o(i.HAL_TIM_OC_DelayElapsedCallback)
    i.HAL_TIM_PWM_PulseFinishedCallback      0x08001b46   Section        0  stm32f2xx_hal_tim.o(i.HAL_TIM_PWM_PulseFinishedCallback)
    i.HAL_TIM_PeriodElapsedCallback          0x08001b48   Section        0  main.o(i.HAL_TIM_PeriodElapsedCallback)
    i.HAL_TIM_TriggerCallback                0x08001bf0   Section        0  stm32f2xx_hal_tim.o(i.HAL_TIM_TriggerCallback)
    i.HAL_UART_ErrorCallback                 0x08001bf2   Section        0  stm32f2xx_hal_uart.o(i.HAL_UART_ErrorCallback)
    i.HAL_UART_IRQHandler                    0x08001bf4   Section        0  stm32f2xx_hal_uart.o(i.HAL_UART_IRQHandler)
    i.HAL_UART_Init                          0x08001d04   Section        0  stm32f2xx_hal_uart.o(i.HAL_UART_Init)
    i.HAL_UART_MspInit                       0x08001d68   Section        0  usart.o(i.HAL_UART_MspInit)
    i.HAL_UART_Receive                       0x08001e30   Section        0  stm32f2xx_hal_uart.o(i.HAL_UART_Receive)
    i.HAL_UART_Receive_IT                    0x08001ee8   Section        0  stm32f2xx_hal_uart.o(i.HAL_UART_Receive_IT)
    i.HAL_UART_RxCpltCallback                0x08001f3c   Section        0  main.o(i.HAL_UART_RxCpltCallback)
    i.HAL_UART_Transmit                      0x08001fb4   Section        0  stm32f2xx_hal_uart.o(i.HAL_UART_Transmit)
    i.HAL_UART_TxCpltCallback                0x0800206e   Section        0  stm32f2xx_hal_uart.o(i.HAL_UART_TxCpltCallback)
    i.HardFault_Handler                      0x08002070   Section        0  stm32f2xx_it.o(i.HardFault_Handler)
    i.MX_GPIO_Init                           0x08002074   Section        0  gpio.o(i.MX_GPIO_Init)
    i.MX_TIM2_Init                           0x08002114   Section        0  tim.o(i.MX_TIM2_Init)
    i.MX_TIM3_Init                           0x0800217c   Section        0  tim.o(i.MX_TIM3_Init)
    i.MX_USART1_UART_Init                    0x080021e4   Section        0  usart.o(i.MX_USART1_UART_Init)
    i.MX_USART2_UART_Init                    0x0800221c   Section        0  usart.o(i.MX_USART2_UART_Init)
    i.MemManage_Handler                      0x08002254   Section        0  stm32f2xx_it.o(i.MemManage_Handler)
    i.NMI_Handler                            0x08002256   Section        0  stm32f2xx_it.o(i.NMI_Handler)
    i.PRINT_CHAR                             0x08002258   Section        0  function.o(i.PRINT_CHAR)
    i.PRINT_HEX                              0x080023e4   Section        0  function.o(i.PRINT_HEX)
    i.PendSV_Handler                         0x0800258c   Section        0  stm32f2xx_it.o(i.PendSV_Handler)
    i.SVC_Handler                            0x0800258e   Section        0  stm32f2xx_it.o(i.SVC_Handler)
    i.SysTick_Handler                        0x08002590   Section        0  stm32f2xx_it.o(i.SysTick_Handler)
    i.SystemClock_Config                     0x08002594   Section        0  main.o(i.SystemClock_Config)
    i.SystemInit                             0x080025ec   Section        0  system_stm32f2xx.o(i.SystemInit)
    i.TIM2_IRQHandler                        0x08002634   Section        0  stm32f2xx_it.o(i.TIM2_IRQHandler)
    i.TIM3_IRQHandler                        0x08002640   Section        0  stm32f2xx_it.o(i.TIM3_IRQHandler)
    i.TIM_Base_SetConfig                     0x0800264c   Section        0  stm32f2xx_hal_tim.o(i.TIM_Base_SetConfig)
    i.TIM_ETR_SetConfig                      0x08002714   Section        0  stm32f2xx_hal_tim.o(i.TIM_ETR_SetConfig)
    i.TIM_ITRx_SetConfig                     0x08002728   Section        0  stm32f2xx_hal_tim.o(i.TIM_ITRx_SetConfig)
    TIM_ITRx_SetConfig                       0x08002729   Thumb Code    16  stm32f2xx_hal_tim.o(i.TIM_ITRx_SetConfig)
    i.TIM_TI1_ConfigInputStage               0x08002738   Section        0  stm32f2xx_hal_tim.o(i.TIM_TI1_ConfigInputStage)
    TIM_TI1_ConfigInputStage                 0x08002739   Thumb Code    34  stm32f2xx_hal_tim.o(i.TIM_TI1_ConfigInputStage)
    i.TIM_TI2_ConfigInputStage               0x0800275a   Section        0  stm32f2xx_hal_tim.o(i.TIM_TI2_ConfigInputStage)
    TIM_TI2_ConfigInputStage                 0x0800275b   Thumb Code    36  stm32f2xx_hal_tim.o(i.TIM_TI2_ConfigInputStage)
    i.UART_DMAAbortOnError                   0x0800277e   Section        0  stm32f2xx_hal_uart.o(i.UART_DMAAbortOnError)
    UART_DMAAbortOnError                     0x0800277f   Thumb Code    16  stm32f2xx_hal_uart.o(i.UART_DMAAbortOnError)
    i.UART_EndRxTransfer                     0x0800278e   Section        0  stm32f2xx_hal_uart.o(i.UART_EndRxTransfer)
    UART_EndRxTransfer                       0x0800278f   Thumb Code    28  stm32f2xx_hal_uart.o(i.UART_EndRxTransfer)
    i.UART_Receive_IT                        0x080027aa   Section        0  stm32f2xx_hal_uart.o(i.UART_Receive_IT)
    UART_Receive_IT                          0x080027ab   Thumb Code   150  stm32f2xx_hal_uart.o(i.UART_Receive_IT)
    i.UART_SetConfig                         0x08002840   Section        0  stm32f2xx_hal_uart.o(i.UART_SetConfig)
    UART_SetConfig                           0x08002841   Thumb Code   382  stm32f2xx_hal_uart.o(i.UART_SetConfig)
    i.UART_Transmit_IT                       0x080029c8   Section        0  stm32f2xx_hal_uart.o(i.UART_Transmit_IT)
    UART_Transmit_IT                         0x080029c9   Thumb Code    98  stm32f2xx_hal_uart.o(i.UART_Transmit_IT)
    i.UART_WaitOnFlagUntilTimeout            0x08002a2a   Section        0  stm32f2xx_hal_uart.o(i.UART_WaitOnFlagUntilTimeout)
    UART_WaitOnFlagUntilTimeout              0x08002a2b   Thumb Code   100  stm32f2xx_hal_uart.o(i.UART_WaitOnFlagUntilTimeout)
    i.USART1_IRQHandler                      0x08002a90   Section        0  stm32f2xx_it.o(i.USART1_IRQHandler)
    i.USART2_IRQHandler                      0x08002b30   Section        0  stm32f2xx_it.o(i.USART2_IRQHandler)
    i.UsageFault_Handler                     0x08002b3c   Section        0  stm32f2xx_it.o(i.UsageFault_Handler)
    i.__0sprintf                             0x08002b40   Section        0  printfa.o(i.__0sprintf)
    i.__NVIC_SetPriority                     0x08002b68   Section        0  stm32f2xx_hal_cortex.o(i.__NVIC_SetPriority)
    __NVIC_SetPriority                       0x08002b69   Thumb Code    32  stm32f2xx_hal_cortex.o(i.__NVIC_SetPriority)
    i.__aeabi_errno_addr                     0x08002b88   Section        0  errno.o(i.__aeabi_errno_addr)
    i.__scatterload_copy                     0x08002b90   Section       14  handlers.o(i.__scatterload_copy)
    i.__scatterload_null                     0x08002b9e   Section        2  handlers.o(i.__scatterload_null)
    i.__scatterload_zeroinit                 0x08002ba0   Section       14  handlers.o(i.__scatterload_zeroinit)
    i._fp_digits                             0x08002bb0   Section        0  printfa.o(i._fp_digits)
    _fp_digits                               0x08002bb1   Thumb Code   366  printfa.o(i._fp_digits)
    i._printf_core                           0x08002d34   Section        0  printfa.o(i._printf_core)
    _printf_core                             0x08002d35   Thumb Code  1744  printfa.o(i._printf_core)
    i._printf_post_padding                   0x08003410   Section        0  printfa.o(i._printf_post_padding)
    _printf_post_padding                     0x08003411   Thumb Code    36  printfa.o(i._printf_post_padding)
    i._printf_pre_padding                    0x08003434   Section        0  printfa.o(i._printf_pre_padding)
    _printf_pre_padding                      0x08003435   Thumb Code    46  printfa.o(i._printf_pre_padding)
    i._sputc                                 0x08003462   Section        0  printfa.o(i._sputc)
    _sputc                                   0x08003463   Thumb Code    10  printfa.o(i._sputc)
    i.cmd_device_status                      0x0800346c   Section        0  function.o(i.cmd_device_status)
    i.cmd_for_debug                          0x08003540   Section        0  function.o(i.cmd_for_debug)
    i.cmd_help                               0x08003570   Section        0  cmd.o(i.cmd_help)
    i.cmd_help2                              0x08003680   Section        0  cmd.o(i.cmd_help2)
    i.cmd_log                                0x08003818   Section        0  function.o(i.cmd_log)
    i.cmd_reset                              0x08003864   Section        0  function.o(i.cmd_reset)
    i.cmd_temp                               0x080039d8   Section        0  function.o(i.cmd_temp)
    i.cmd_time                               0x08003a84   Section        0  function.o(i.cmd_time)
    i.cmd_upgrade                            0x08003ad0   Section        0  function.o(i.cmd_upgrade)
    i.cmd_version                            0x08003b4c   Section        0  function.o(i.cmd_version)
    i.debug_dac                              0x08003d10   Section        0  function.o(i.debug_dac)
    i.get_log_time                           0x08004044   Section        0  function.o(i.get_log_time)
    i.log_content                            0x080040c8   Section        0  function.o(i.log_content)
    i.log_packets                            0x080041b4   Section        0  function.o(i.log_packets)
    i.main                                   0x08004250   Section        0  main.o(i.main)
    i.process_cmd                            0x08004490   Section        0  cmd.o(i.process_cmd)
    i.process_command                        0x080045f0   Section        0  function.o(i.process_command)
    i.rb_init                                0x08004904   Section        0  main.o(i.rb_init)
    rb_init                                  0x08004905   Thumb Code    14  main.o(i.rb_init)
    i.rb_is_empty                            0x08004912   Section        0  usart.o(i.rb_is_empty)
    rb_is_empty                              0x08004913   Thumb Code    16  usart.o(i.rb_is_empty)
    i.rb_remove                              0x08004922   Section        0  stm32f2xx_it.o(i.rb_remove)
    rb_remove                                0x08004923   Thumb Code    28  stm32f2xx_it.o(i.rb_remove)
    i.serial_available                       0x08004940   Section        0  usart.o(i.serial_available)
    i.serial_read                            0x08004964   Section        0  usart.o(i.serial_read)
    i.serial_tx                              0x08004988   Section        0  usart.o(i.serial_tx)
    i.set_log_time                           0x08004a20   Section        0  function.o(i.set_log_time)
    i.upgrade_file                           0x08004b24   Section        0  function.o(i.upgrade_file)
    i.upgrade_init                           0x08004dc8   Section        0  function.o(i.upgrade_init)
    i.upgrade_init_with_size                 0x08004e58   Section        0  function.o(i.upgrade_init_with_size)
    i.upgrade_install                        0x08004f34   Section        0  function.o(i.upgrade_install)
    .constdata                               0x08004f60   Section        4  main.o(.constdata)
    .constdata                               0x08004f64   Section       39  function.o(.constdata)
    __func__                                 0x08004f64   Data          23  function.o(.constdata)
    __func__                                 0x08004f7b   Data          16  function.o(.constdata)
    .constdata                               0x08004f8b   Section       16  system_stm32f2xx.o(.constdata)
    .constdata                               0x08004f9b   Section        8  system_stm32f2xx.o(.constdata)
    .constdata                               0x08004fa3   Section      129  ctype_o.o(.constdata)
    .constdata                               0x08005024   Section        4  ctype_o.o(.constdata)
    table                                    0x08005024   Data           4  ctype_o.o(.constdata)
    .conststring                             0x08005028   Section      478  main.o(.conststring)
    .conststring                             0x08005208   Section       67  function.o(.conststring)
    .data                                    0x20000000   Section        8  main.o(.data)
    .data                                    0x20000008   Section      180  main.o(.data)
    .data                                    0x200000bc   Section      520  usart.o(.data)
    usart1_tr_s                              0x200000bc   Data         520  usart.o(.data)
    .data                                    0x200002c4   Section        4  usart.o(.data)
    .data                                    0x200002c8   Section     1032  function.o(.data)
    CRC32_TABLE                              0x200002d0   Data        1024  function.o(.data)
    .data                                    0x200006d0   Section       12  stm32f2xx_hal.o(.data)
    .data                                    0x200006dc   Section        4  system_stm32f2xx.o(.data)
    .data                                    0x200006e0   Section        4  strtok.o(.data)
    state                                    0x200006e0   Data           4  strtok.o(.data)
    .data                                    0x200006e4   Section        4  errno.o(.data)
    _errno                                   0x200006e4   Data           4  errno.o(.data)
    .bss                                     0x200006e8   Section      256  main.o(.bss)
    .bss                                     0x200007e8   Section     1200  main.o(.bss)
    .bss                                     0x20000c98   Section      128  tim.o(.bss)
    .bss                                     0x20000d18   Section      128  usart.o(.bss)
    .bss                                     0x20000d98   Section       12  usart.o(.bss)
    usart1_rb                                0x20000d98   Data          12  usart.o(.bss)
    .bss                                     0x20000da4   Section       12  usart.o(.bss)
    usart1_wb                                0x20000da4   Data          12  usart.o(.bss)
    .bss                                     0x20000db0   Section    53436  function.o(.bss)
    STACK                                    0x2000de70   Section     1024  startup_stm32f205xx.o(STACK)

    Global Symbols

    Symbol Name                              Value     Ov Type        Size  Object(Section)

    BuildAttributes$$THM_ISAv4$P$D$K$B$S$PE$A:L22UL41UL21$X:L11$S22US41US21$IEEE1$IW$USESV6$~STKCKD$USESV7$~SHL$OSPACE$ROPI$EBA8$MICROLIB$REQ8$PRES8$EABIv2 0x00000000   Number         0  anon$$obj.o ABSOLUTE
    __ARM_use_no_argv                        0x00000000   Number         0  main.o ABSOLUTE
    _printf_a                                0x00000000   Number         0  stubs.o ABSOLUTE
    _printf_c                                0x00000000   Number         0  stubs.o ABSOLUTE
    _printf_charcount                        0x00000000   Number         0  stubs.o ABSOLUTE
    _printf_d                                0x00000000   Number         0  stubs.o ABSOLUTE
    _printf_e                                0x00000000   Number         0  stubs.o ABSOLUTE
    _printf_f                                0x00000000   Number         0  stubs.o ABSOLUTE
    _printf_flags                            0x00000000   Number         0  stubs.o ABSOLUTE
    _printf_fp_dec                           0x00000000   Number         0  stubs.o ABSOLUTE
    _printf_fp_hex                           0x00000000   Number         0  stubs.o ABSOLUTE
    _printf_g                                0x00000000   Number         0  stubs.o ABSOLUTE
    _printf_i                                0x00000000   Number         0  stubs.o ABSOLUTE
    _printf_int_dec                          0x00000000   Number         0  stubs.o ABSOLUTE
    _printf_l                                0x00000000   Number         0  stubs.o ABSOLUTE
    _printf_lc                               0x00000000   Number         0  stubs.o ABSOLUTE
    _printf_ll                               0x00000000   Number         0  stubs.o ABSOLUTE
    _printf_lld                              0x00000000   Number         0  stubs.o ABSOLUTE
    _printf_lli                              0x00000000   Number         0  stubs.o ABSOLUTE
    _printf_llo                              0x00000000   Number         0  stubs.o ABSOLUTE
    _printf_llu                              0x00000000   Number         0  stubs.o ABSOLUTE
    _printf_llx                              0x00000000   Number         0  stubs.o ABSOLUTE
    _printf_longlong_dec                     0x00000000   Number         0  stubs.o ABSOLUTE
    _printf_longlong_hex                     0x00000000   Number         0  stubs.o ABSOLUTE
    _printf_longlong_oct                     0x00000000   Number         0  stubs.o ABSOLUTE
    _printf_ls                               0x00000000   Number         0  stubs.o ABSOLUTE
    _printf_mbtowc                           0x00000000   Number         0  stubs.o ABSOLUTE
    _printf_n                                0x00000000   Number         0  stubs.o ABSOLUTE
    _printf_o                                0x00000000   Number         0  stubs.o ABSOLUTE
    _printf_p                                0x00000000   Number         0  stubs.o ABSOLUTE
    _printf_percent                          0x00000000   Number         0  stubs.o ABSOLUTE
    _printf_pre_padding                      0x00000000   Number         0  stubs.o ABSOLUTE
    _printf_return_value                     0x00000000   Number         0  stubs.o ABSOLUTE
    _printf_s                                0x00000000   Number         0  stubs.o ABSOLUTE
    _printf_sizespec                         0x00000000   Number         0  stubs.o ABSOLUTE
    _printf_str                              0x00000000   Number         0  stubs.o ABSOLUTE
    _printf_truncate_signed                  0x00000000   Number         0  stubs.o ABSOLUTE
    _printf_truncate_unsigned                0x00000000   Number         0  stubs.o ABSOLUTE
    _printf_u                                0x00000000   Number         0  stubs.o ABSOLUTE
    _printf_wc                               0x00000000   Number         0  stubs.o ABSOLUTE
    _printf_wctomb                           0x00000000   Number         0  stubs.o ABSOLUTE
    _printf_widthprec                        0x00000000   Number         0  stubs.o ABSOLUTE
    _printf_x                                0x00000000   Number         0  stubs.o ABSOLUTE
    __cpp_initialize__aeabi_                  - Undefined Weak Reference
    __cxa_finalize                            - Undefined Weak Reference
    _clock_init                               - Undefined Weak Reference
    _microlib_exit                            - Undefined Weak Reference
    _scanf_longlong                           - Undefined Weak Reference
    _scanf_real                               - Undefined Weak Reference
    _scanf_string                             - Undefined Weak Reference
    __Vectors_Size                           0x00000184   Number         0  startup_stm32f205xx.o ABSOLUTE
    __Vectors                                0x08000000   Data           4  startup_stm32f205xx.o(RESET)
    __Vectors_End                            0x08000184   Data           0  startup_stm32f205xx.o(RESET)
    __main                                   0x08000185   Thumb Code     0  entry.o(.ARM.Collect$$$$00000000)
    _main_stk                                0x08000185   Thumb Code     0  entry2.o(.ARM.Collect$$$$00000001)
    _main_scatterload                        0x08000189   Thumb Code     0  entry5.o(.ARM.Collect$$$$00000004)
    __main_after_scatterload                 0x0800018d   Thumb Code     0  entry5.o(.ARM.Collect$$$$00000004)
    _main_clock                              0x0800018d   Thumb Code     0  entry7b.o(.ARM.Collect$$$$00000008)
    _main_cpp_init                           0x0800018d   Thumb Code     0  entry8b.o(.ARM.Collect$$$$0000000A)
    _main_init                               0x0800018d   Thumb Code     0  entry9a.o(.ARM.Collect$$$$0000000B)
    __rt_final_cpp                           0x08000195   Thumb Code     0  entry10a.o(.ARM.Collect$$$$0000000D)
    __rt_final_exit                          0x08000195   Thumb Code     0  entry11a.o(.ARM.Collect$$$$0000000F)
    Reset_Handler                            0x08000199   Thumb Code     8  startup_stm32f205xx.o(.text)
    ADC_IRQHandler                           0x080001b3   Thumb Code     0  startup_stm32f205xx.o(.text)
    CAN1_RX0_IRQHandler                      0x080001b3   Thumb Code     0  startup_stm32f205xx.o(.text)
    CAN1_RX1_IRQHandler                      0x080001b3   Thumb Code     0  startup_stm32f205xx.o(.text)
    CAN1_SCE_IRQHandler                      0x080001b3   Thumb Code     0  startup_stm32f205xx.o(.text)
    CAN1_TX_IRQHandler                       0x080001b3   Thumb Code     0  startup_stm32f205xx.o(.text)
    CAN2_RX0_IRQHandler                      0x080001b3   Thumb Code     0  startup_stm32f205xx.o(.text)
    CAN2_RX1_IRQHandler                      0x080001b3   Thumb Code     0  startup_stm32f205xx.o(.text)
    CAN2_SCE_IRQHandler                      0x080001b3   Thumb Code     0  startup_stm32f205xx.o(.text)
    CAN2_TX_IRQHandler                       0x080001b3   Thumb Code     0  startup_stm32f205xx.o(.text)
    DMA1_Stream0_IRQHandler                  0x080001b3   Thumb Code     0  startup_stm32f205xx.o(.text)
    DMA1_Stream1_IRQHandler                  0x080001b3   Thumb Code     0  startup_stm32f205xx.o(.text)
    DMA1_Stream2_IRQHandler                  0x080001b3   Thumb Code     0  startup_stm32f205xx.o(.text)
    DMA1_Stream3_IRQHandler                  0x080001b3   Thumb Code     0  startup_stm32f205xx.o(.text)
    DMA1_Stream4_IRQHandler                  0x080001b3   Thumb Code     0  startup_stm32f205xx.o(.text)
    DMA1_Stream5_IRQHandler                  0x080001b3   Thumb Code     0  startup_stm32f205xx.o(.text)
    DMA1_Stream6_IRQHandler                  0x080001b3   Thumb Code     0  startup_stm32f205xx.o(.text)
    DMA1_Stream7_IRQHandler                  0x080001b3   Thumb Code     0  startup_stm32f205xx.o(.text)
    DMA2_Stream0_IRQHandler                  0x080001b3   Thumb Code     0  startup_stm32f205xx.o(.text)
    DMA2_Stream1_IRQHandler                  0x080001b3   Thumb Code     0  startup_stm32f205xx.o(.text)
    DMA2_Stream2_IRQHandler                  0x080001b3   Thumb Code     0  startup_stm32f205xx.o(.text)
    DMA2_Stream3_IRQHandler                  0x080001b3   Thumb Code     0  startup_stm32f205xx.o(.text)
    DMA2_Stream4_IRQHandler                  0x080001b3   Thumb Code     0  startup_stm32f205xx.o(.text)
    DMA2_Stream5_IRQHandler                  0x080001b3   Thumb Code     0  startup_stm32f205xx.o(.text)
    DMA2_Stream6_IRQHandler                  0x080001b3   Thumb Code     0  startup_stm32f205xx.o(.text)
    DMA2_Stream7_IRQHandler                  0x080001b3   Thumb Code     0  startup_stm32f205xx.o(.text)
    EXTI0_IRQHandler                         0x080001b3   Thumb Code     0  startup_stm32f205xx.o(.text)
    EXTI15_10_IRQHandler                     0x080001b3   Thumb Code     0  startup_stm32f205xx.o(.text)
    EXTI1_IRQHandler                         0x080001b3   Thumb Code     0  startup_stm32f205xx.o(.text)
    EXTI2_IRQHandler                         0x080001b3   Thumb Code     0  startup_stm32f205xx.o(.text)
    EXTI3_IRQHandler                         0x080001b3   Thumb Code     0  startup_stm32f205xx.o(.text)
    EXTI4_IRQHandler                         0x080001b3   Thumb Code     0  startup_stm32f205xx.o(.text)
    EXTI9_5_IRQHandler                       0x080001b3   Thumb Code     0  startup_stm32f205xx.o(.text)
    FLASH_IRQHandler                         0x080001b3   Thumb Code     0  startup_stm32f205xx.o(.text)
    FSMC_IRQHandler                          0x080001b3   Thumb Code     0  startup_stm32f205xx.o(.text)
    HASH_RNG_IRQHandler                      0x080001b3   Thumb Code     0  startup_stm32f205xx.o(.text)
    I2C1_ER_IRQHandler                       0x080001b3   Thumb Code     0  startup_stm32f205xx.o(.text)
    I2C1_EV_IRQHandler                       0x080001b3   Thumb Code     0  startup_stm32f205xx.o(.text)
    I2C2_ER_IRQHandler                       0x080001b3   Thumb Code     0  startup_stm32f205xx.o(.text)
    I2C2_EV_IRQHandler                       0x080001b3   Thumb Code     0  startup_stm32f205xx.o(.text)
    I2C3_ER_IRQHandler                       0x080001b3   Thumb Code     0  startup_stm32f205xx.o(.text)
    I2C3_EV_IRQHandler                       0x080001b3   Thumb Code     0  startup_stm32f205xx.o(.text)
    OTG_FS_IRQHandler                        0x080001b3   Thumb Code     0  startup_stm32f205xx.o(.text)
    OTG_FS_WKUP_IRQHandler                   0x080001b3   Thumb Code     0  startup_stm32f205xx.o(.text)
    OTG_HS_EP1_IN_IRQHandler                 0x080001b3   Thumb Code     0  startup_stm32f205xx.o(.text)
    OTG_HS_EP1_OUT_IRQHandler                0x080001b3   Thumb Code     0  startup_stm32f205xx.o(.text)
    OTG_HS_IRQHandler                        0x080001b3   Thumb Code     0  startup_stm32f205xx.o(.text)
    OTG_HS_WKUP_IRQHandler                   0x080001b3   Thumb Code     0  startup_stm32f205xx.o(.text)
    PVD_IRQHandler                           0x080001b3   Thumb Code     0  startup_stm32f205xx.o(.text)
    RCC_IRQHandler                           0x080001b3   Thumb Code     0  startup_stm32f205xx.o(.text)
    RTC_Alarm_IRQHandler                     0x080001b3   Thumb Code     0  startup_stm32f205xx.o(.text)
    RTC_WKUP_IRQHandler                      0x080001b3   Thumb Code     0  startup_stm32f205xx.o(.text)
    SDIO_IRQHandler                          0x080001b3   Thumb Code     0  startup_stm32f205xx.o(.text)
    SPI1_IRQHandler                          0x080001b3   Thumb Code     0  startup_stm32f205xx.o(.text)
    SPI2_IRQHandler                          0x080001b3   Thumb Code     0  startup_stm32f205xx.o(.text)
    SPI3_IRQHandler                          0x080001b3   Thumb Code     0  startup_stm32f205xx.o(.text)
    TAMP_STAMP_IRQHandler                    0x080001b3   Thumb Code     0  startup_stm32f205xx.o(.text)
    TIM1_BRK_TIM9_IRQHandler                 0x080001b3   Thumb Code     0  startup_stm32f205xx.o(.text)
    TIM1_CC_IRQHandler                       0x080001b3   Thumb Code     0  startup_stm32f205xx.o(.text)
    TIM1_TRG_COM_TIM11_IRQHandler            0x080001b3   Thumb Code     0  startup_stm32f205xx.o(.text)
    TIM1_UP_TIM10_IRQHandler                 0x080001b3   Thumb Code     0  startup_stm32f205xx.o(.text)
    TIM4_IRQHandler                          0x080001b3   Thumb Code     0  startup_stm32f205xx.o(.text)
    TIM5_IRQHandler                          0x080001b3   Thumb Code     0  startup_stm32f205xx.o(.text)
    TIM6_DAC_IRQHandler                      0x080001b3   Thumb Code     0  startup_stm32f205xx.o(.text)
    TIM7_IRQHandler                          0x080001b3   Thumb Code     0  startup_stm32f205xx.o(.text)
    TIM8_BRK_TIM12_IRQHandler                0x080001b3   Thumb Code     0  startup_stm32f205xx.o(.text)
    TIM8_CC_IRQHandler                       0x080001b3   Thumb Code     0  startup_stm32f205xx.o(.text)
    TIM8_TRG_COM_TIM14_IRQHandler            0x080001b3   Thumb Code     0  startup_stm32f205xx.o(.text)
    TIM8_UP_TIM13_IRQHandler                 0x080001b3   Thumb Code     0  startup_stm32f205xx.o(.text)
    UART4_IRQHandler                         0x080001b3   Thumb Code     0  startup_stm32f205xx.o(.text)
    UART5_IRQHandler                         0x080001b3   Thumb Code     0  startup_stm32f205xx.o(.text)
    USART3_IRQHandler                        0x080001b3   Thumb Code     0  startup_stm32f205xx.o(.text)
    USART6_IRQHandler                        0x080001b3   Thumb Code     0  startup_stm32f205xx.o(.text)
    WWDG_IRQHandler                          0x080001b3   Thumb Code     0  startup_stm32f205xx.o(.text)
    __aeabi_uldivmod                         0x080001bd   Thumb Code    98  uldiv.o(.text)
    __aeabi_memcpy                           0x0800021f   Thumb Code    36  memcpya.o(.text)
    __aeabi_memcpy4                          0x0800021f   Thumb Code     0  memcpya.o(.text)
    __aeabi_memcpy8                          0x0800021f   Thumb Code     0  memcpya.o(.text)
    __aeabi_memset                           0x08000243   Thumb Code    14  memseta.o(.text)
    __aeabi_memset4                          0x08000243   Thumb Code     0  memseta.o(.text)
    __aeabi_memset8                          0x08000243   Thumb Code     0  memseta.o(.text)
    __aeabi_memclr                           0x08000251   Thumb Code     4  memseta.o(.text)
    __aeabi_memclr4                          0x08000251   Thumb Code     0  memseta.o(.text)
    __aeabi_memclr8                          0x08000251   Thumb Code     0  memseta.o(.text)
    _memset$wrapper                          0x08000255   Thumb Code    18  memseta.o(.text)
    strlen                                   0x08000267   Thumb Code    14  strlen.o(.text)
    strcmp                                   0x08000275   Thumb Code    28  strcmp.o(.text)
    strtok                                   0x08000291   Thumb Code    62  strtok.o(.text)
    strcasecmp                               0x080002d5   Thumb Code    42  strcasecmp.o(.text)
    __0sscanf                                0x08000301   Thumb Code    48  __0sscanf.o(.text)
    _scanf_int                               0x08000339   Thumb Code   332  _scanf_int.o(.text)
    strtoul                                  0x08000485   Thumb Code   114  strtoul.o(.text)
    __aeabi_ddiv                             0x080004f7   Thumb Code   222  ddiv.o(.text)
    __aeabi_ui2d                             0x080005d5   Thumb Code    26  dfltui.o(.text)
    __aeabi_uidiv                            0x080005ef   Thumb Code     0  uidiv.o(.text)
    __aeabi_uidivmod                         0x080005ef   Thumb Code    44  uidiv.o(.text)
    __aeabi_llsl                             0x0800061b   Thumb Code    30  llshl.o(.text)
    _ll_shift_l                              0x0800061b   Thumb Code     0  llshl.o(.text)
    __aeabi_llsr                             0x08000639   Thumb Code    32  llushr.o(.text)
    _ll_ushift_r                             0x08000639   Thumb Code     0  llushr.o(.text)
    __rt_ctype_table                         0x08000659   Thumb Code     4  ctype_o.o(.text)
    isspace                                  0x08000661   Thumb Code    18  isspace_o.o(.text)
    tolower                                  0x08000673   Thumb Code    12  tolower.o(.text)
    _chval                                   0x0800067f   Thumb Code    28  _chval.o(.text)
    __vfscanf_char                           0x080006a9   Thumb Code    20  scanf_char.o(.text)
    _sgetc                                   0x080006c5   Thumb Code    30  _sgetc.o(.text)
    _sbackspace                              0x080006e3   Thumb Code    34  _sgetc.o(.text)
    _strtoul                                 0x08000705   Thumb Code   158  _strtoul.o(.text)
    __I$use$fp                               0x080007a3   Thumb Code     0  iusefp.o(.text)
    _double_round                            0x080007a3   Thumb Code    30  depilogue.o(.text)
    _double_epilogue                         0x080007c1   Thumb Code   156  depilogue.o(.text)
    __aeabi_dadd                             0x0800085d   Thumb Code   322  dadd.o(.text)
    __aeabi_dsub                             0x0800099f   Thumb Code     6  dadd.o(.text)
    __aeabi_drsub                            0x080009a5   Thumb Code     6  dadd.o(.text)
    __aeabi_dmul                             0x080009ab   Thumb Code   228  dmul.o(.text)
    __aeabi_d2ulz                            0x08000a8f   Thumb Code    48  dfixul.o(.text)
    __aeabi_cdrcmple                         0x08000ac1   Thumb Code    48  cdrcmple.o(.text)
    __scatterload                            0x08000af1   Thumb Code    28  init.o(.text)
    __scatterload_rt2                        0x08000af1   Thumb Code     0  init.o(.text)
    __aeabi_lasr                             0x08000b15   Thumb Code    36  llsshr.o(.text)
    _ll_sshift_r                             0x08000b15   Thumb Code     0  llsshr.o(.text)
    __vfscanf                                0x08000b39   Thumb Code   808  _scanf.o(.text)
    __decompress                             0x08000e65   Thumb Code     0  __dczerorl2.o(.text)
    __decompress1                            0x08000e65   Thumb Code    86  __dczerorl2.o(.text)
    BE32_To_Buffer                           0x08000ebb   Thumb Code    16  function.o(i.BE32_To_Buffer)
    Buffer_To_BE32                           0x08000ecb   Thumb Code    14  function.o(i.Buffer_To_BE32)
    BusFault_Handler                         0x08000ed9   Thumb Code     2  stm32f2xx_it.o(i.BusFault_Handler)
    Cal_CRC32                                0x08000edd   Thumb Code    36  function.o(i.Cal_CRC32)
    DebugMon_Handler                         0x08000f05   Thumb Code     2  stm32f2xx_it.o(i.DebugMon_Handler)
    Error_Handler                            0x08000f07   Thumb Code     2  main.o(i.Error_Handler)
    HAL_DMA_Abort_IT                         0x08000f09   Thumb Code    36  stm32f2xx_hal_dma.o(i.HAL_DMA_Abort_IT)
    HAL_Delay                                0x08000f2d   Thumb Code    32  stm32f2xx_hal.o(i.HAL_Delay)
    HAL_GPIO_Init                            0x08000f51   Thumb Code   444  stm32f2xx_hal_gpio.o(i.HAL_GPIO_Init)
    HAL_GPIO_TogglePin                       0x0800113d   Thumb Code    12  stm32f2xx_hal_gpio.o(i.HAL_GPIO_TogglePin)
    HAL_GPIO_WritePin                        0x08001149   Thumb Code    10  stm32f2xx_hal_gpio.o(i.HAL_GPIO_WritePin)
    HAL_GetTick                              0x08001155   Thumb Code     6  stm32f2xx_hal.o(i.HAL_GetTick)
    HAL_IncTick                              0x08001161   Thumb Code    12  stm32f2xx_hal.o(i.HAL_IncTick)
    HAL_Init                                 0x08001171   Thumb Code    48  stm32f2xx_hal.o(i.HAL_Init)
    HAL_InitTick                             0x080011a5   Thumb Code    54  stm32f2xx_hal.o(i.HAL_InitTick)
    HAL_MspInit                              0x080011e5   Thumb Code    42  stm32f2xx_hal_msp.o(i.HAL_MspInit)
    HAL_NVIC_EnableIRQ                       0x08001215   Thumb Code    26  stm32f2xx_hal_cortex.o(i.HAL_NVIC_EnableIRQ)
    HAL_NVIC_SetPriority                     0x08001231   Thumb Code    60  stm32f2xx_hal_cortex.o(i.HAL_NVIC_SetPriority)
    HAL_NVIC_SetPriorityGrouping             0x08001271   Thumb Code    26  stm32f2xx_hal_cortex.o(i.HAL_NVIC_SetPriorityGrouping)
    HAL_RCC_ClockConfig                      0x08001295   Thumb Code   296  stm32f2xx_hal_rcc.o(i.HAL_RCC_ClockConfig)
    HAL_RCC_GetPCLK1Freq                     0x080013d1   Thumb Code    34  stm32f2xx_hal_rcc.o(i.HAL_RCC_GetPCLK1Freq)
    HAL_RCC_GetPCLK2Freq                     0x08001401   Thumb Code    34  stm32f2xx_hal_rcc.o(i.HAL_RCC_GetPCLK2Freq)
    HAL_RCC_GetSysClockFreq                  0x08001431   Thumb Code    88  stm32f2xx_hal_rcc.o(i.HAL_RCC_GetSysClockFreq)
    HAL_RCC_OscConfig                        0x08001495   Thumb Code   826  stm32f2xx_hal_rcc.o(i.HAL_RCC_OscConfig)
    HAL_SYSTICK_Config                       0x080017e1   Thumb Code    40  stm32f2xx_hal_cortex.o(i.HAL_SYSTICK_Config)
    HAL_TIMEx_BreakCallback                  0x08001809   Thumb Code     2  stm32f2xx_hal_tim_ex.o(i.HAL_TIMEx_BreakCallback)
    HAL_TIMEx_CommutCallback                 0x0800180b   Thumb Code     2  stm32f2xx_hal_tim_ex.o(i.HAL_TIMEx_CommutCallback)
    HAL_TIMEx_MasterConfigSynchronization    0x0800180d   Thumb Code    66  stm32f2xx_hal_tim_ex.o(i.HAL_TIMEx_MasterConfigSynchronization)
    HAL_TIM_Base_Init                        0x0800184f   Thumb Code    54  stm32f2xx_hal_tim.o(i.HAL_TIM_Base_Init)
    HAL_TIM_Base_MspInit                     0x08001885   Thumb Code    86  tim.o(i.HAL_TIM_Base_MspInit)
    HAL_TIM_Base_Start_IT                    0x080018e5   Thumb Code    34  stm32f2xx_hal_tim.o(i.HAL_TIM_Base_Start_IT)
    HAL_TIM_ConfigClockSource                0x08001907   Thumb Code   214  stm32f2xx_hal_tim.o(i.HAL_TIM_ConfigClockSource)
    HAL_TIM_IC_CaptureCallback               0x080019dd   Thumb Code     2  stm32f2xx_hal_tim.o(i.HAL_TIM_IC_CaptureCallback)
    HAL_TIM_IRQHandler                       0x080019df   Thumb Code   358  stm32f2xx_hal_tim.o(i.HAL_TIM_IRQHandler)
    HAL_TIM_OC_DelayElapsedCallback          0x08001b45   Thumb Code     2  stm32f2xx_hal_tim.o(i.HAL_TIM_OC_DelayElapsedCallback)
    HAL_TIM_PWM_PulseFinishedCallback        0x08001b47   Thumb Code     2  stm32f2xx_hal_tim.o(i.HAL_TIM_PWM_PulseFinishedCallback)
    HAL_TIM_PeriodElapsedCallback            0x08001b49   Thumb Code   150  main.o(i.HAL_TIM_PeriodElapsedCallback)
    HAL_TIM_TriggerCallback                  0x08001bf1   Thumb Code     2  stm32f2xx_hal_tim.o(i.HAL_TIM_TriggerCallback)
    HAL_UART_ErrorCallback                   0x08001bf3   Thumb Code     2  stm32f2xx_hal_uart.o(i.HAL_UART_ErrorCallback)
    HAL_UART_IRQHandler                      0x08001bf5   Thumb Code   266  stm32f2xx_hal_uart.o(i.HAL_UART_IRQHandler)
    HAL_UART_Init                            0x08001d05   Thumb Code    98  stm32f2xx_hal_uart.o(i.HAL_UART_Init)
    HAL_UART_MspInit                         0x08001d69   Thumb Code   182  usart.o(i.HAL_UART_MspInit)
    HAL_UART_Receive                         0x08001e31   Thumb Code   184  stm32f2xx_hal_uart.o(i.HAL_UART_Receive)
    HAL_UART_Receive_IT                      0x08001ee9   Thumb Code    82  stm32f2xx_hal_uart.o(i.HAL_UART_Receive_IT)
    HAL_UART_RxCpltCallback                  0x08001f3d   Thumb Code   102  main.o(i.HAL_UART_RxCpltCallback)
    HAL_UART_Transmit                        0x08001fb5   Thumb Code   186  stm32f2xx_hal_uart.o(i.HAL_UART_Transmit)
    HAL_UART_TxCpltCallback                  0x0800206f   Thumb Code     2  stm32f2xx_hal_uart.o(i.HAL_UART_TxCpltCallback)
    HardFault_Handler                        0x08002071   Thumb Code     2  stm32f2xx_it.o(i.HardFault_Handler)
    MX_GPIO_Init                             0x08002075   Thumb Code   148  gpio.o(i.MX_GPIO_Init)
    MX_TIM2_Init                             0x08002115   Thumb Code    98  tim.o(i.MX_TIM2_Init)
    MX_TIM3_Init                             0x0800217d   Thumb Code    96  tim.o(i.MX_TIM3_Init)
    MX_USART1_UART_Init                      0x080021e5   Thumb Code    48  usart.o(i.MX_USART1_UART_Init)
    MX_USART2_UART_Init                      0x0800221d   Thumb Code    48  usart.o(i.MX_USART2_UART_Init)
    MemManage_Handler                        0x08002255   Thumb Code     2  stm32f2xx_it.o(i.MemManage_Handler)
    NMI_Handler                              0x08002257   Thumb Code     2  stm32f2xx_it.o(i.NMI_Handler)
    PRINT_CHAR                               0x08002259   Thumb Code   310  function.o(i.PRINT_CHAR)
    PRINT_HEX                                0x080023e5   Thumb Code   294  function.o(i.PRINT_HEX)
    PendSV_Handler                           0x0800258d   Thumb Code     2  stm32f2xx_it.o(i.PendSV_Handler)
    SVC_Handler                              0x0800258f   Thumb Code     2  stm32f2xx_it.o(i.SVC_Handler)
    SysTick_Handler                          0x08002591   Thumb Code     4  stm32f2xx_it.o(i.SysTick_Handler)
    SystemClock_Config                       0x08002595   Thumb Code    86  main.o(i.SystemClock_Config)
    SystemInit                               0x080025ed   Thumb Code    54  system_stm32f2xx.o(i.SystemInit)
    TIM2_IRQHandler                          0x08002635   Thumb Code     6  stm32f2xx_it.o(i.TIM2_IRQHandler)
    TIM3_IRQHandler                          0x08002641   Thumb Code     6  stm32f2xx_it.o(i.TIM3_IRQHandler)
    TIM_Base_SetConfig                       0x0800264d   Thumb Code   156  stm32f2xx_hal_tim.o(i.TIM_Base_SetConfig)
    TIM_ETR_SetConfig                        0x08002715   Thumb Code    20  stm32f2xx_hal_tim.o(i.TIM_ETR_SetConfig)
    USART1_IRQHandler                        0x08002a91   Thumb Code   148  stm32f2xx_it.o(i.USART1_IRQHandler)
    USART2_IRQHandler                        0x08002b31   Thumb Code     6  stm32f2xx_it.o(i.USART2_IRQHandler)
    UsageFault_Handler                       0x08002b3d   Thumb Code     2  stm32f2xx_it.o(i.UsageFault_Handler)
    __0sprintf                               0x08002b41   Thumb Code    34  printfa.o(i.__0sprintf)
    __1sprintf                               0x08002b41   Thumb Code     0  printfa.o(i.__0sprintf)
    __2sprintf                               0x08002b41   Thumb Code     0  printfa.o(i.__0sprintf)
    __c89sprintf                             0x08002b41   Thumb Code     0  printfa.o(i.__0sprintf)
    sprintf                                  0x08002b41   Thumb Code     0  printfa.o(i.__0sprintf)
    __aeabi_errno_addr                       0x08002b89   Thumb Code     4  errno.o(i.__aeabi_errno_addr)
    __rt_errno_addr                          0x08002b89   Thumb Code     0  errno.o(i.__aeabi_errno_addr)
    __scatterload_copy                       0x08002b91   Thumb Code    14  handlers.o(i.__scatterload_copy)
    __scatterload_null                       0x08002b9f   Thumb Code     2  handlers.o(i.__scatterload_null)
    __scatterload_zeroinit                   0x08002ba1   Thumb Code    14  handlers.o(i.__scatterload_zeroinit)
    cmd_device_status                        0x0800346d   Thumb Code   120  function.o(i.cmd_device_status)
    cmd_for_debug                            0x08003541   Thumb Code    42  function.o(i.cmd_for_debug)
    cmd_help                                 0x08003571   Thumb Code   220  cmd.o(i.cmd_help)
    cmd_help2                                0x08003681   Thumb Code   342  cmd.o(i.cmd_help2)
    cmd_log                                  0x08003819   Thumb Code    64  function.o(i.cmd_log)
    cmd_reset                                0x08003865   Thumb Code   250  function.o(i.cmd_reset)
    cmd_temp                                 0x080039d9   Thumb Code   122  function.o(i.cmd_temp)
    cmd_time                                 0x08003a85   Thumb Code    66  function.o(i.cmd_time)
    cmd_upgrade                              0x08003ad1   Thumb Code   100  function.o(i.cmd_upgrade)
    cmd_version                              0x08003b4d   Thumb Code   304  function.o(i.cmd_version)
    debug_dac                                0x08003d11   Thumb Code   542  function.o(i.debug_dac)
    get_log_time                             0x08004045   Thumb Code    88  function.o(i.get_log_time)
    log_content                              0x080040c9   Thumb Code   166  function.o(i.log_content)
    log_packets                              0x080041b5   Thumb Code   104  function.o(i.log_packets)
    main                                     0x08004251   Thumb Code   498  main.o(i.main)
    process_cmd                              0x08004491   Thumb Code   220  cmd.o(i.process_cmd)
    process_command                          0x080045f1   Thumb Code   556  function.o(i.process_command)
    serial_available                         0x08004941   Thumb Code    30  usart.o(i.serial_available)
    serial_read                              0x08004965   Thumb Code    32  usart.o(i.serial_read)
    serial_tx                                0x08004989   Thumb Code   144  usart.o(i.serial_tx)
    set_log_time                             0x08004a21   Thumb Code   176  function.o(i.set_log_time)
    upgrade_file                             0x08004b25   Thumb Code   472  function.o(i.upgrade_file)
    upgrade_init                             0x08004dc9   Thumb Code    98  function.o(i.upgrade_init)
    upgrade_init_with_size                   0x08004e59   Thumb Code   168  function.o(i.upgrade_init_with_size)
    upgrade_install                          0x08004f35   Thumb Code    30  function.o(i.upgrade_install)
    cmd_count                                0x08004f60   Data           4  main.o(.constdata)
    AHBPrescTable                            0x08004f8b   Data          16  system_stm32f2xx.o(.constdata)
    APBPrescTable                            0x08004f9b   Data           8  system_stm32f2xx.o(.constdata)
    __ctype_table                            0x08004fa3   Data         129  ctype_o.o(.constdata)
    Region$$Table$$Base                      0x0800524c   Number         0  anon$$obj.o(Region$$Table)
    Region$$Table$$Limit                     0x0800526c   Number         0  anon$$obj.o(Region$$Table)
    uart1_data                               0x20000000   Data           1  main.o(.data)
    uart1_irq_sel                            0x20000001   Data           1  main.o(.data)
    counter                                  0x20000004   Data           4  main.o(.data)
    cmdlist                                  0x20000008   Data         180  main.o(.data)
    usart1_tr                                0x200002c4   Data           4  usart.o(.data)
    block_size                               0x200002c8   Data           4  function.o(.data)
    rLen                                     0x200002cc   Data           4  function.o(.data)
    uwTickFreq                               0x200006d0   Data           1  stm32f2xx_hal.o(.data)
    uwTickPrio                               0x200006d4   Data           4  stm32f2xx_hal.o(.data)
    uwTick                                   0x200006d8   Data           4  stm32f2xx_hal.o(.data)
    SystemCoreClock                          0x200006dc   Data           4  system_stm32f2xx.o(.data)
    usart1_tx_buf                            0x200006e8   Data         256  main.o(.bss)
    usart2_tx_buf                            0x200007e8   Data        1200  main.o(.bss)
    htim2                                    0x20000c98   Data          64  tim.o(.bss)
    htim3                                    0x20000cd8   Data          64  tim.o(.bss)
    huart1                                   0x20000d18   Data          64  usart.o(.bss)
    huart2                                   0x20000d58   Data          64  usart.o(.bss)
    fw_buf                                   0x20000db0   Data       51200  function.o(.bss)
    rBuf                                     0x2000d5b0   Data        1200  function.o(.bss)
    txBuf                                    0x2000da60   Data        1036  function.o(.bss)
    __initial_sp                             0x2000e270   Data           0  startup_stm32f205xx.o(STACK)



==============================================================================

Memory Map of the image

  Image Entry point : 0x08000185

  Load Region LR_IROM1 (Base: 0x08000000, Size: 0x00005954, Max: 0x00020000, ABSOLUTE, COMPRESSED[0x0000570c])

    Execution Region ER_IROM1 (Exec base: 0x08000000, Load base: 0x08000000, Size: 0x0000526c, Max: 0x00020000, ABSOLUTE)

    Exec Addr    Load Addr    Size         Type   Attr      Idx    E Section Name        Object

    0x08000000   0x08000000   0x00000184   Data   RO            3    RESET               startup_stm32f205xx.o
    0x08000184   0x08000184   0x00000000   Code   RO         3097  * .ARM.Collect$$$$00000000  mc_w.l(entry.o)
    0x08000184   0x08000184   0x00000004   Code   RO         3391    .ARM.Collect$$$$00000001  mc_w.l(entry2.o)
    0x08000188   0x08000188   0x00000004   Code   RO         3394    .ARM.Collect$$$$00000004  mc_w.l(entry5.o)
    0x0800018c   0x0800018c   0x00000000   Code   RO         3396    .ARM.Collect$$$$00000008  mc_w.l(entry7b.o)
    0x0800018c   0x0800018c   0x00000000   Code   RO         3398    .ARM.Collect$$$$0000000A  mc_w.l(entry8b.o)
    0x0800018c   0x0800018c   0x00000008   Code   RO         3399    .ARM.Collect$$$$0000000B  mc_w.l(entry9a.o)
    0x08000194   0x08000194   0x00000000   Code   RO         3401    .ARM.Collect$$$$0000000D  mc_w.l(entry10a.o)
    0x08000194   0x08000194   0x00000000   Code   RO         3403    .ARM.Collect$$$$0000000F  mc_w.l(entry11a.o)
    0x08000194   0x08000194   0x00000004   Code   RO         3392    .ARM.Collect$$$$00002712  mc_w.l(entry2.o)
    0x08000198   0x08000198   0x00000024   Code   RO            4    .text               startup_stm32f205xx.o
    0x080001bc   0x080001bc   0x00000062   Code   RO         3100    .text               mc_w.l(uldiv.o)
    0x0800021e   0x0800021e   0x00000024   Code   RO         3102    .text               mc_w.l(memcpya.o)
    0x08000242   0x08000242   0x00000024   Code   RO         3104    .text               mc_w.l(memseta.o)
    0x08000266   0x08000266   0x0000000e   Code   RO         3106    .text               mc_w.l(strlen.o)
    0x08000274   0x08000274   0x0000001c   Code   RO         3108    .text               mc_w.l(strcmp.o)
    0x08000290   0x08000290   0x00000044   Code   RO         3110    .text               mc_w.l(strtok.o)
    0x080002d4   0x080002d4   0x0000002a   Code   RO         3118    .text               mc_w.l(strcasecmp.o)
    0x080002fe   0x080002fe   0x00000002   PAD
    0x08000300   0x08000300   0x00000038   Code   RO         3381    .text               mc_w.l(__0sscanf.o)
    0x08000338   0x08000338   0x0000014c   Code   RO         3383    .text               mc_w.l(_scanf_int.o)
    0x08000484   0x08000484   0x00000072   Code   RO         3385    .text               mc_w.l(strtoul.o)
    0x080004f6   0x080004f6   0x000000de   Code   RO         3387    .text               mf_w.l(ddiv.o)
    0x080005d4   0x080005d4   0x0000001a   Code   RO         3389    .text               mf_w.l(dfltui.o)
    0x080005ee   0x080005ee   0x0000002c   Code   RO         3408    .text               mc_w.l(uidiv.o)
    0x0800061a   0x0800061a   0x0000001e   Code   RO         3410    .text               mc_w.l(llshl.o)
    0x08000638   0x08000638   0x00000020   Code   RO         3412    .text               mc_w.l(llushr.o)
    0x08000658   0x08000658   0x00000008   Code   RO         3414    .text               mc_w.l(ctype_o.o)
    0x08000660   0x08000660   0x00000012   Code   RO         3436    .text               mc_w.l(isspace_o.o)
    0x08000672   0x08000672   0x0000000c   Code   RO         3442    .text               mc_w.l(tolower.o)
    0x0800067e   0x0800067e   0x0000001c   Code   RO         3451    .text               mc_w.l(_chval.o)
    0x0800069a   0x0800069a   0x00000002   PAD
    0x0800069c   0x0800069c   0x00000028   Code   RO         3453    .text               mc_w.l(scanf_char.o)
    0x080006c4   0x080006c4   0x00000040   Code   RO         3455    .text               mc_w.l(_sgetc.o)
    0x08000704   0x08000704   0x0000009e   Code   RO         3457    .text               mc_w.l(_strtoul.o)
    0x080007a2   0x080007a2   0x00000000   Code   RO         3459    .text               mc_w.l(iusefp.o)
    0x080007a2   0x080007a2   0x000000ba   Code   RO         3460    .text               mf_w.l(depilogue.o)
    0x0800085c   0x0800085c   0x0000014e   Code   RO         3462    .text               mf_w.l(dadd.o)
    0x080009aa   0x080009aa   0x000000e4   Code   RO         3464    .text               mf_w.l(dmul.o)
    0x08000a8e   0x08000a8e   0x00000030   Code   RO         3466    .text               mf_w.l(dfixul.o)
    0x08000abe   0x08000abe   0x00000002   PAD
    0x08000ac0   0x08000ac0   0x00000030   Code   RO         3468    .text               mf_w.l(cdrcmple.o)
    0x08000af0   0x08000af0   0x00000024   Code   RO         3470    .text               mc_w.l(init.o)
    0x08000b14   0x08000b14   0x00000024   Code   RO         3473    .text               mc_w.l(llsshr.o)
    0x08000b38   0x08000b38   0x0000032c   Code   RO         3477    .text               mc_w.l(_scanf.o)
    0x08000e64   0x08000e64   0x00000056   Code   RO         3491    .text               mc_w.l(__dczerorl2.o)
    0x08000eba   0x08000eba   0x00000010   Code   RO          532    i.BE32_To_Buffer    function.o
    0x08000eca   0x08000eca   0x0000000e   Code   RO          533    i.Buffer_To_BE32    function.o
    0x08000ed8   0x08000ed8   0x00000002   Code   RO          356    i.BusFault_Handler  stm32f2xx_it.o
    0x08000eda   0x08000eda   0x00000002   PAD
    0x08000edc   0x08000edc   0x00000028   Code   RO          535    i.Cal_CRC32         function.o
    0x08000f04   0x08000f04   0x00000002   Code   RO          357    i.DebugMon_Handler  stm32f2xx_it.o
    0x08000f06   0x08000f06   0x00000002   Code   RO           13    i.Error_Handler     main.o
    0x08000f08   0x08000f08   0x00000024   Code   RO         2521    i.HAL_DMA_Abort_IT  stm32f2xx_hal_dma.o
    0x08000f2c   0x08000f2c   0x00000024   Code   RO         1665    i.HAL_Delay         stm32f2xx_hal.o
    0x08000f50   0x08000f50   0x000001ec   Code   RO         2454    i.HAL_GPIO_Init     stm32f2xx_hal_gpio.o
    0x0800113c   0x0800113c   0x0000000c   Code   RO         2457    i.HAL_GPIO_TogglePin  stm32f2xx_hal_gpio.o
    0x08001148   0x08001148   0x0000000a   Code   RO         2458    i.HAL_GPIO_WritePin  stm32f2xx_hal_gpio.o
    0x08001152   0x08001152   0x00000002   PAD
    0x08001154   0x08001154   0x0000000c   Code   RO         1671    i.HAL_GetTick       stm32f2xx_hal.o
    0x08001160   0x08001160   0x00000010   Code   RO         1677    i.HAL_IncTick       stm32f2xx_hal.o
    0x08001170   0x08001170   0x00000034   Code   RO         1678    i.HAL_Init          stm32f2xx_hal.o
    0x080011a4   0x080011a4   0x00000040   Code   RO         1679    i.HAL_InitTick      stm32f2xx_hal.o
    0x080011e4   0x080011e4   0x00000030   Code   RO          468    i.HAL_MspInit       stm32f2xx_hal_msp.o
    0x08001214   0x08001214   0x0000001a   Code   RO         1981    i.HAL_NVIC_EnableIRQ  stm32f2xx_hal_cortex.o
    0x0800122e   0x0800122e   0x00000002   PAD
    0x08001230   0x08001230   0x00000040   Code   RO         1987    i.HAL_NVIC_SetPriority  stm32f2xx_hal_cortex.o
    0x08001270   0x08001270   0x00000024   Code   RO         1988    i.HAL_NVIC_SetPriorityGrouping  stm32f2xx_hal_cortex.o
    0x08001294   0x08001294   0x0000013c   Code   RO         1845    i.HAL_RCC_ClockConfig  stm32f2xx_hal_rcc.o
    0x080013d0   0x080013d0   0x00000030   Code   RO         1852    i.HAL_RCC_GetPCLK1Freq  stm32f2xx_hal_rcc.o
    0x08001400   0x08001400   0x00000030   Code   RO         1853    i.HAL_RCC_GetPCLK2Freq  stm32f2xx_hal_rcc.o
    0x08001430   0x08001430   0x00000064   Code   RO         1854    i.HAL_RCC_GetSysClockFreq  stm32f2xx_hal_rcc.o
    0x08001494   0x08001494   0x0000034c   Code   RO         1857    i.HAL_RCC_OscConfig  stm32f2xx_hal_rcc.o
    0x080017e0   0x080017e0   0x00000028   Code   RO         1992    i.HAL_SYSTICK_Config  stm32f2xx_hal_cortex.o
    0x08001808   0x08001808   0x00000002   Code   RO         1407    i.HAL_TIMEx_BreakCallback  stm32f2xx_hal_tim_ex.o
    0x0800180a   0x0800180a   0x00000002   Code   RO         1408    i.HAL_TIMEx_CommutCallback  stm32f2xx_hal_tim_ex.o
    0x0800180c   0x0800180c   0x00000042   Code   RO         1425    i.HAL_TIMEx_MasterConfigSynchronization  stm32f2xx_hal_tim_ex.o
    0x0800184e   0x0800184e   0x00000036   Code   RO          732    i.HAL_TIM_Base_Init  stm32f2xx_hal_tim.o
    0x08001884   0x08001884   0x00000060   Code   RO          231    i.HAL_TIM_Base_MspInit  tim.o
    0x080018e4   0x080018e4   0x00000022   Code   RO          737    i.HAL_TIM_Base_Start_IT  stm32f2xx_hal_tim.o
    0x08001906   0x08001906   0x000000d6   Code   RO          741    i.HAL_TIM_ConfigClockSource  stm32f2xx_hal_tim.o
    0x080019dc   0x080019dc   0x00000002   Code   RO          761    i.HAL_TIM_IC_CaptureCallback  stm32f2xx_hal_tim.o
    0x080019de   0x080019de   0x00000166   Code   RO          775    i.HAL_TIM_IRQHandler  stm32f2xx_hal_tim.o
    0x08001b44   0x08001b44   0x00000002   Code   RO          778    i.HAL_TIM_OC_DelayElapsedCallback  stm32f2xx_hal_tim.o
    0x08001b46   0x08001b46   0x00000002   Code   RO          805    i.HAL_TIM_PWM_PulseFinishedCallback  stm32f2xx_hal_tim.o
    0x08001b48   0x08001b48   0x000000a8   Code   RO           14    i.HAL_TIM_PeriodElapsedCallback  main.o
    0x08001bf0   0x08001bf0   0x00000002   Code   RO          818    i.HAL_TIM_TriggerCallback  stm32f2xx_hal_tim.o
    0x08001bf2   0x08001bf2   0x00000002   Code   RO         2757    i.HAL_UART_ErrorCallback  stm32f2xx_hal_uart.o
    0x08001bf4   0x08001bf4   0x00000110   Code   RO         2760    i.HAL_UART_IRQHandler  stm32f2xx_hal_uart.o
    0x08001d04   0x08001d04   0x00000062   Code   RO         2761    i.HAL_UART_Init     stm32f2xx_hal_uart.o
    0x08001d66   0x08001d66   0x00000002   PAD
    0x08001d68   0x08001d68   0x000000c8   Code   RO          279    i.HAL_UART_MspInit  usart.o
    0x08001e30   0x08001e30   0x000000b8   Code   RO         2764    i.HAL_UART_Receive  stm32f2xx_hal_uart.o
    0x08001ee8   0x08001ee8   0x00000052   Code   RO         2766    i.HAL_UART_Receive_IT  stm32f2xx_hal_uart.o
    0x08001f3a   0x08001f3a   0x00000002   PAD
    0x08001f3c   0x08001f3c   0x00000078   Code   RO           15    i.HAL_UART_RxCpltCallback  main.o
    0x08001fb4   0x08001fb4   0x000000ba   Code   RO         2769    i.HAL_UART_Transmit  stm32f2xx_hal_uart.o
    0x0800206e   0x0800206e   0x00000002   Code   RO         2772    i.HAL_UART_TxCpltCallback  stm32f2xx_hal_uart.o
    0x08002070   0x08002070   0x00000002   Code   RO          358    i.HardFault_Handler  stm32f2xx_it.o
    0x08002072   0x08002072   0x00000002   PAD
    0x08002074   0x08002074   0x000000a0   Code   RO          195    i.MX_GPIO_Init      gpio.o
    0x08002114   0x08002114   0x00000068   Code   RO          232    i.MX_TIM2_Init      tim.o
    0x0800217c   0x0800217c   0x00000068   Code   RO          233    i.MX_TIM3_Init      tim.o
    0x080021e4   0x080021e4   0x00000038   Code   RO          280    i.MX_USART1_UART_Init  usart.o
    0x0800221c   0x0800221c   0x00000038   Code   RO          281    i.MX_USART2_UART_Init  usart.o
    0x08002254   0x08002254   0x00000002   Code   RO          359    i.MemManage_Handler  stm32f2xx_it.o
    0x08002256   0x08002256   0x00000002   Code   RO          360    i.NMI_Handler       stm32f2xx_it.o
    0x08002258   0x08002258   0x0000018c   Code   RO          537    i.PRINT_CHAR        function.o
    0x080023e4   0x080023e4   0x000001a8   Code   RO          538    i.PRINT_HEX         function.o
    0x0800258c   0x0800258c   0x00000002   Code   RO          361    i.PendSV_Handler    stm32f2xx_it.o
    0x0800258e   0x0800258e   0x00000002   Code   RO          362    i.SVC_Handler       stm32f2xx_it.o
    0x08002590   0x08002590   0x00000004   Code   RO          363    i.SysTick_Handler   stm32f2xx_it.o
    0x08002594   0x08002594   0x00000056   Code   RO           16    i.SystemClock_Config  main.o
    0x080025ea   0x080025ea   0x00000002   PAD
    0x080025ec   0x080025ec   0x00000048   Code   RO         3063    i.SystemInit        system_stm32f2xx.o
    0x08002634   0x08002634   0x0000000c   Code   RO          364    i.TIM2_IRQHandler   stm32f2xx_it.o
    0x08002640   0x08002640   0x0000000c   Code   RO          365    i.TIM3_IRQHandler   stm32f2xx_it.o
    0x0800264c   0x0800264c   0x000000c8   Code   RO          820    i.TIM_Base_SetConfig  stm32f2xx_hal_tim.o
    0x08002714   0x08002714   0x00000014   Code   RO          831    i.TIM_ETR_SetConfig  stm32f2xx_hal_tim.o
    0x08002728   0x08002728   0x00000010   Code   RO          832    i.TIM_ITRx_SetConfig  stm32f2xx_hal_tim.o
    0x08002738   0x08002738   0x00000022   Code   RO          838    i.TIM_TI1_ConfigInputStage  stm32f2xx_hal_tim.o
    0x0800275a   0x0800275a   0x00000024   Code   RO          840    i.TIM_TI2_ConfigInputStage  stm32f2xx_hal_tim.o
    0x0800277e   0x0800277e   0x00000010   Code   RO         2774    i.UART_DMAAbortOnError  stm32f2xx_hal_uart.o
    0x0800278e   0x0800278e   0x0000001c   Code   RO         2784    i.UART_EndRxTransfer  stm32f2xx_hal_uart.o
    0x080027aa   0x080027aa   0x00000096   Code   RO         2786    i.UART_Receive_IT   stm32f2xx_hal_uart.o
    0x08002840   0x08002840   0x00000188   Code   RO         2787    i.UART_SetConfig    stm32f2xx_hal_uart.o
    0x080029c8   0x080029c8   0x00000062   Code   RO         2788    i.UART_Transmit_IT  stm32f2xx_hal_uart.o
    0x08002a2a   0x08002a2a   0x00000064   Code   RO         2789    i.UART_WaitOnFlagUntilTimeout  stm32f2xx_hal_uart.o
    0x08002a8e   0x08002a8e   0x00000002   PAD
    0x08002a90   0x08002a90   0x000000a0   Code   RO          366    i.USART1_IRQHandler  stm32f2xx_it.o
    0x08002b30   0x08002b30   0x0000000c   Code   RO          367    i.USART2_IRQHandler  stm32f2xx_it.o
    0x08002b3c   0x08002b3c   0x00000002   Code   RO          368    i.UsageFault_Handler  stm32f2xx_it.o
    0x08002b3e   0x08002b3e   0x00000002   PAD
    0x08002b40   0x08002b40   0x00000028   Code   RO         3355    i.__0sprintf        mc_w.l(printfa.o)
    0x08002b68   0x08002b68   0x00000020   Code   RO         1994    i.__NVIC_SetPriority  stm32f2xx_hal_cortex.o
    0x08002b88   0x08002b88   0x00000008   Code   RO         3444    i.__aeabi_errno_addr  mc_w.l(errno.o)
    0x08002b90   0x08002b90   0x0000000e   Code   RO         3485    i.__scatterload_copy  mc_w.l(handlers.o)
    0x08002b9e   0x08002b9e   0x00000002   Code   RO         3486    i.__scatterload_null  mc_w.l(handlers.o)
    0x08002ba0   0x08002ba0   0x0000000e   Code   RO         3487    i.__scatterload_zeroinit  mc_w.l(handlers.o)
    0x08002bae   0x08002bae   0x00000002   PAD
    0x08002bb0   0x08002bb0   0x00000184   Code   RO         3360    i._fp_digits        mc_w.l(printfa.o)
    0x08002d34   0x08002d34   0x000006dc   Code   RO         3361    i._printf_core      mc_w.l(printfa.o)
    0x08003410   0x08003410   0x00000024   Code   RO         3362    i._printf_post_padding  mc_w.l(printfa.o)
    0x08003434   0x08003434   0x0000002e   Code   RO         3363    i._printf_pre_padding  mc_w.l(printfa.o)
    0x08003462   0x08003462   0x0000000a   Code   RO         3365    i._sputc            mc_w.l(printfa.o)
    0x0800346c   0x0800346c   0x000000d4   Code   RO          540    i.cmd_device_status  function.o
    0x08003540   0x08003540   0x00000030   Code   RO          541    i.cmd_for_debug     function.o
    0x08003570   0x08003570   0x00000110   Code   RO          492    i.cmd_help          cmd.o
    0x08003680   0x08003680   0x00000198   Code   RO          493    i.cmd_help2         cmd.o
    0x08003818   0x08003818   0x0000004c   Code   RO          542    i.cmd_log           function.o
    0x08003864   0x08003864   0x00000174   Code   RO          543    i.cmd_reset         function.o
    0x080039d8   0x080039d8   0x000000ac   Code   RO          544    i.cmd_temp          function.o
    0x08003a84   0x08003a84   0x0000004c   Code   RO          545    i.cmd_time          function.o
    0x08003ad0   0x08003ad0   0x0000007c   Code   RO          546    i.cmd_upgrade       function.o
    0x08003b4c   0x08003b4c   0x000001c4   Code   RO          547    i.cmd_version       function.o
    0x08003d10   0x08003d10   0x00000334   Code   RO          548    i.debug_dac         function.o
    0x08004044   0x08004044   0x00000084   Code   RO          549    i.get_log_time      function.o
    0x080040c8   0x080040c8   0x000000ec   Code   RO          550    i.log_content       function.o
    0x080041b4   0x080041b4   0x0000009c   Code   RO          551    i.log_packets       function.o
    0x08004250   0x08004250   0x00000240   Code   RO           17    i.main              main.o
    0x08004490   0x08004490   0x00000160   Code   RO          494    i.process_cmd       cmd.o
    0x080045f0   0x080045f0   0x00000314   Code   RO          552    i.process_command   function.o
    0x08004904   0x08004904   0x0000000e   Code   RO           18    i.rb_init           main.o
    0x08004912   0x08004912   0x00000010   Code   RO          282    i.rb_is_empty       usart.o
    0x08004922   0x08004922   0x0000001c   Code   RO          369    i.rb_remove         stm32f2xx_it.o
    0x0800493e   0x0800493e   0x00000002   PAD
    0x08004940   0x08004940   0x00000024   Code   RO          283    i.serial_available  usart.o
    0x08004964   0x08004964   0x00000024   Code   RO          284    i.serial_read       usart.o
    0x08004988   0x08004988   0x00000098   Code   RO          285    i.serial_tx         usart.o
    0x08004a20   0x08004a20   0x00000104   Code   RO          553    i.set_log_time      function.o
    0x08004b24   0x08004b24   0x000002a4   Code   RO          555    i.upgrade_file      function.o
    0x08004dc8   0x08004dc8   0x00000090   Code   RO          556    i.upgrade_init      function.o
    0x08004e58   0x08004e58   0x000000dc   Code   RO          557    i.upgrade_init_with_size  function.o
    0x08004f34   0x08004f34   0x0000002c   Code   RO          558    i.upgrade_install   function.o
    0x08004f60   0x08004f60   0x00000004   Data   RO           21    .constdata          main.o
    0x08004f64   0x08004f64   0x00000027   Data   RO          560    .constdata          function.o
    0x08004f8b   0x08004f8b   0x00000010   Data   RO         3064    .constdata          system_stm32f2xx.o
    0x08004f9b   0x08004f9b   0x00000008   Data   RO         3065    .constdata          system_stm32f2xx.o
    0x08004fa3   0x08004fa3   0x00000081   Data   RO         3415    .constdata          mc_w.l(ctype_o.o)
    0x08005024   0x08005024   0x00000004   Data   RO         3416    .constdata          mc_w.l(ctype_o.o)
    0x08005028   0x08005028   0x000001de   Data   RO           22    .conststring        main.o
    0x08005206   0x08005206   0x00000002   PAD
    0x08005208   0x08005208   0x00000043   Data   RO          563    .conststring        function.o
    0x0800524b   0x0800524b   0x00000001   PAD
    0x0800524c   0x0800524c   0x00000020   Data   RO         3483    Region$$Table       anon$$obj.o


    Execution Region RW_IRAM1 (Exec base: 0x20000000, Load base: 0x0800526c, Size: 0x0000e270, Max: 0x00010000, ABSOLUTE, COMPRESSED[0x000004a0])

    Exec Addr    Load Addr    Size         Type   Attr      Idx    E Section Name        Object

    0x20000000   COMPRESSED   0x00000008   Data   RW           23    .data               main.o
    0x20000008   COMPRESSED   0x000000b4   Data   RW           24    .data               main.o
    0x200000bc   COMPRESSED   0x00000208   Data   RW          289    .data               usart.o
    0x200002c4   COMPRESSED   0x00000004   Data   RW          290    .data               usart.o
    0x200002c8   COMPRESSED   0x00000408   Data   RW          566    .data               function.o
    0x200006d0   COMPRESSED   0x0000000c   Data   RW         1685    .data               stm32f2xx_hal.o
    0x200006dc   COMPRESSED   0x00000004   Data   RW         3066    .data               system_stm32f2xx.o
    0x200006e0   COMPRESSED   0x00000004   Data   RW         3111    .data               mc_w.l(strtok.o)
    0x200006e4   COMPRESSED   0x00000004   Data   RW         3447    .data               mc_w.l(errno.o)
    0x200006e8        -       0x00000100   Zero   RW           19    .bss                main.o
    0x200007e8        -       0x000004b0   Zero   RW           20    .bss                main.o
    0x20000c98        -       0x00000080   Zero   RW          234    .bss                tim.o
    0x20000d18        -       0x00000080   Zero   RW          286    .bss                usart.o
    0x20000d98        -       0x0000000c   Zero   RW          287    .bss                usart.o
    0x20000da4        -       0x0000000c   Zero   RW          288    .bss                usart.o
    0x20000db0        -       0x0000d0bc   Zero   RW          559    .bss                function.o
    0x2000de6c   COMPRESSED   0x00000004   PAD
    0x2000de70        -       0x00000400   Zero   RW            1    STACK               startup_stm32f205xx.o


==============================================================================

Image component sizes


      Code (inc. data)   RO Data    RW Data    ZI Data      Debug   Object Name

      1032        250          0          0          0       2201   cmd.o
      5898       1760        106       1032      53436      17505   function.o
       160         12          0          0          0        915   gpio.o
       966        124        482        188       1456     613033   main.o
        36          8        388          0       1024        796   startup_stm32f205xx.o
       180         28          0         12          0       9021   stm32f2xx_hal.o
       198         14          0          0          0      30595   stm32f2xx_hal_cortex.o
        36          0          0          0          0       1179   stm32f2xx_hal_dma.o
       514         48          0          0          0       2921   stm32f2xx_hal_gpio.o
        48          6          0          0          0        798   stm32f2xx_hal_msp.o
      1356         78          0          0          0       5064   stm32f2xx_hal_rcc.o
       974         44          0          0          0       9509   stm32f2xx_hal_tim.o
        70          0          0          0          0       2325   stm32f2xx_hal_tim_ex.o
      1610         16          0          0          0      10402   stm32f2xx_hal_uart.o
       244         30          0          0          0       7318   stm32f2xx_it.o
        72         18         24          4          0       1127   system_stm32f2xx.o
       304         24          0          0        128       2259   tim.o
       552         52          0        524        152       6394   usart.o

    ----------------------------------------------------------------------
     14270       2512       1035       1760      56200     723362   Object Totals
         0          0         32          0          0          0   (incl. Generated)
        20          0          3          0          4          0   (incl. Padding)

    ----------------------------------------------------------------------

      Code (inc. data)   RO Data    RW Data    ZI Data      Debug   Library Member Name

        56          8          0          0          0         84   __0sscanf.o
        86          0          0          0          0          0   __dczerorl2.o
        28          0          0          0          0         68   _chval.o
       812          4          0          0          0        112   _scanf.o
       332          0          0          0          0         96   _scanf_int.o
        64          0          0          0          0         84   _sgetc.o
       158          0          0          0          0         92   _strtoul.o
         8          4        133          0          0         68   ctype_o.o
         0          0          0          0          0          0   entry.o
         0          0          0          0          0          0   entry10a.o
         0          0          0          0          0          0   entry11a.o
         8          4          0          0          0          0   entry2.o
         4          0          0          0          0          0   entry5.o
         0          0          0          0          0          0   entry7b.o
         0          0          0          0          0          0   entry8b.o
         8          4          0          0          0          0   entry9a.o
         8          4          0          4          0         68   errno.o
        30          0          0          0          0          0   handlers.o
        36          8          0          0          0         68   init.o
        18          0          0          0          0         76   isspace_o.o
         0          0          0          0          0          0   iusefp.o
        30          0          0          0          0         68   llshl.o
        36          0          0          0          0         68   llsshr.o
        32          0          0          0          0         68   llushr.o
        36          0          0          0          0         68   memcpya.o
        36          0          0          0          0        108   memseta.o
      2276         86          0          0          0        520   printfa.o
        40          8          0          0          0         84   scanf_char.o
        42          0          0          0          0         84   strcasecmp.o
        28          0          0          0          0         76   strcmp.o
        14          0          0          0          0         68   strlen.o
        68          6          0          4          0         80   strtok.o
       114          0          0          0          0         92   strtoul.o
        12          0          0          0          0         68   tolower.o
        44          0          0          0          0         80   uidiv.o
        98          0          0          0          0         92   uldiv.o
        48          0          0          0          0         68   cdrcmple.o
       334          0          0          0          0        148   dadd.o
       222          0          0          0          0        100   ddiv.o
       186          0          0          0          0        176   depilogue.o
        48          0          0          0          0         68   dfixul.o
        26          0          0          0          0         76   dfltui.o
       228          0          0          0          0         96   dmul.o

    ----------------------------------------------------------------------
      5662        136        133          8          0       3172   Library Totals
         8          0          0          0          0          0   (incl. Padding)

    ----------------------------------------------------------------------

      Code (inc. data)   RO Data    RW Data    ZI Data      Debug   Library Name

      4562        136        133          8          0       2440   mc_w.l
      1092          0          0          0          0        732   mf_w.l

    ----------------------------------------------------------------------
      5662        136        133          8          0       3172   Library Totals

    ----------------------------------------------------------------------

==============================================================================


      Code (inc. data)   RO Data    RW Data    ZI Data      Debug   

     19932       2648       1168       1768      56200     719642   Grand Totals
     19932       2648       1168       1184      56200     719642   ELF Image Totals (compressed)
     19932       2648       1168       1184          0          0   ROM Totals

==============================================================================

    Total RO  Size (Code + RO Data)                21100 (  20.61kB)
    Total RW  Size (RW Data + ZI Data)             57968 (  56.61kB)
    Total ROM Size (Code + RO Data + RW Data)      22284 (  21.76kB)

==============================================================================

